-- The C compiler identification is GNU 11.4.0
-- The CXX compiler identification is GNU 11.4.0
-- Detecting C compiler ABI info
-- Detecting C compiler ABI info - done
-- Check for working C compiler: /usr/bin/cc - skipped
-- Detecting C compile features
-- Detecting C compile features - done
-- Detecting CXX compiler ABI info
-- Detecting CXX compiler ABI info - done
-- Check for working CXX compiler: /usr/bin/c++ - skipped
-- Detecting CXX compile features
-- Detecting CXX compile features - done
-- Found ament_cmake: 1.3.14 (/opt/ros/humble/share/ament_cmake/cmake)
-- Found Python3: /usr/bin/python3 (found version "3.10.12") found components: Interpreter 
-- Override CMake install command with custom implementation using symlinks instead of copying resources
-- Found class_loader: 2.2.0 (/opt/ros/humble/share/class_loader/cmake)
-- Found costmap_converter_msgs: 0.1.2 (/home/dgut/code/Nazarite/install/costmap_converter_msgs/share/costmap_converter_msgs/cmake)
-- Found rosidl_generator_c: 3.1.8 (/opt/ros/humble/share/rosidl_generator_c/cmake)
-- Found rosidl_adapter: 3.1.8 (/opt/ros/humble/share/rosidl_adapter/cmake)
-- Found rosidl_generator_cpp: 3.1.8 (/opt/ros/humble/share/rosidl_generator_cpp/cmake)
-- Using all available rosidl_typesupport_c: rosidl_typesupport_fastrtps_c;rosidl_typesupport_introspection_c
-- Using all available rosidl_typesupport_cpp: rosidl_typesupport_fastrtps_cpp;rosidl_typesupport_introspection_cpp
-- Found cv_bridge: 3.2.1 (/opt/ros/humble/share/cv_bridge/cmake)
-- Found nav2_costmap_2d: 1.1.20 (/opt/ros/humble/share/nav2_costmap_2d/cmake)
-- Found rmw_implementation_cmake: 6.1.2 (/opt/ros/humble/share/rmw_implementation_cmake/cmake)
-- Found rmw_cyclonedds_cpp: 1.3.4 (/opt/ros/humble/share/rmw_cyclonedds_cpp/cmake)
-- Using RMW implementation 'rmw_cyclonedds_cpp' as default
-- Looking for pthread.h
-- Looking for pthread.h - found
-- Performing Test CMAKE_HAVE_LIBC_PTHREAD
-- Performing Test CMAKE_HAVE_LIBC_PTHREAD - Success
-- Found Threads: TRUE  
-- Found Eigen3: TRUE (found version "3.4.0") 
-- Ensuring Eigen3 include directory is part of orocos-kdl CMake target
-- Found OpenCV: /usr (found version "4.5.4") 
-- Found ament_cmake_gtest: 1.3.14 (/opt/ros/humble/share/ament_cmake_gtest/cmake)
-- Found gtest sources under '/opt/ros/humble/src/gtest_vendor': C++ tests using 'Google Test' will be built
-- Configuring done
-- Generating done
-- Build files have been written to: /home/dgut/code/Nazarite/build/costmap_converter
[  5%] Building CXX object gtest/CMakeFiles/gtest.dir/src/gtest-all.cc.o
[ 10%] Building CXX object CMakeFiles/costmap_converter.dir/src/costmap_to_lines_ransac.cpp.o
[ 15%] Building CXX object CMakeFiles/costmap_converter.dir/src/costmap_to_polygons.cpp.o
[ 21%] Building CXX object CMakeFiles/costmap_converter.dir/src/costmap_to_polygons_concave.cpp.o
[ 26%] Building CXX object gtest/CMakeFiles/gtest_main.dir/src/gtest_main.cc.o
[ 36%] Building CXX object CMakeFiles/costmap_converter.dir/src/costmap_to_dynamic_obstacles/multitarget_tracker/HungarianAlg.cpp.o
[ 42%] Building CXX object CMakeFiles/costmap_converter.dir/src/costmap_to_dynamic_obstacles/multitarget_tracker/Kalman.cpp.o
[ 47%] Building CXX object CMakeFiles/costmap_converter.dir/src/costmap_to_dynamic_obstacles/costmap_to_dynamic_obstacles.cpp.o
[ 57%] Building CXX object CMakeFiles/costmap_converter.dir/src/costmap_to_dynamic_obstacles/multitarget_tracker/Ctracker.cpp.o
[ 63%] Building CXX object CMakeFiles/costmap_converter.dir/src/costmap_to_dynamic_obstacles/blob_detector.cpp.o
[ 63%] Building CXX object CMakeFiles/costmap_converter.dir/src/costmap_to_lines_convex_hull.cpp.o
[ 52%] Building CXX object CMakeFiles/costmap_converter.dir/src/costmap_to_dynamic_obstacles/background_subtractor.cpp.o
[ 68%] Linking CXX static library libgtest_main.a
[ 68%] Built target gtest_main
[ 73%] Linking CXX static library libgtest.a
[ 73%] Built target gtest
[ 78%] Linking CXX shared library libcostmap_converter.so
[ 78%] Built target costmap_converter
[ 84%] Building CXX object CMakeFiles/standalone_converter.dir/src/costmap_converter_node.cpp.o
[ 89%] Building CXX object CMakeFiles/test_costmap_polygons.dir/test/costmap_polygons.cpp.o
[ 94%] Linking CXX executable test_costmap_polygons
[ 94%] Built target test_costmap_polygons
[100%] Linking CXX executable standalone_converter
[100%] Built target standalone_converter
-- Install configuration: "Release"
-- Execute custom install script
-- Symlinking: /home/dgut/code/Nazarite/install/costmap_converter/lib/libcostmap_converter.so
-- Symlinking: /home/dgut/code/Nazarite/install/costmap_converter/bin/standalone_converter
-- Symlinking: /home/dgut/code/Nazarite/install/costmap_converter/include//costmap_converter/costmap_converter_interface.h
-- Symlinking: /home/dgut/code/Nazarite/install/costmap_converter/include//costmap_converter/costmap_to_dynamic_obstacles/background_subtractor.h
-- Symlinking: /home/dgut/code/Nazarite/install/costmap_converter/include//costmap_converter/costmap_to_dynamic_obstacles/blob_detector.h
-- Symlinking: /home/dgut/code/Nazarite/install/costmap_converter/include//costmap_converter/costmap_to_dynamic_obstacles/costmap_to_dynamic_obstacles.h
-- Symlinking: /home/dgut/code/Nazarite/install/costmap_converter/include//costmap_converter/costmap_to_dynamic_obstacles/multitarget_tracker/Ctracker.h
-- Symlinking: /home/dgut/code/Nazarite/install/costmap_converter/include//costmap_converter/costmap_to_dynamic_obstacles/multitarget_tracker/HungarianAlg.h
-- Symlinking: /home/dgut/code/Nazarite/install/costmap_converter/include//costmap_converter/costmap_to_dynamic_obstacles/multitarget_tracker/Kalman.h
-- Symlinking: /home/dgut/code/Nazarite/install/costmap_converter/include//costmap_converter/costmap_to_dynamic_obstacles/multitarget_tracker/README.md
-- Symlinking: /home/dgut/code/Nazarite/install/costmap_converter/include//costmap_converter/costmap_to_dynamic_obstacles/multitarget_tracker/defines.h
-- Symlinking: /home/dgut/code/Nazarite/install/costmap_converter/include//costmap_converter/costmap_to_lines_convex_hull.h
-- Symlinking: /home/dgut/code/Nazarite/install/costmap_converter/include//costmap_converter/costmap_to_lines_ransac.h
-- Symlinking: /home/dgut/code/Nazarite/install/costmap_converter/include//costmap_converter/costmap_to_polygons.h
-- Symlinking: /home/dgut/code/Nazarite/install/costmap_converter/include//costmap_converter/costmap_to_polygons_concave.h
-- Symlinking: /home/dgut/code/Nazarite/install/costmap_converter/include//costmap_converter/misc.h
-- Symlinking: /home/dgut/code/Nazarite/install/costmap_converter/share/costmap_converter/environment/library_path.sh
-- Symlinking: /home/dgut/code/Nazarite/install/costmap_converter/share/costmap_converter/environment/library_path.dsv
-- Symlinking: /home/dgut/code/Nazarite/install/costmap_converter/share/costmap_converter//costmap_converter_plugins.xml
-- Symlinking: /home/dgut/code/Nazarite/install/costmap_converter/share/ament_index/resource_index/package_run_dependencies/costmap_converter
-- Symlinking: /home/dgut/code/Nazarite/install/costmap_converter/share/ament_index/resource_index/parent_prefix_path/costmap_converter
-- Symlinking: /home/dgut/code/Nazarite/install/costmap_converter/share/costmap_converter/environment/ament_prefix_path.sh
-- Symlinking: /home/dgut/code/Nazarite/install/costmap_converter/share/costmap_converter/environment/ament_prefix_path.dsv
-- Symlinking: /home/dgut/code/Nazarite/install/costmap_converter/share/costmap_converter/environment/path.sh
-- Symlinking: /home/dgut/code/Nazarite/install/costmap_converter/share/costmap_converter/environment/path.dsv
-- Symlinking: /home/dgut/code/Nazarite/install/costmap_converter/share/costmap_converter/local_setup.bash
-- Symlinking: /home/dgut/code/Nazarite/install/costmap_converter/share/costmap_converter/local_setup.sh
-- Symlinking: /home/dgut/code/Nazarite/install/costmap_converter/share/costmap_converter/local_setup.zsh
-- Symlinking: /home/dgut/code/Nazarite/install/costmap_converter/share/costmap_converter/local_setup.dsv
-- Symlinking: /home/dgut/code/Nazarite/install/costmap_converter/share/costmap_converter/package.dsv
-- Symlinking: /home/dgut/code/Nazarite/install/costmap_converter/share/ament_index/resource_index/packages/costmap_converter
-- Symlinking: /home/dgut/code/Nazarite/install/costmap_converter/share/ament_index/resource_index/costmap_converter__pluginlib__plugin/costmap_converter
-- Symlinking: /home/dgut/code/Nazarite/install/costmap_converter/share/costmap_converter/cmake/ament_cmake_export_include_directories-extras.cmake
-- Symlinking: /home/dgut/code/Nazarite/install/costmap_converter/share/costmap_converter/cmake/ament_cmake_export_libraries-extras.cmake
-- Symlinking: /home/dgut/code/Nazarite/install/costmap_converter/share/costmap_converter/cmake/ament_cmake_export_dependencies-extras.cmake
-- Symlinking: /home/dgut/code/Nazarite/install/costmap_converter/share/costmap_converter/cmake/costmap_converterConfig.cmake
-- Symlinking: /home/dgut/code/Nazarite/install/costmap_converter/share/costmap_converter/cmake/costmap_converterConfig-version.cmake
-- Symlinking: /home/dgut/code/Nazarite/install/costmap_converter/share/costmap_converter/package.xml
