[0.021s] Invoking command in '/home/dgut/code/Nazarite/build/costmap_converter': AMENT_PREFIX_PATH=/home/dgut/code/Nazarite/install/costmap_converter_msgs:${AMENT_PREFIX_PATH} CMAKE_PREFIX_PATH=/home/dgut/code/Nazarite/install/costmap_converter_msgs:/opt/ros/humble LD_LIBRARY_PATH=/home/dgut/code/Nazarite/install/costmap_converter_msgs/lib:${LD_LIBRARY_PATH} PYTHONPATH=/home/dgut/code/Nazarite/install/costmap_converter_msgs/local/lib/python3.10/dist-packages:${PYTHONPATH} /usr/bin/cmake /home/dgut/code/Nazarite/src/costmap_converter/costmap_converter -DAMENT_CMAKE_SYMLINK_INSTALL=1 -DCMAKE_INSTALL_PREFIX=/home/dgut/code/Nazarite/install/costmap_converter
[0.094s] -- The C compiler identification is GNU 11.4.0
[0.175s] -- The CXX compiler identification is GNU 11.4.0
[0.192s] -- Detecting C compiler ABI info
[0.303s] -- Detecting C compiler ABI info - done
[0.312s] -- Check for working C compiler: /usr/bin/cc - skipped
[0.312s] -- Detecting C compile features
[0.312s] -- Detecting C compile features - done
[0.315s] -- Detecting CXX compiler ABI info
[0.512s] -- Detecting CXX compiler ABI info - done
[0.521s] -- Check for working CXX compiler: /usr/bin/c++ - skipped
[0.524s] -- Detecting CXX compile features
[0.525s] -- Detecting CXX compile features - done
[0.531s] -- Found ament_cmake: 1.3.14 (/opt/ros/humble/share/ament_cmake/cmake)
[0.853s] -- Found Python3: /usr/bin/python3 (found version "3.10.12") found components: Interpreter 
[0.962s] -- Override CMake install command with custom implementation using symlinks instead of copying resources
[1.023s] -- Found class_loader: 2.2.0 (/opt/ros/humble/share/class_loader/cmake)
[1.062s] -- Found costmap_converter_msgs: 0.1.2 (/home/dgut/code/Nazarite/install/costmap_converter_msgs/share/costmap_converter_msgs/cmake)
[1.091s] -- Found rosidl_generator_c: 3.1.8 (/opt/ros/humble/share/rosidl_generator_c/cmake)
[1.099s] -- Found rosidl_adapter: 3.1.8 (/opt/ros/humble/share/rosidl_adapter/cmake)
[1.108s] -- Found rosidl_generator_cpp: 3.1.8 (/opt/ros/humble/share/rosidl_generator_cpp/cmake)
[1.122s] -- Using all available rosidl_typesupport_c: rosidl_typesupport_fastrtps_c;rosidl_typesupport_introspection_c
[1.149s] -- Using all available rosidl_typesupport_cpp: rosidl_typesupport_fastrtps_cpp;rosidl_typesupport_introspection_cpp
[1.215s] -- Found cv_bridge: 3.2.1 (/opt/ros/humble/share/cv_bridge/cmake)
[1.247s] -- Found nav2_costmap_2d: 1.1.20 (/opt/ros/humble/share/nav2_costmap_2d/cmake)
[1.355s] -- Found rmw_implementation_cmake: 6.1.2 (/opt/ros/humble/share/rmw_implementation_cmake/cmake)
[1.356s] -- Found rmw_cyclonedds_cpp: 1.3.4 (/opt/ros/humble/share/rmw_cyclonedds_cpp/cmake)
[1.406s] -- Using RMW implementation 'rmw_cyclonedds_cpp' as default
[1.437s] -- Looking for pthread.h
[1.612s] -- Looking for pthread.h - found
[1.612s] -- Performing Test CMAKE_HAVE_LIBC_PTHREAD
[1.794s] -- Performing Test CMAKE_HAVE_LIBC_PTHREAD - Success
[1.794s] -- Found Threads: TRUE  
[2.275s] -- Found Eigen3: TRUE (found version "3.4.0") 
[2.275s] -- Ensuring Eigen3 include directory is part of orocos-kdl CMake target
[2.555s] -- Found OpenCV: /usr (found version "4.5.4") 
[2.584s] -- Found ament_cmake_gtest: 1.3.14 (/opt/ros/humble/share/ament_cmake_gtest/cmake)
[2.590s] -- Found gtest sources under '/opt/ros/humble/src/gtest_vendor': C++ tests using 'Google Test' will be built
[2.713s] -- Configuring done
[2.908s] -- Generating done
[2.929s] -- Build files have been written to: /home/dgut/code/Nazarite/build/costmap_converter
[2.958s] Invoked command in '/home/dgut/code/Nazarite/build/costmap_converter' returned '0': AMENT_PREFIX_PATH=/home/dgut/code/Nazarite/install/costmap_converter_msgs:${AMENT_PREFIX_PATH} CMAKE_PREFIX_PATH=/home/dgut/code/Nazarite/install/costmap_converter_msgs:/opt/ros/humble LD_LIBRARY_PATH=/home/dgut/code/Nazarite/install/costmap_converter_msgs/lib:${LD_LIBRARY_PATH} PYTHONPATH=/home/dgut/code/Nazarite/install/costmap_converter_msgs/local/lib/python3.10/dist-packages:${PYTHONPATH} /usr/bin/cmake /home/dgut/code/Nazarite/src/costmap_converter/costmap_converter -DAMENT_CMAKE_SYMLINK_INSTALL=1 -DCMAKE_INSTALL_PREFIX=/home/dgut/code/Nazarite/install/costmap_converter
[2.960s] Invoking command in '/home/dgut/code/Nazarite/build/costmap_converter': AMENT_PREFIX_PATH=/home/dgut/code/Nazarite/install/costmap_converter_msgs:${AMENT_PREFIX_PATH} CMAKE_PREFIX_PATH=/home/dgut/code/Nazarite/install/costmap_converter_msgs:/opt/ros/humble LD_LIBRARY_PATH=/home/dgut/code/Nazarite/install/costmap_converter_msgs/lib:${LD_LIBRARY_PATH} PYTHONPATH=/home/dgut/code/Nazarite/install/costmap_converter_msgs/local/lib/python3.10/dist-packages:${PYTHONPATH} /usr/bin/cmake --build /home/dgut/code/Nazarite/build/costmap_converter -- -j16 -l16
[3.020s] [  5%] Building CXX object gtest/CMakeFiles/gtest.dir/src/gtest-all.cc.o
[3.031s] [ 10%] Building CXX object CMakeFiles/costmap_converter.dir/src/costmap_to_lines_ransac.cpp.o
[3.034s] [ 15%] Building CXX object CMakeFiles/costmap_converter.dir/src/costmap_to_polygons.cpp.o
[3.040s] [ 21%] Building CXX object CMakeFiles/costmap_converter.dir/src/costmap_to_polygons_concave.cpp.o
[3.041s] [ 26%] Building CXX object gtest/CMakeFiles/gtest_main.dir/src/gtest_main.cc.o
[3.041s] [ 36%] Building CXX object CMakeFiles/costmap_converter.dir/src/costmap_to_dynamic_obstacles/multitarget_tracker/HungarianAlg.cpp.o
[3.048s] [ 42%] Building CXX object CMakeFiles/costmap_converter.dir/src/costmap_to_dynamic_obstacles/multitarget_tracker/Kalman.cpp.o
[3.048s] [ 47%] Building CXX object CMakeFiles/costmap_converter.dir/src/costmap_to_dynamic_obstacles/costmap_to_dynamic_obstacles.cpp.o
[3.048s] [ 57%] Building CXX object CMakeFiles/costmap_converter.dir/src/costmap_to_dynamic_obstacles/multitarget_tracker/Ctracker.cpp.o
[3.048s] [ 63%] Building CXX object CMakeFiles/costmap_converter.dir/src/costmap_to_dynamic_obstacles/blob_detector.cpp.o
[3.049s] [ 63%] Building CXX object CMakeFiles/costmap_converter.dir/src/costmap_to_lines_convex_hull.cpp.o
[3.052s] [ 52%] Building CXX object CMakeFiles/costmap_converter.dir/src/costmap_to_dynamic_obstacles/background_subtractor.cpp.o
[4.412s] [ 68%] Linking CXX static library libgtest_main.a
[4.649s] [ 68%] Built target gtest_main
[4.790s] In file included from /home/dgut/code/Nazarite/src/costmap_converter/costmap_converter/src/costmap_to_dynamic_obstacles/costmap_to_dynamic_obstacles.cpp:6:
[4.790s] /opt/ros/humble/include/tf2_geometry_msgs/tf2_geometry_msgs/tf2_geometry_msgs.h:35:2: warning: #warning This header is obsolete, please include tf2_geometry_msgs/tf2_geometry_msgs.hpp instead [-Wcpp]
[4.790s]    35 | #warning This header is obsolete, please include tf2_geometry_msgs/tf2_geometry_msgs.hpp instead
[4.791s]       |  ^~~~~~~
[8.913s] In file included from /opt/ros/humble/include/rclcpp/rclcpp/logging.hpp:24,
[8.913s]                  from /opt/ros/humble/include/rclcpp/rclcpp/client.hpp:40,
[8.913s]                  from /opt/ros/humble/include/rclcpp/rclcpp/callback_group.hpp:24,
[8.914s]                  from /opt/ros/humble/include/rclcpp/rclcpp/any_executable.hpp:20,
[8.914s]                  from /opt/ros/humble/include/rclcpp/rclcpp/memory_strategy.hpp:25,
[8.914s]                  from /opt/ros/humble/include/rclcpp/rclcpp/memory_strategies.hpp:18,
[8.914s]                  from /opt/ros/humble/include/rclcpp/rclcpp/executor_options.hpp:20,
[8.914s]                  from /opt/ros/humble/include/rclcpp/rclcpp/executor.hpp:37,
[8.914s]                  from /opt/ros/humble/include/rclcpp/rclcpp/executors/multi_threaded_executor.hpp:25,
[8.914s]                  from /opt/ros/humble/include/rclcpp/rclcpp/executors.hpp:21,
[8.914s]                  from /opt/ros/humble/include/rclcpp/rclcpp/rclcpp.hpp:155,
[8.914s]                  from /home/dgut/code/Nazarite/src/costmap_converter/costmap_converter/include/costmap_converter/costmap_to_polygons.h:42,
[8.914s]                  from /home/dgut/code/Nazarite/src/costmap_converter/costmap_converter/include/costmap_converter/costmap_to_polygons_concave.h:42,
[8.914s]                  from /home/dgut/code/Nazarite/src/costmap_converter/costmap_converter/src/costmap_to_polygons_concave.cpp:39:
[8.914s] /home/dgut/code/Nazarite/src/costmap_converter/costmap_converter/include/costmap_converter/costmap_converter_interface.h: In member function ‘void costmap_converter::BaseCostmapToPolygons::startWorker(rclcpp::GenericRate<std::chrono::_V2::system_clock>::SharedPtr, nav2_costmap_2d::Costmap2D*, bool)’:
[8.914s] /home/dgut/code/Nazarite/src/costmap_converter/costmap_converter/include/costmap_converter/costmap_converter_interface.h:197:41: warning: too many arguments for format [-Wformat-extra-args]
[8.914s]   197 |         RCLCPP_DEBUG(nh_->get_logger(), "costmap_converter", "Spinning up a thread for the CostmapToPolygons plugin");
[8.914s]       |                                         ^~~~~~~~~~~~~~~~~~~
[8.941s] /home/dgut/code/Nazarite/src/costmap_converter/costmap_converter/include/costmap_converter/costmap_converter_interface.h: In member function ‘void costmap_converter::BaseCostmapToDynamicObstacles::loadStaticCostmapConverterPlugin(const string&, rclcpp::Node::SharedPtr)’:
[8.941s] /home/dgut/code/Nazarite/src/costmap_converter/costmap_converter/include/costmap_converter/costmap_converter_interface.h:313:32: warning: format ‘%s’ expects argument of type ‘char*’, but argument 5 has type ‘const string’ {aka ‘const std::__cxx11::basic_string<char>’} [-Wformat=]
[8.941s]   313 |       RCLCPP_INFO(getLogger(), "CostmapToDynamicObstacles: underlying costmap conversion plugin for static obstacles %s loaded.", plugin_name);
[8.941s]       |                                ^~~~~~~~~~~~~~~~~~~~~~~~~~~~~~~~~~~~~~~~~~~~~~~~~~~~~~~~~~~~~~~~~~~~~~~~~~~~~~~~~~~~~~~~~~~~~~~~~
[8.941s] In file included from /home/dgut/code/Nazarite/src/costmap_converter/costmap_converter/include/costmap_converter/costmap_to_polygons.h:43,
[8.941s]                  from /home/dgut/code/Nazarite/src/costmap_converter/costmap_converter/include/costmap_converter/costmap_to_polygons_concave.h:42,
[8.941s]                  from /home/dgut/code/Nazarite/src/costmap_converter/costmap_converter/src/costmap_to_polygons_concave.cpp:39:
[8.941s] /home/dgut/code/Nazarite/src/costmap_converter/costmap_converter/include/costmap_converter/costmap_converter_interface.h:313:119: note: format string is defined here
[8.941s]   313 |       RCLCPP_INFO(getLogger(), "CostmapToDynamicObstacles: underlying costmap conversion plugin for static obstacles %s loaded.", plugin_name);
[8.941s]       |                                                                                                                      ~^
[8.941s]       |                                                                                                                       |
[8.941s]       |                                                                                                                       char*
[9.509s] In file included from /opt/ros/humble/include/rclcpp/rclcpp/logging.hpp:24,
[9.509s]                  from /opt/ros/humble/include/rclcpp/rclcpp/client.hpp:40,
[9.510s]                  from /opt/ros/humble/include/rclcpp/rclcpp/callback_group.hpp:24,
[9.510s]                  from /opt/ros/humble/include/rclcpp/rclcpp/any_executable.hpp:20,
[9.510s]                  from /opt/ros/humble/include/rclcpp/rclcpp/memory_strategy.hpp:25,
[9.510s]                  from /opt/ros/humble/include/rclcpp/rclcpp/memory_strategies.hpp:18,
[9.510s]                  from /opt/ros/humble/include/rclcpp/rclcpp/executor_options.hpp:20,
[9.510s]                  from /opt/ros/humble/include/rclcpp/rclcpp/executor.hpp:37,
[9.510s]                  from /opt/ros/humble/include/rclcpp/rclcpp/executors/multi_threaded_executor.hpp:25,
[9.510s]                  from /opt/ros/humble/include/rclcpp/rclcpp/executors.hpp:21,
[9.510s]                  from /opt/ros/humble/include/rclcpp/rclcpp/rclcpp.hpp:155,
[9.510s]                  from /home/dgut/code/Nazarite/src/costmap_converter/costmap_converter/include/costmap_converter/costmap_converter_interface.h:46,
[9.510s]                  from /home/dgut/code/Nazarite/src/costmap_converter/costmap_converter/include/costmap_converter/costmap_to_lines_convex_hull.h:42,
[9.510s]                  from /home/dgut/code/Nazarite/src/costmap_converter/costmap_converter/src/costmap_to_lines_convex_hull.cpp:39:
[9.510s] /home/dgut/code/Nazarite/src/costmap_converter/costmap_converter/include/costmap_converter/costmap_converter_interface.h: In member function ‘void costmap_converter::BaseCostmapToPolygons::startWorker(rclcpp::GenericRate<std::chrono::_V2::system_clock>::SharedPtr, nav2_costmap_2d::Costmap2D*, bool)’:
[9.510s] /home/dgut/code/Nazarite/src/costmap_converter/costmap_converter/include/costmap_converter/costmap_converter_interface.h:197:41: warning: too many arguments for format [-Wformat-extra-args]
[9.510s]   197 |         RCLCPP_DEBUG(nh_->get_logger(), "costmap_converter", "Spinning up a thread for the CostmapToPolygons plugin");
[9.510s]       |                                         ^~~~~~~~~~~~~~~~~~~
[9.538s] /home/dgut/code/Nazarite/src/costmap_converter/costmap_converter/include/costmap_converter/costmap_converter_interface.h: In member function ‘void costmap_converter::BaseCostmapToDynamicObstacles::loadStaticCostmapConverterPlugin(const string&, rclcpp::Node::SharedPtr)’:
[9.538s] /home/dgut/code/Nazarite/src/costmap_converter/costmap_converter/include/costmap_converter/costmap_converter_interface.h:313:32: warning: format ‘%s’ expects argument of type ‘char*’, but argument 5 has type ‘const string’ {aka ‘const std::__cxx11::basic_string<char>’} [-Wformat=]
[9.538s]   313 |       RCLCPP_INFO(getLogger(), "CostmapToDynamicObstacles: underlying costmap conversion plugin for static obstacles %s loaded.", plugin_name);
[9.538s]       |                                ^~~~~~~~~~~~~~~~~~~~~~~~~~~~~~~~~~~~~~~~~~~~~~~~~~~~~~~~~~~~~~~~~~~~~~~~~~~~~~~~~~~~~~~~~~~~~~~~~
[9.538s] In file included from /home/dgut/code/Nazarite/src/costmap_converter/costmap_converter/include/costmap_converter/costmap_to_lines_convex_hull.h:42,
[9.538s]                  from /home/dgut/code/Nazarite/src/costmap_converter/costmap_converter/src/costmap_to_lines_convex_hull.cpp:39:
[9.538s] /home/dgut/code/Nazarite/src/costmap_converter/costmap_converter/include/costmap_converter/costmap_converter_interface.h:313:119: note: format string is defined here
[9.539s]   313 |       RCLCPP_INFO(getLogger(), "CostmapToDynamicObstacles: underlying costmap conversion plugin for static obstacles %s loaded.", plugin_name);
[9.539s]       |                                                                                                                      ~^
[9.539s]       |                                                                                                                       |
[9.539s]       |                                                                                                                       char*
[9.886s] In file included from /opt/ros/humble/include/rclcpp/rclcpp/logging.hpp:24,
[9.886s]                  from /opt/ros/humble/include/rclcpp/rclcpp/client.hpp:40,
[9.886s]                  from /opt/ros/humble/include/rclcpp/rclcpp/callback_group.hpp:24,
[9.886s]                  from /opt/ros/humble/include/rclcpp/rclcpp/any_executable.hpp:20,
[9.886s]                  from /opt/ros/humble/include/rclcpp/rclcpp/memory_strategy.hpp:25,
[9.887s]                  from /opt/ros/humble/include/rclcpp/rclcpp/memory_strategies.hpp:18,
[9.887s]                  from /opt/ros/humble/include/rclcpp/rclcpp/executor_options.hpp:20,
[9.887s]                  from /opt/ros/humble/include/rclcpp/rclcpp/executor.hpp:37,
[9.887s]                  from /opt/ros/humble/include/rclcpp/rclcpp/executors/multi_threaded_executor.hpp:25,
[9.887s]                  from /opt/ros/humble/include/rclcpp/rclcpp/executors.hpp:21,
[9.887s]                  from /opt/ros/humble/include/rclcpp/rclcpp/rclcpp.hpp:155,
[9.887s]                  from /home/dgut/code/Nazarite/src/costmap_converter/costmap_converter/include/costmap_converter/costmap_converter_interface.h:46,
[9.887s]                  from /home/dgut/code/Nazarite/src/costmap_converter/costmap_converter/include/costmap_converter/costmap_to_dynamic_obstacles/costmap_to_dynamic_obstacles.h:47,
[9.887s]                  from /home/dgut/code/Nazarite/src/costmap_converter/costmap_converter/src/costmap_to_dynamic_obstacles/costmap_to_dynamic_obstacles.cpp:1:
[9.887s] /home/dgut/code/Nazarite/src/costmap_converter/costmap_converter/include/costmap_converter/costmap_converter_interface.h: In member function ‘void costmap_converter::BaseCostmapToPolygons::startWorker(rclcpp::GenericRate<std::chrono::_V2::system_clock>::SharedPtr, nav2_costmap_2d::Costmap2D*, bool)’:
[9.887s] /home/dgut/code/Nazarite/src/costmap_converter/costmap_converter/include/costmap_converter/costmap_converter_interface.h:197:41: warning: too many arguments for format [-Wformat-extra-args]
[9.887s]   197 |         RCLCPP_DEBUG(nh_->get_logger(), "costmap_converter", "Spinning up a thread for the CostmapToPolygons plugin");
[9.887s]       |                                         ^~~~~~~~~~~~~~~~~~~
[9.915s] /home/dgut/code/Nazarite/src/costmap_converter/costmap_converter/include/costmap_converter/costmap_converter_interface.h: In member function ‘void costmap_converter::BaseCostmapToDynamicObstacles::loadStaticCostmapConverterPlugin(const string&, rclcpp::Node::SharedPtr)’:
[9.915s] /home/dgut/code/Nazarite/src/costmap_converter/costmap_converter/include/costmap_converter/costmap_converter_interface.h:313:32: warning: format ‘%s’ expects argument of type ‘char*’, but argument 5 has type ‘const string’ {aka ‘const std::__cxx11::basic_string<char>’} [-Wformat=]
[9.915s]   313 |       RCLCPP_INFO(getLogger(), "CostmapToDynamicObstacles: underlying costmap conversion plugin for static obstacles %s loaded.", plugin_name);
[9.915s]       |                                ^~~~~~~~~~~~~~~~~~~~~~~~~~~~~~~~~~~~~~~~~~~~~~~~~~~~~~~~~~~~~~~~~~~~~~~~~~~~~~~~~~~~~~~~~~~~~~~~~
[9.915s] In file included from /home/dgut/code/Nazarite/src/costmap_converter/costmap_converter/include/costmap_converter/costmap_to_dynamic_obstacles/costmap_to_dynamic_obstacles.h:47,
[9.915s]                  from /home/dgut/code/Nazarite/src/costmap_converter/costmap_converter/src/costmap_to_dynamic_obstacles/costmap_to_dynamic_obstacles.cpp:1:
[9.915s] /home/dgut/code/Nazarite/src/costmap_converter/costmap_converter/include/costmap_converter/costmap_converter_interface.h:313:119: note: format string is defined here
[9.915s]   313 |       RCLCPP_INFO(getLogger(), "CostmapToDynamicObstacles: underlying costmap conversion plugin for static obstacles %s loaded.", plugin_name);
[9.915s]       |                                                                                                                      ~^
[9.915s]       |                                                                                                                       |
[9.916s]       |                                                                                                                       char*
[10.039s] In file included from /opt/ros/humble/include/rclcpp/rclcpp/logging.hpp:24,
[10.039s]                  from /opt/ros/humble/include/rclcpp/rclcpp/client.hpp:40,
[10.040s]                  from /opt/ros/humble/include/rclcpp/rclcpp/callback_group.hpp:24,
[10.040s]                  from /opt/ros/humble/include/rclcpp/rclcpp/any_executable.hpp:20,
[10.040s]                  from /opt/ros/humble/include/rclcpp/rclcpp/memory_strategy.hpp:25,
[10.040s]                  from /opt/ros/humble/include/rclcpp/rclcpp/memory_strategies.hpp:18,
[10.041s]                  from /opt/ros/humble/include/rclcpp/rclcpp/executor_options.hpp:20,
[10.041s]                  from /opt/ros/humble/include/rclcpp/rclcpp/executor.hpp:37,
[10.041s]                  from /opt/ros/humble/include/rclcpp/rclcpp/executors/multi_threaded_executor.hpp:25,
[10.041s]                  from /opt/ros/humble/include/rclcpp/rclcpp/executors.hpp:21,
[10.041s]                  from /opt/ros/humble/include/rclcpp/rclcpp/rclcpp.hpp:155,
[10.041s]                  from /home/dgut/code/Nazarite/src/costmap_converter/costmap_converter/include/costmap_converter/costmap_converter_interface.h:46,
[10.041s]                  from /home/dgut/code/Nazarite/src/costmap_converter/costmap_converter/include/costmap_converter/costmap_to_lines_ransac.h:42,
[10.041s]                  from /home/dgut/code/Nazarite/src/costmap_converter/costmap_converter/src/costmap_to_lines_ransac.cpp:39:
[10.041s] /home/dgut/code/Nazarite/src/costmap_converter/costmap_converter/include/costmap_converter/costmap_converter_interface.h: In member function ‘void costmap_converter::BaseCostmapToPolygons::startWorker(rclcpp::GenericRate<std::chrono::_V2::system_clock>::SharedPtr, nav2_costmap_2d::Costmap2D*, bool)’:
[10.041s] /home/dgut/code/Nazarite/src/costmap_converter/costmap_converter/include/costmap_converter/costmap_converter_interface.h:197:41: warning: too many arguments for format [-Wformat-extra-args]
[10.041s]   197 |         RCLCPP_DEBUG(nh_->get_logger(), "costmap_converter", "Spinning up a thread for the CostmapToPolygons plugin");
[10.041s]       |                                         ^~~~~~~~~~~~~~~~~~~
[10.070s] /home/dgut/code/Nazarite/src/costmap_converter/costmap_converter/include/costmap_converter/costmap_converter_interface.h: In member function ‘void costmap_converter::BaseCostmapToDynamicObstacles::loadStaticCostmapConverterPlugin(const string&, rclcpp::Node::SharedPtr)’:
[10.070s] /home/dgut/code/Nazarite/src/costmap_converter/costmap_converter/include/costmap_converter/costmap_converter_interface.h:313:32: warning: format ‘%s’ expects argument of type ‘char*’, but argument 5 has type ‘const string’ {aka ‘const std::__cxx11::basic_string<char>’} [-Wformat=]
[10.070s]   313 |       RCLCPP_INFO(getLogger(), "CostmapToDynamicObstacles: underlying costmap conversion plugin for static obstacles %s loaded.", plugin_name);
[10.070s]       |                                ^~~~~~~~~~~~~~~~~~~~~~~~~~~~~~~~~~~~~~~~~~~~~~~~~~~~~~~~~~~~~~~~~~~~~~~~~~~~~~~~~~~~~~~~~~~~~~~~~
[10.070s] In file included from /home/dgut/code/Nazarite/src/costmap_converter/costmap_converter/include/costmap_converter/costmap_to_lines_ransac.h:42,
[10.070s]                  from /home/dgut/code/Nazarite/src/costmap_converter/costmap_converter/src/costmap_to_lines_ransac.cpp:39:
[10.070s] /home/dgut/code/Nazarite/src/costmap_converter/costmap_converter/include/costmap_converter/costmap_converter_interface.h:313:119: note: format string is defined here
[10.070s]   313 |       RCLCPP_INFO(getLogger(), "CostmapToDynamicObstacles: underlying costmap conversion plugin for static obstacles %s loaded.", plugin_name);
[10.070s]       |                                                                                                                      ~^
[10.070s]       |                                                                                                                       |
[10.070s]       |                                                                                                                       char*
[10.246s] In file included from /opt/ros/humble/include/rclcpp/rclcpp/logging.hpp:24,
[10.247s]                  from /opt/ros/humble/include/rclcpp/rclcpp/client.hpp:40,
[10.247s]                  from /opt/ros/humble/include/rclcpp/rclcpp/callback_group.hpp:24,
[10.247s]                  from /opt/ros/humble/include/rclcpp/rclcpp/any_executable.hpp:20,
[10.247s]                  from /opt/ros/humble/include/rclcpp/rclcpp/memory_strategy.hpp:25,
[10.247s]                  from /opt/ros/humble/include/rclcpp/rclcpp/memory_strategies.hpp:18,
[10.247s]                  from /opt/ros/humble/include/rclcpp/rclcpp/executor_options.hpp:20,
[10.247s]                  from /opt/ros/humble/include/rclcpp/rclcpp/executor.hpp:37,
[10.247s]                  from /opt/ros/humble/include/rclcpp/rclcpp/executors/multi_threaded_executor.hpp:25,
[10.247s]                  from /opt/ros/humble/include/rclcpp/rclcpp/executors.hpp:21,
[10.247s]                  from /opt/ros/humble/include/rclcpp/rclcpp/rclcpp.hpp:155,
[10.247s]                  from /home/dgut/code/Nazarite/src/costmap_converter/costmap_converter/include/costmap_converter/costmap_to_polygons.h:42,
[10.247s]                  from /home/dgut/code/Nazarite/src/costmap_converter/costmap_converter/src/costmap_to_polygons.cpp:39:
[10.247s] /home/dgut/code/Nazarite/src/costmap_converter/costmap_converter/include/costmap_converter/costmap_converter_interface.h: In member function ‘void costmap_converter::BaseCostmapToPolygons::startWorker(rclcpp::GenericRate<std::chrono::_V2::system_clock>::SharedPtr, nav2_costmap_2d::Costmap2D*, bool)’:
[10.247s] /home/dgut/code/Nazarite/src/costmap_converter/costmap_converter/include/costmap_converter/costmap_converter_interface.h:197:41: warning: too many arguments for format [-Wformat-extra-args]
[10.247s]   197 |         RCLCPP_DEBUG(nh_->get_logger(), "costmap_converter", "Spinning up a thread for the CostmapToPolygons plugin");
[10.247s]       |                                         ^~~~~~~~~~~~~~~~~~~
[10.271s] /home/dgut/code/Nazarite/src/costmap_converter/costmap_converter/include/costmap_converter/costmap_converter_interface.h: In member function ‘void costmap_converter::BaseCostmapToDynamicObstacles::loadStaticCostmapConverterPlugin(const string&, rclcpp::Node::SharedPtr)’:
[10.271s] /home/dgut/code/Nazarite/src/costmap_converter/costmap_converter/include/costmap_converter/costmap_converter_interface.h:313:32: warning: format ‘%s’ expects argument of type ‘char*’, but argument 5 has type ‘const string’ {aka ‘const std::__cxx11::basic_string<char>’} [-Wformat=]
[10.271s]   313 |       RCLCPP_INFO(getLogger(), "CostmapToDynamicObstacles: underlying costmap conversion plugin for static obstacles %s loaded.", plugin_name);
[10.271s]       |                                ^~~~~~~~~~~~~~~~~~~~~~~~~~~~~~~~~~~~~~~~~~~~~~~~~~~~~~~~~~~~~~~~~~~~~~~~~~~~~~~~~~~~~~~~~~~~~~~~~
[10.271s] In file included from /home/dgut/code/Nazarite/src/costmap_converter/costmap_converter/include/costmap_converter/costmap_to_polygons.h:43,
[10.271s]                  from /home/dgut/code/Nazarite/src/costmap_converter/costmap_converter/src/costmap_to_polygons.cpp:39:
[10.271s] /home/dgut/code/Nazarite/src/costmap_converter/costmap_converter/include/costmap_converter/costmap_converter_interface.h:313:119: note: format string is defined here
[10.271s]   313 |       RCLCPP_INFO(getLogger(), "CostmapToDynamicObstacles: underlying costmap conversion plugin for static obstacles %s loaded.", plugin_name);
[10.271s]       |                                                                                                                      ~^
[10.271s]       |                                                                                                                       |
[10.271s]       |                                                                                                                       char*
[11.349s] [ 73%] Linking CXX static library libgtest.a
[11.431s] [ 73%] Built target gtest
[23.169s] [ 78%] Linking CXX shared library libcostmap_converter.so
[23.735s] [ 78%] Built target costmap_converter
[23.783s] [ 84%] Building CXX object CMakeFiles/standalone_converter.dir/src/costmap_converter_node.cpp.o
[23.799s] [ 89%] Building CXX object CMakeFiles/test_costmap_polygons.dir/test/costmap_polygons.cpp.o
[28.279s] In file included from /opt/ros/humble/include/rclcpp/rclcpp/logging.hpp:24,
[28.279s]                  from /opt/ros/humble/include/rclcpp/rclcpp/client.hpp:40,
[28.279s]                  from /opt/ros/humble/include/rclcpp/rclcpp/callback_group.hpp:24,
[28.279s]                  from /opt/ros/humble/include/rclcpp/rclcpp/any_executable.hpp:20,
[28.279s]                  from /opt/ros/humble/include/rclcpp/rclcpp/memory_strategy.hpp:25,
[28.279s]                  from /opt/ros/humble/include/rclcpp/rclcpp/memory_strategies.hpp:18,
[28.279s]                  from /opt/ros/humble/include/rclcpp/rclcpp/executor_options.hpp:20,
[28.279s]                  from /opt/ros/humble/include/rclcpp/rclcpp/executor.hpp:37,
[28.279s]                  from /opt/ros/humble/include/rclcpp/rclcpp/executors/multi_threaded_executor.hpp:25,
[28.279s]                  from /opt/ros/humble/include/rclcpp/rclcpp/executors.hpp:21,
[28.279s]                  from /opt/ros/humble/include/rclcpp/rclcpp/rclcpp.hpp:155,
[28.279s]                  from /home/dgut/code/Nazarite/src/costmap_converter/costmap_converter/src/costmap_converter_node.cpp:40:
[28.279s] /home/dgut/code/Nazarite/src/costmap_converter/costmap_converter/include/costmap_converter/costmap_converter_interface.h: In member function ‘void costmap_converter::BaseCostmapToPolygons::startWorker(rclcpp::GenericRate<std::chrono::_V2::system_clock>::SharedPtr, nav2_costmap_2d::Costmap2D*, bool)’:
[28.279s] /home/dgut/code/Nazarite/src/costmap_converter/costmap_converter/include/costmap_converter/costmap_converter_interface.h:197:41: warning: too many arguments for format [-Wformat-extra-args]
[28.279s]   197 |         RCLCPP_DEBUG(nh_->get_logger(), "costmap_converter", "Spinning up a thread for the CostmapToPolygons plugin");
[28.279s]       |                                         ^~~~~~~~~~~~~~~~~~~
[28.304s] /home/dgut/code/Nazarite/src/costmap_converter/costmap_converter/include/costmap_converter/costmap_converter_interface.h: In member function ‘void costmap_converter::BaseCostmapToDynamicObstacles::loadStaticCostmapConverterPlugin(const string&, rclcpp::Node::SharedPtr)’:
[28.304s] /home/dgut/code/Nazarite/src/costmap_converter/costmap_converter/include/costmap_converter/costmap_converter_interface.h:313:32: warning: format ‘%s’ expects argument of type ‘char*’, but argument 5 has type ‘const string’ {aka ‘const std::__cxx11::basic_string<char>’} [-Wformat=]
[28.304s]   313 |       RCLCPP_INFO(getLogger(), "CostmapToDynamicObstacles: underlying costmap conversion plugin for static obstacles %s loaded.", plugin_name);
[28.304s]       |                                ^~~~~~~~~~~~~~~~~~~~~~~~~~~~~~~~~~~~~~~~~~~~~~~~~~~~~~~~~~~~~~~~~~~~~~~~~~~~~~~~~~~~~~~~~~~~~~~~~
[28.304s] In file included from /home/dgut/code/Nazarite/src/costmap_converter/costmap_converter/src/costmap_converter_node.cpp:47:
[28.304s] /home/dgut/code/Nazarite/src/costmap_converter/costmap_converter/include/costmap_converter/costmap_converter_interface.h:313:119: note: format string is defined here
[28.304s]   313 |       RCLCPP_INFO(getLogger(), "CostmapToDynamicObstacles: underlying costmap conversion plugin for static obstacles %s loaded.", plugin_name);
[28.304s]       |                                                                                                                      ~^
[28.305s]       |                                                                                                                       |
[28.305s]       |                                                                                                                       char*
[29.512s] In file included from /opt/ros/humble/include/rclcpp/rclcpp/logging.hpp:24,
[29.512s]                  from /opt/ros/humble/include/rclcpp/rclcpp/client.hpp:40,
[29.513s]                  from /opt/ros/humble/include/rclcpp/rclcpp/callback_group.hpp:24,
[29.513s]                  from /opt/ros/humble/include/rclcpp/rclcpp/any_executable.hpp:20,
[29.513s]                  from /opt/ros/humble/include/rclcpp/rclcpp/memory_strategy.hpp:25,
[29.513s]                  from /opt/ros/humble/include/rclcpp/rclcpp/memory_strategies.hpp:18,
[29.513s]                  from /opt/ros/humble/include/rclcpp/rclcpp/executor_options.hpp:20,
[29.513s]                  from /opt/ros/humble/include/rclcpp/rclcpp/executor.hpp:37,
[29.513s]                  from /opt/ros/humble/include/rclcpp/rclcpp/executors/multi_threaded_executor.hpp:25,
[29.513s]                  from /opt/ros/humble/include/rclcpp/rclcpp/executors.hpp:21,
[29.513s]                  from /opt/ros/humble/include/rclcpp/rclcpp/rclcpp.hpp:155,
[29.513s]                  from /home/dgut/code/Nazarite/src/costmap_converter/costmap_converter/include/costmap_converter/costmap_to_polygons.h:42,
[29.513s]                  from /home/dgut/code/Nazarite/src/costmap_converter/costmap_converter/test/costmap_polygons.cpp:5:
[29.513s] /home/dgut/code/Nazarite/src/costmap_converter/costmap_converter/include/costmap_converter/costmap_converter_interface.h: In member function ‘void costmap_converter::BaseCostmapToPolygons::startWorker(rclcpp::GenericRate<std::chrono::_V2::system_clock>::SharedPtr, nav2_costmap_2d::Costmap2D*, bool)’:
[29.513s] /home/dgut/code/Nazarite/src/costmap_converter/costmap_converter/include/costmap_converter/costmap_converter_interface.h:197:41: warning: too many arguments for format [-Wformat-extra-args]
[29.513s]   197 |         RCLCPP_DEBUG(nh_->get_logger(), "costmap_converter", "Spinning up a thread for the CostmapToPolygons plugin");
[29.513s]       |                                         ^~~~~~~~~~~~~~~~~~~
[29.533s] /home/dgut/code/Nazarite/src/costmap_converter/costmap_converter/include/costmap_converter/costmap_converter_interface.h: In member function ‘void costmap_converter::BaseCostmapToDynamicObstacles::loadStaticCostmapConverterPlugin(const string&, rclcpp::Node::SharedPtr)’:
[29.533s] /home/dgut/code/Nazarite/src/costmap_converter/costmap_converter/include/costmap_converter/costmap_converter_interface.h:313:32: warning: format ‘%s’ expects argument of type ‘char*’, but argument 5 has type ‘const string’ {aka ‘const std::__cxx11::basic_string<char>’} [-Wformat=]
[29.533s]   313 |       RCLCPP_INFO(getLogger(), "CostmapToDynamicObstacles: underlying costmap conversion plugin for static obstacles %s loaded.", plugin_name);
[29.533s]       |                                ^~~~~~~~~~~~~~~~~~~~~~~~~~~~~~~~~~~~~~~~~~~~~~~~~~~~~~~~~~~~~~~~~~~~~~~~~~~~~~~~~~~~~~~~~~~~~~~~~
[29.533s] In file included from /home/dgut/code/Nazarite/src/costmap_converter/costmap_converter/include/costmap_converter/costmap_to_polygons.h:43,
[29.533s]                  from /home/dgut/code/Nazarite/src/costmap_converter/costmap_converter/test/costmap_polygons.cpp:5:
[29.533s] /home/dgut/code/Nazarite/src/costmap_converter/costmap_converter/include/costmap_converter/costmap_converter_interface.h:313:119: note: format string is defined here
[29.534s]   313 |       RCLCPP_INFO(getLogger(), "CostmapToDynamicObstacles: underlying costmap conversion plugin for static obstacles %s loaded.", plugin_name);
[29.534s]       |                                                                                                                      ~^
[29.534s]       |                                                                                                                       |
[29.534s]       |                                                                                                                       char*
[32.854s] [ 94%] Linking CXX executable test_costmap_polygons
[33.599s] [ 94%] Built target test_costmap_polygons
[36.883s] [100%] Linking CXX executable standalone_converter
[37.111s] [100%] Built target standalone_converter
[37.121s] Invoked command in '/home/dgut/code/Nazarite/build/costmap_converter' returned '0': AMENT_PREFIX_PATH=/home/dgut/code/Nazarite/install/costmap_converter_msgs:${AMENT_PREFIX_PATH} CMAKE_PREFIX_PATH=/home/dgut/code/Nazarite/install/costmap_converter_msgs:/opt/ros/humble LD_LIBRARY_PATH=/home/dgut/code/Nazarite/install/costmap_converter_msgs/lib:${LD_LIBRARY_PATH} PYTHONPATH=/home/dgut/code/Nazarite/install/costmap_converter_msgs/local/lib/python3.10/dist-packages:${PYTHONPATH} /usr/bin/cmake --build /home/dgut/code/Nazarite/build/costmap_converter -- -j16 -l16
[37.123s] Invoking command in '/home/dgut/code/Nazarite/build/costmap_converter': AMENT_PREFIX_PATH=/home/dgut/code/Nazarite/install/costmap_converter_msgs:${AMENT_PREFIX_PATH} CMAKE_PREFIX_PATH=/home/dgut/code/Nazarite/install/costmap_converter_msgs:/opt/ros/humble LD_LIBRARY_PATH=/home/dgut/code/Nazarite/install/costmap_converter_msgs/lib:${LD_LIBRARY_PATH} PYTHONPATH=/home/dgut/code/Nazarite/install/costmap_converter_msgs/local/lib/python3.10/dist-packages:${PYTHONPATH} /usr/bin/cmake --install /home/dgut/code/Nazarite/build/costmap_converter
[37.129s] -- Install configuration: "Release"
[37.129s] -- Execute custom install script
[37.130s] -- Symlinking: /home/dgut/code/Nazarite/install/costmap_converter/lib/libcostmap_converter.so
[37.139s] -- Symlinking: /home/dgut/code/Nazarite/install/costmap_converter/bin/standalone_converter
[37.150s] -- Symlinking: /home/dgut/code/Nazarite/install/costmap_converter/include//costmap_converter/costmap_converter_interface.h
[37.158s] -- Symlinking: /home/dgut/code/Nazarite/install/costmap_converter/include//costmap_converter/costmap_to_dynamic_obstacles/background_subtractor.h
[37.166s] -- Symlinking: /home/dgut/code/Nazarite/install/costmap_converter/include//costmap_converter/costmap_to_dynamic_obstacles/blob_detector.h
[37.174s] -- Symlinking: /home/dgut/code/Nazarite/install/costmap_converter/include//costmap_converter/costmap_to_dynamic_obstacles/costmap_to_dynamic_obstacles.h
[37.183s] -- Symlinking: /home/dgut/code/Nazarite/install/costmap_converter/include//costmap_converter/costmap_to_dynamic_obstacles/multitarget_tracker/Ctracker.h
[37.191s] -- Symlinking: /home/dgut/code/Nazarite/install/costmap_converter/include//costmap_converter/costmap_to_dynamic_obstacles/multitarget_tracker/HungarianAlg.h
[37.199s] -- Symlinking: /home/dgut/code/Nazarite/install/costmap_converter/include//costmap_converter/costmap_to_dynamic_obstacles/multitarget_tracker/Kalman.h
[37.207s] -- Symlinking: /home/dgut/code/Nazarite/install/costmap_converter/include//costmap_converter/costmap_to_dynamic_obstacles/multitarget_tracker/README.md
[37.215s] -- Symlinking: /home/dgut/code/Nazarite/install/costmap_converter/include//costmap_converter/costmap_to_dynamic_obstacles/multitarget_tracker/defines.h
[37.222s] -- Symlinking: /home/dgut/code/Nazarite/install/costmap_converter/include//costmap_converter/costmap_to_lines_convex_hull.h
[37.230s] -- Symlinking: /home/dgut/code/Nazarite/install/costmap_converter/include//costmap_converter/costmap_to_lines_ransac.h
[37.238s] -- Symlinking: /home/dgut/code/Nazarite/install/costmap_converter/include//costmap_converter/costmap_to_polygons.h
[37.247s] -- Symlinking: /home/dgut/code/Nazarite/install/costmap_converter/include//costmap_converter/costmap_to_polygons_concave.h
[37.255s] -- Symlinking: /home/dgut/code/Nazarite/install/costmap_converter/include//costmap_converter/misc.h
[37.263s] -- Symlinking: /home/dgut/code/Nazarite/install/costmap_converter/share/costmap_converter/environment/library_path.sh
[37.271s] -- Symlinking: /home/dgut/code/Nazarite/install/costmap_converter/share/costmap_converter/environment/library_path.dsv
[37.279s] -- Symlinking: /home/dgut/code/Nazarite/install/costmap_converter/share/costmap_converter//costmap_converter_plugins.xml
[37.287s] -- Symlinking: /home/dgut/code/Nazarite/install/costmap_converter/share/ament_index/resource_index/package_run_dependencies/costmap_converter
[37.295s] -- Symlinking: /home/dgut/code/Nazarite/install/costmap_converter/share/ament_index/resource_index/parent_prefix_path/costmap_converter
[37.304s] -- Symlinking: /home/dgut/code/Nazarite/install/costmap_converter/share/costmap_converter/environment/ament_prefix_path.sh
[37.312s] -- Symlinking: /home/dgut/code/Nazarite/install/costmap_converter/share/costmap_converter/environment/ament_prefix_path.dsv
[37.320s] -- Symlinking: /home/dgut/code/Nazarite/install/costmap_converter/share/costmap_converter/environment/path.sh
[37.328s] -- Symlinking: /home/dgut/code/Nazarite/install/costmap_converter/share/costmap_converter/environment/path.dsv
[37.335s] -- Symlinking: /home/dgut/code/Nazarite/install/costmap_converter/share/costmap_converter/local_setup.bash
[37.344s] -- Symlinking: /home/dgut/code/Nazarite/install/costmap_converter/share/costmap_converter/local_setup.sh
[37.352s] -- Symlinking: /home/dgut/code/Nazarite/install/costmap_converter/share/costmap_converter/local_setup.zsh
[37.359s] -- Symlinking: /home/dgut/code/Nazarite/install/costmap_converter/share/costmap_converter/local_setup.dsv
[37.367s] -- Symlinking: /home/dgut/code/Nazarite/install/costmap_converter/share/costmap_converter/package.dsv
[37.375s] -- Symlinking: /home/dgut/code/Nazarite/install/costmap_converter/share/ament_index/resource_index/packages/costmap_converter
[37.384s] -- Symlinking: /home/dgut/code/Nazarite/install/costmap_converter/share/ament_index/resource_index/costmap_converter__pluginlib__plugin/costmap_converter
[37.391s] -- Symlinking: /home/dgut/code/Nazarite/install/costmap_converter/share/costmap_converter/cmake/ament_cmake_export_include_directories-extras.cmake
[37.400s] -- Symlinking: /home/dgut/code/Nazarite/install/costmap_converter/share/costmap_converter/cmake/ament_cmake_export_libraries-extras.cmake
[37.408s] -- Symlinking: /home/dgut/code/Nazarite/install/costmap_converter/share/costmap_converter/cmake/ament_cmake_export_dependencies-extras.cmake
[37.416s] -- Symlinking: /home/dgut/code/Nazarite/install/costmap_converter/share/costmap_converter/cmake/costmap_converterConfig.cmake
[37.424s] -- Symlinking: /home/dgut/code/Nazarite/install/costmap_converter/share/costmap_converter/cmake/costmap_converterConfig-version.cmake
[37.432s] -- Symlinking: /home/dgut/code/Nazarite/install/costmap_converter/share/costmap_converter/package.xml
[37.443s] Invoked command in '/home/dgut/code/Nazarite/build/costmap_converter' returned '0': AMENT_PREFIX_PATH=/home/dgut/code/Nazarite/install/costmap_converter_msgs:${AMENT_PREFIX_PATH} CMAKE_PREFIX_PATH=/home/dgut/code/Nazarite/install/costmap_converter_msgs:/opt/ros/humble LD_LIBRARY_PATH=/home/dgut/code/Nazarite/install/costmap_converter_msgs/lib:${LD_LIBRARY_PATH} PYTHONPATH=/home/dgut/code/Nazarite/install/costmap_converter_msgs/local/lib/python3.10/dist-packages:${PYTHONPATH} /usr/bin/cmake --install /home/dgut/code/Nazarite/build/costmap_converter
