[0.024s] Invoking command in '/home/dgut/code/Nazarite/build/arm-new23': CMAKE_PREFIX_PATH=/opt/ros/humble /usr/bin/cmake /home/dgut/code/Nazarite/src/arm-new23 -DAMENT_CMAKE_SYMLINK_INSTALL=1 -DCMAKE_INSTALL_PREFIX=/home/dgut/code/Nazarite/install/arm-new23
[0.281s] -- The C compiler identification is GNU 11.4.0
[0.281s] -- The CXX compiler identification is GNU 11.4.0
[0.281s] -- Detecting C compiler ABI info
[0.281s] -- Detecting C compiler ABI info - done
[0.281s] -- Check for working C compiler: /usr/bin/cc - skipped
[0.281s] -- Detecting C compile features
[0.281s] -- Detecting C compile features - done
[0.281s] -- Detecting CXX compiler ABI info
[0.281s] -- Detecting CXX compiler ABI info - done
[0.281s] -- Check for working CXX compiler: /usr/bin/c++ - skipped
[0.281s] -- Detecting CXX compile features
[0.281s] -- Detecting CXX compile features - done
[0.281s] -- Found ament_cmake: 1.3.14 (/opt/ros/humble/share/ament_cmake/cmake)
[0.487s] -- Found Python3: /usr/bin/python3 (found version "3.10.12") found components: Interpreter 
[0.487s] -- Override CMake install command with custom implementation using symlinks instead of copying resources
[0.525s] -- Configuring done
[0.528s] -- Generating done
[0.530s] -- Build files have been written to: /home/dgut/code/Nazarite/build/arm-new23
[0.534s] Invoked command in '/home/dgut/code/Nazarite/build/arm-new23' returned '0': CMAKE_PREFIX_PATH=/opt/ros/humble /usr/bin/cmake /home/dgut/code/Nazarite/src/arm-new23 -DAMENT_CMAKE_SYMLINK_INSTALL=1 -DCMAKE_INSTALL_PREFIX=/home/dgut/code/Nazarite/install/arm-new23
[0.536s] Invoking command in '/home/dgut/code/Nazarite/build/arm-new23': CMAKE_PREFIX_PATH=/opt/ros/humble /usr/bin/cmake --build /home/dgut/code/Nazarite/build/arm-new23 -- -j16 -l16
[0.576s] Invoked command in '/home/dgut/code/Nazarite/build/arm-new23' returned '0': CMAKE_PREFIX_PATH=/opt/ros/humble /usr/bin/cmake --build /home/dgut/code/Nazarite/build/arm-new23 -- -j16 -l16
[0.586s] Invoking command in '/home/dgut/code/Nazarite/build/arm-new23': CMAKE_PREFIX_PATH=/opt/ros/humble /usr/bin/cmake --install /home/dgut/code/Nazarite/build/arm-new23
[0.594s] -- Install configuration: ""
[0.595s] -- Execute custom install script
[0.595s] -- Symlinking: /home/dgut/code/Nazarite/install/arm-new23/share/arm-new23/config/joint_names_arm-new23.yaml
[0.605s] -- Symlinking: /home/dgut/code/Nazarite/install/arm-new23/share/arm-new23/launch/display.launch.py
[0.616s] -- Symlinking: /home/dgut/code/Nazarite/install/arm-new23/share/arm-new23/launch/gazebo.launch
[0.625s] -- Symlinking: /home/dgut/code/Nazarite/install/arm-new23/share/arm-new23/meshes/link1.STL
[0.633s] -- Symlinking: /home/dgut/code/Nazarite/install/arm-new23/share/arm-new23/meshes/link2.STL
[0.640s] -- Symlinking: /home/dgut/code/Nazarite/install/arm-new23/share/arm-new23/meshes/link3.STL
[0.649s] -- Symlinking: /home/dgut/code/Nazarite/install/arm-new23/share/arm-new23/meshes/mode_link.STL
[0.658s] -- Symlinking: /home/dgut/code/Nazarite/install/arm-new23/share/arm-new23/meshes/mode_link_visual.obj
[0.666s] -- Symlinking: /home/dgut/code/Nazarite/install/arm-new23/share/arm-new23/urdf/arm-new23.csv
[0.673s] -- Symlinking: /home/dgut/code/Nazarite/install/arm-new23/share/arm-new23/urdf/arm-new23.geometry_macro.xacro
[0.681s] -- Symlinking: /home/dgut/code/Nazarite/install/arm-new23/share/arm-new23/urdf/arm-new23.urdf
[0.689s] -- Symlinking: /home/dgut/code/Nazarite/install/arm-new23/share/arm-new23/rviz/default.rviz
[0.698s] -- Symlinking: /home/dgut/code/Nazarite/install/arm-new23/share/ament_index/resource_index/package_run_dependencies/arm-new23
[0.706s] -- Symlinking: /home/dgut/code/Nazarite/install/arm-new23/share/ament_index/resource_index/parent_prefix_path/arm-new23
[0.716s] -- Symlinking: /home/dgut/code/Nazarite/install/arm-new23/share/arm-new23/environment/ament_prefix_path.sh
[0.725s] -- Symlinking: /home/dgut/code/Nazarite/install/arm-new23/share/arm-new23/environment/ament_prefix_path.dsv
[0.731s] -- Symlinking: /home/dgut/code/Nazarite/install/arm-new23/share/arm-new23/environment/path.sh
[0.739s] -- Symlinking: /home/dgut/code/Nazarite/install/arm-new23/share/arm-new23/environment/path.dsv
[0.747s] -- Symlinking: /home/dgut/code/Nazarite/install/arm-new23/share/arm-new23/local_setup.bash
[0.756s] -- Symlinking: /home/dgut/code/Nazarite/install/arm-new23/share/arm-new23/local_setup.sh
[0.763s] -- Symlinking: /home/dgut/code/Nazarite/install/arm-new23/share/arm-new23/local_setup.zsh
[0.771s] -- Symlinking: /home/dgut/code/Nazarite/install/arm-new23/share/arm-new23/local_setup.dsv
[0.780s] -- Symlinking: /home/dgut/code/Nazarite/install/arm-new23/share/arm-new23/package.dsv
[0.789s] -- Symlinking: /home/dgut/code/Nazarite/install/arm-new23/share/ament_index/resource_index/packages/arm-new23
[0.797s] -- Symlinking: /home/dgut/code/Nazarite/install/arm-new23/share/arm-new23/cmake/arm-new23Config.cmake
[0.806s] -- Symlinking: /home/dgut/code/Nazarite/install/arm-new23/share/arm-new23/cmake/arm-new23Config-version.cmake
[0.813s] -- Symlinking: /home/dgut/code/Nazarite/install/arm-new23/share/arm-new23/package.xml
[0.829s] Invoked command in '/home/dgut/code/Nazarite/build/arm-new23' returned '0': CMAKE_PREFIX_PATH=/opt/ros/humble /usr/bin/cmake --install /home/dgut/code/Nazarite/build/arm-new23
