running develop
running egg_info
creating stm32_driver.egg-info
writing stm32_driver.egg-info/PKG-INFO
writing dependency_links to stm32_driver.egg-info/dependency_links.txt
writing entry points to stm32_driver.egg-info/entry_points.txt
writing requirements to stm32_driver.egg-info/requires.txt
writing top-level names to stm32_driver.egg-info/top_level.txt
writing manifest file 'stm32_driver.egg-info/SOURCES.txt'
reading manifest file 'stm32_driver.egg-info/SOURCES.txt'
writing manifest file 'stm32_driver.egg-info/SOURCES.txt'
running build_ext
Creating /home/dgut/code/Nazarite/install/stm32_driver/lib/python3.10/site-packages/stm32-driver.egg-link (link to .)
Installing nav2_agent script to /home/dgut/code/Nazarite/install/stm32_driver/lib/stm32_driver
Installing odom_cmd_vel_fuser script to /home/dgut/code/Nazarite/install/stm32_driver/lib/stm32_driver
Installing r1_mode1_challenge_blue script to /home/dgut/code/Nazarite/install/stm32_driver/lib/stm32_driver
Installing r1_mode1_challenge_blue_test script to /home/dgut/code/Nazarite/install/stm32_driver/lib/stm32_driver
Installing r1_mode1_challenge_red script to /home/dgut/code/Nazarite/install/stm32_driver/lib/stm32_driver
Installing r1_mode1_challenge_red_test script to /home/dgut/code/Nazarite/install/stm32_driver/lib/stm32_driver
Installing r2_mode1 script to /home/dgut/code/Nazarite/install/stm32_driver/lib/stm32_driver
Installing r2_mode1_blue script to /home/dgut/code/Nazarite/install/stm32_driver/lib/stm32_driver
Installing r2_mode1_final_test_blue script to /home/dgut/code/Nazarite/install/stm32_driver/lib/stm32_driver
Installing serial_script_launcher script to /home/dgut/code/Nazarite/install/stm32_driver/lib/stm32_driver
Installing stm32_driver_node script to /home/dgut/code/Nazarite/install/stm32_driver/lib/stm32_driver

Installed /home/dgut/code/Nazarite/build/stm32_driver
running symlink_data
creating /home/dgut/code/Nazarite/install/stm32_driver/share/ament_index
creating /home/dgut/code/Nazarite/install/stm32_driver/share/ament_index/resource_index
creating /home/dgut/code/Nazarite/install/stm32_driver/share/ament_index/resource_index/packages
symbolically linking /home/dgut/code/Nazarite/build/stm32_driver/resource/stm32_driver -> /home/dgut/code/Nazarite/install/stm32_driver/share/ament_index/resource_index/packages
symbolically linking /home/dgut/code/Nazarite/build/stm32_driver/package.xml -> /home/dgut/code/Nazarite/install/stm32_driver/share/stm32_driver
creating /home/dgut/code/Nazarite/install/stm32_driver/share/stm32_driver/launch
symbolically linking /home/dgut/code/Nazarite/build/stm32_driver/launch/r2_task1_launch.py -> /home/dgut/code/Nazarite/install/stm32_driver/share/stm32_driver/launch
