[0.835s] Invoking command in '/home/dgut/code/Nazarite/build/stm32_driver': PYTHONPATH=/home/dgut/code/Nazarite/build/stm32_driver/prefix_override:/usr/lib/python3/dist-packages/colcon_core/task/python/colcon_distutils_commands:/home/dgut/code/Nazarite/install/stm32_driver/lib/python3.10/site-packages:${PYTHONPATH} /usr/bin/python3 -W ignore:setup.py install is deprecated -W ignore:easy_install command is deprecated setup.py develop --editable --build-directory /home/dgut/code/Nazarite/build/stm32_driver/build --no-deps symlink_data
[1.041s] running develop
[1.180s] running egg_info
[1.180s] creating stm32_driver.egg-info
[1.180s] writing stm32_driver.egg-info/PKG-INFO
[1.181s] writing dependency_links to stm32_driver.egg-info/dependency_links.txt
[1.181s] writing entry points to stm32_driver.egg-info/entry_points.txt
[1.181s] writing requirements to stm32_driver.egg-info/requires.txt
[1.181s] writing top-level names to stm32_driver.egg-info/top_level.txt
[1.181s] writing manifest file 'stm32_driver.egg-info/SOURCES.txt'
[1.185s] reading manifest file 'stm32_driver.egg-info/SOURCES.txt'
[1.185s] writing manifest file 'stm32_driver.egg-info/SOURCES.txt'
[1.188s] running build_ext
[1.188s] Creating /home/dgut/code/Nazarite/install/stm32_driver/lib/python3.10/site-packages/stm32-driver.egg-link (link to .)
[1.188s] Installing nav2_agent script to /home/dgut/code/Nazarite/install/stm32_driver/lib/stm32_driver
[1.188s] Installing odom_cmd_vel_fuser script to /home/dgut/code/Nazarite/install/stm32_driver/lib/stm32_driver
[1.188s] Installing r1_mode1_challenge_blue script to /home/dgut/code/Nazarite/install/stm32_driver/lib/stm32_driver
[1.188s] Installing r1_mode1_challenge_blue_test script to /home/dgut/code/Nazarite/install/stm32_driver/lib/stm32_driver
[1.188s] Installing r1_mode1_challenge_red script to /home/dgut/code/Nazarite/install/stm32_driver/lib/stm32_driver
[1.188s] Installing r1_mode1_challenge_red_test script to /home/dgut/code/Nazarite/install/stm32_driver/lib/stm32_driver
[1.188s] Installing r2_mode1 script to /home/dgut/code/Nazarite/install/stm32_driver/lib/stm32_driver
[1.189s] Installing r2_mode1_blue script to /home/dgut/code/Nazarite/install/stm32_driver/lib/stm32_driver
[1.189s] Installing r2_mode1_final_test_blue script to /home/dgut/code/Nazarite/install/stm32_driver/lib/stm32_driver
[1.189s] Installing serial_script_launcher script to /home/dgut/code/Nazarite/install/stm32_driver/lib/stm32_driver
[1.189s] Installing stm32_driver_node script to /home/dgut/code/Nazarite/install/stm32_driver/lib/stm32_driver
[1.190s] 
[1.190s] Installed /home/dgut/code/Nazarite/build/stm32_driver
[1.190s] running symlink_data
[1.190s] creating /home/dgut/code/Nazarite/install/stm32_driver/share/ament_index
[1.190s] creating /home/dgut/code/Nazarite/install/stm32_driver/share/ament_index/resource_index
[1.190s] creating /home/dgut/code/Nazarite/install/stm32_driver/share/ament_index/resource_index/packages
[1.190s] symbolically linking /home/dgut/code/Nazarite/build/stm32_driver/resource/stm32_driver -> /home/dgut/code/Nazarite/install/stm32_driver/share/ament_index/resource_index/packages
[1.190s] symbolically linking /home/dgut/code/Nazarite/build/stm32_driver/package.xml -> /home/dgut/code/Nazarite/install/stm32_driver/share/stm32_driver
[1.190s] creating /home/dgut/code/Nazarite/install/stm32_driver/share/stm32_driver/launch
[1.190s] symbolically linking /home/dgut/code/Nazarite/build/stm32_driver/launch/r2_task1_launch.py -> /home/dgut/code/Nazarite/install/stm32_driver/share/stm32_driver/launch
[1.267s] Invoked command in '/home/dgut/code/Nazarite/build/stm32_driver' returned '0': PYTHONPATH=/home/dgut/code/Nazarite/build/stm32_driver/prefix_override:/usr/lib/python3/dist-packages/colcon_core/task/python/colcon_distutils_commands:/home/dgut/code/Nazarite/install/stm32_driver/lib/python3.10/site-packages:${PYTHONPATH} /usr/bin/python3 -W ignore:setup.py install is deprecated -W ignore:easy_install command is deprecated setup.py develop --editable --build-directory /home/dgut/code/Nazarite/build/stm32_driver/build --no-deps symlink_data
