[0.008s] Invoking command in '/home/dgut/code/Nazarite/build/point_lio': AMENT_PREFIX_PATH=/home/dgut/code/Nazarite/install/livox_ros_driver2:${AMENT_PREFIX_PATH} CMAKE_PREFIX_PATH=/home/dgut/code/Nazarite/install/livox_ros_driver2:/opt/ros/humble LD_LIBRARY_PATH=/home/dgut/code/Nazarite/install/livox_ros_driver2/lib:${LD_LIBRARY_PATH} PYTHONPATH=/home/dgut/code/Nazarite/install/livox_ros_driver2/local/lib/python3.10/dist-packages:${PYTHONPATH} /usr/bin/cmake /home/dgut/code/Nazarite/src/point_lio -DAMENT_CMAKE_SYMLINK_INSTALL=1 -DCMAKE_INSTALL_PREFIX=/home/dgut/code/Nazarite/install/point_lio
[0.047s] -- The C compiler identification is GNU 11.4.0
[0.086s] -- The CXX compiler identification is GNU 11.4.0
[0.092s] -- Detecting C compiler ABI info
[0.146s] -- Detecting C compiler ABI info - done
[0.152s] -- Check for working C compiler: /usr/bin/cc - skipped
[0.152s] -- Detecting C compile features
[0.153s] -- Detecting C compile features - done
[0.155s] -- Detecting CXX compiler ABI info
[0.213s] -- Detecting CXX compiler ABI info - done
[0.220s] -- Check for working CXX compiler: /usr/bin/c++ - skipped
[0.220s] -- Detecting CXX compile features
[0.220s] -- Detecting CXX compile features - done
[0.226s] -- Found ament_cmake: 1.3.14 (/opt/ros/humble/share/ament_cmake/cmake)
[0.333s] -- Found Python3: /usr/bin/python3 (found version "3.10.12") found components: Interpreter 
[0.378s] -- Override CMake install command with custom implementation using symlinks instead of copying resources
[0.404s] -- Found rclcpp: 16.0.18 (/opt/ros/humble/share/rclcpp/cmake)
[0.436s] -- Found rosidl_generator_c: 3.1.8 (/opt/ros/humble/share/rosidl_generator_c/cmake)
[0.440s] -- Found rosidl_adapter: 3.1.8 (/opt/ros/humble/share/rosidl_adapter/cmake)
[0.446s] -- Found rosidl_generator_cpp: 3.1.8 (/opt/ros/humble/share/rosidl_generator_cpp/cmake)
[0.455s] -- Using all available rosidl_typesupport_c: rosidl_typesupport_fastrtps_c;rosidl_typesupport_introspection_c
[0.467s] -- Using all available rosidl_typesupport_cpp: rosidl_typesupport_fastrtps_cpp;rosidl_typesupport_introspection_cpp
[0.498s] -- Found rmw_implementation_cmake: 6.1.2 (/opt/ros/humble/share/rmw_implementation_cmake/cmake)
[0.501s] -- Found rmw_cyclonedds_cpp: 1.3.4 (/opt/ros/humble/share/rmw_cyclonedds_cpp/cmake)
[0.515s] -- Using RMW implementation 'rmw_cyclonedds_cpp' as default
[0.522s] -- Looking for pthread.h
[0.579s] -- Looking for pthread.h - found
[0.579s] -- Performing Test CMAKE_HAVE_LIBC_PTHREAD
[0.638s] -- Performing Test CMAKE_HAVE_LIBC_PTHREAD - Success
[0.639s] -- Found Threads: TRUE  
[0.674s] -- Found rclpy: 3.3.21 (/opt/ros/humble/share/rclpy/cmake)
[0.675s] -- Found geometry_msgs: 4.9.1 (/opt/ros/humble/share/geometry_msgs/cmake)
[0.684s] -- Found nav_msgs: 4.9.1 (/opt/ros/humble/share/nav_msgs/cmake)
[0.696s] -- Found sensor_msgs: 4.9.1 (/opt/ros/humble/share/sensor_msgs/cmake)
[0.708s] -- Found visualization_msgs: 4.9.1 (/opt/ros/humble/share/visualization_msgs/cmake)
[0.722s] -- Found pcl_ros: 2.4.5 (/opt/ros/humble/share/pcl_ros/cmake)
[0.755s] -- Checking for module 'eigen3'
[0.766s] --   Found eigen3, version 3.4.0
[0.793s] -- Found Eigen: /usr/include/eigen3 (Required is at least version "3.1") 
[0.793s] -- Eigen found (include: /usr/include/eigen3, version: 3.4.0)
[0.821s] -- Checking for module 'flann'
[0.834s] --   Found flann, version 1.9.1
[0.875s] -- Found FLANN: /usr/lib/x86_64-linux-gnu/libflann_cpp.so  
[0.875s] -- FLANN found (include: /usr/include, lib: /usr/lib/x86_64-linux-gnu/libflann_cpp.so)
[1.610s] -- Checking for module 'libusb-1.0'
[1.623s] --   Found libusb-1.0, version 1.0.25
[1.656s] -- Found libusb: /usr/lib/x86_64-linux-gnu/libusb-1.0.so  
[1.657s] -- OpenNI found (version: 1.5.4.0, include: /usr/include/ni, lib: /usr/lib/libOpenNI.so;libusb::libusb)
[1.710s] -- OpenNI2 found (version: 2.2.0.33, include: /usr/include/openni2, lib: /usr/lib/x86_64-linux-gnu/libOpenNI2.so;libusb::libusb)
[1.847s] -- Eigen found (include: /usr/include/eigen3, version: 3.4.0)
[1.852s] -- OpenNI found (version: 1.5.4.0, include: /usr/include/ni, lib: /usr/lib/libOpenNI.so;libusb::libusb)
[1.858s] -- OpenNI2 found (version: 2.2.0.33, include: /usr/include/openni2, lib: /usr/lib/x86_64-linux-gnu/libOpenNI2.so;libusb::libusb)
[1.998s] -- Found Qhull version 8.0.2
[2.141s] -- OpenNI found (version: 1.5.4.0, include: /usr/include/ni, lib: /usr/lib/libOpenNI.so;libusb::libusb)
[2.270s] -- Found PCL_COMMON: /usr/lib/x86_64-linux-gnu/libpcl_common.so  
[2.270s] -- Found PCL_KDTREE: /usr/lib/x86_64-linux-gnu/libpcl_kdtree.so  
[2.271s] -- Found PCL_OCTREE: /usr/lib/x86_64-linux-gnu/libpcl_octree.so  
[2.271s] -- Found PCL_SEARCH: /usr/lib/x86_64-linux-gnu/libpcl_search.so  
[2.272s] -- Found PCL_SAMPLE_CONSENSUS: /usr/lib/x86_64-linux-gnu/libpcl_sample_consensus.so  
[2.273s] -- Found PCL_FILTERS: /usr/lib/x86_64-linux-gnu/libpcl_filters.so  
[2.273s] -- Found PCL_2D: /usr/include/pcl-1.12  
[2.273s] -- Found PCL_GEOMETRY: /usr/include/pcl-1.12  
[2.274s] -- Found PCL_IO: /usr/lib/x86_64-linux-gnu/libpcl_io.so  
[2.275s] -- Found PCL_FEATURES: /usr/lib/x86_64-linux-gnu/libpcl_features.so  
[2.275s] -- Found PCL_ML: /usr/lib/x86_64-linux-gnu/libpcl_ml.so  
[2.276s] -- Found PCL_SEGMENTATION: /usr/lib/x86_64-linux-gnu/libpcl_segmentation.so  
[2.277s] -- Found PCL_VISUALIZATION: /usr/lib/x86_64-linux-gnu/libpcl_visualization.so  
[2.277s] -- Found PCL_SURFACE: /usr/lib/x86_64-linux-gnu/libpcl_surface.so  
[2.278s] -- Found PCL_REGISTRATION: /usr/lib/x86_64-linux-gnu/libpcl_registration.so  
[2.279s] -- Found PCL_KEYPOINTS: /usr/lib/x86_64-linux-gnu/libpcl_keypoints.so  
[2.279s] -- Found PCL_TRACKING: /usr/lib/x86_64-linux-gnu/libpcl_tracking.so  
[2.280s] -- Found PCL_RECOGNITION: /usr/lib/x86_64-linux-gnu/libpcl_recognition.so  
[2.281s] -- Found PCL_STEREO: /usr/lib/x86_64-linux-gnu/libpcl_stereo.so  
[2.281s] -- Found PCL_APPS: /usr/lib/x86_64-linux-gnu/libpcl_apps.so  
[2.282s] -- Found PCL_IN_HAND_SCANNER: /usr/include/pcl-1.12  
[2.282s] -- Found PCL_MODELER: /usr/include/pcl-1.12  
[2.282s] -- Found PCL_POINT_CLOUD_EDITOR: /usr/include/pcl-1.12  
[2.283s] -- Found PCL_OUTOFCORE: /usr/lib/x86_64-linux-gnu/libpcl_outofcore.so  
[2.284s] -- Found PCL_PEOPLE: /usr/lib/x86_64-linux-gnu/libpcl_people.so  
[2.311s] -- Found eigen3_cmake_module: 0.1.1 (/opt/ros/humble/share/eigen3_cmake_module/cmake)
[2.312s] -- Found Eigen3: TRUE (found version "3.4.0") 
[2.312s] -- Ensuring Eigen3 include directory is part of orocos-kdl CMake target
[2.379s] -- Found livox_ros_driver2: 1.0.0 (/home/dgut/code/Nazarite/install/livox_ros_driver2/share/livox_ros_driver2/cmake)
[2.394s] CMake Warning (dev) at CMakeLists.txt:52 (find_package):
[2.394s]   Policy CMP0074 is not set: find_package uses <PackageName>_ROOT variables.
[2.394s]   Run "cmake --help-policy CMP0074" for policy details.  Use the cmake_policy
[2.394s]   command to set the policy and suppress this warning.
[2.394s] 
[2.394s]   CMake variable PCL_ROOT is set to:
[2.394s] 
[2.394s]     /usr
[2.394s] 
[2.394s]   For compatibility, CMake is ignoring the variable.
[2.394s] This warning is for project developers.  Use -Wno-dev to suppress it.
[2.394s] 
[2.678s] -- Found PythonLibs: /usr/lib/x86_64-linux-gnu/libpython3.10.so (found version "3.10.12") 
[2.739s] -- Configuring done
[2.799s] -- Generating done
[2.814s] -- Build files have been written to: /home/dgut/code/Nazarite/build/point_lio
[2.830s] Invoked command in '/home/dgut/code/Nazarite/build/point_lio' returned '0': AMENT_PREFIX_PATH=/home/dgut/code/Nazarite/install/livox_ros_driver2:${AMENT_PREFIX_PATH} CMAKE_PREFIX_PATH=/home/dgut/code/Nazarite/install/livox_ros_driver2:/opt/ros/humble LD_LIBRARY_PATH=/home/dgut/code/Nazarite/install/livox_ros_driver2/lib:${LD_LIBRARY_PATH} PYTHONPATH=/home/dgut/code/Nazarite/install/livox_ros_driver2/local/lib/python3.10/dist-packages:${PYTHONPATH} /usr/bin/cmake /home/dgut/code/Nazarite/src/point_lio -DAMENT_CMAKE_SYMLINK_INSTALL=1 -DCMAKE_INSTALL_PREFIX=/home/dgut/code/Nazarite/install/point_lio
[2.831s] Invoking command in '/home/dgut/code/Nazarite/build/point_lio': AMENT_PREFIX_PATH=/home/dgut/code/Nazarite/install/livox_ros_driver2:${AMENT_PREFIX_PATH} CMAKE_PREFIX_PATH=/home/dgut/code/Nazarite/install/livox_ros_driver2:/opt/ros/humble LD_LIBRARY_PATH=/home/dgut/code/Nazarite/install/livox_ros_driver2/lib:${LD_LIBRARY_PATH} PYTHONPATH=/home/dgut/code/Nazarite/install/livox_ros_driver2/local/lib/python3.10/dist-packages:${PYTHONPATH} /usr/bin/cmake --build /home/dgut/code/Nazarite/build/point_lio -- -j16 -l16
[2.876s] [ 11%] Building CXX object CMakeFiles/slope_filter_node.dir/src/slope_filter_node.cpp.o
[2.876s] [ 33%] Building CXX object CMakeFiles/pointlio_mapping.dir/src/li_initialization.cpp.o
[2.876s] [ 33%] Building CXX object CMakeFiles/pointlio_mapping.dir/src/laserMapping.cpp.o
[2.876s] [ 44%] Building CXX object CMakeFiles/pointlio_mapping.dir/src/parameters.cpp.o
[2.877s] [ 55%] Building CXX object CMakeFiles/pointlio_mapping.dir/src/preprocess.cpp.o
[2.877s] [ 66%] Building CXX object CMakeFiles/pointlio_mapping.dir/src/Estimator.cpp.o
[2.877s] [ 77%] Building CXX object CMakeFiles/pointlio_mapping.dir/src/IMU_Processing.cpp.o
[20.270s] [ 88%] Linking CXX executable slope_filter_node
[21.677s] [ 88%] Built target slope_filter_node
[57.463s] [100%] Linking CXX executable pointlio_mapping
[58.115s] [100%] Built target pointlio_mapping
[58.132s] Invoked command in '/home/dgut/code/Nazarite/build/point_lio' returned '0': AMENT_PREFIX_PATH=/home/dgut/code/Nazarite/install/livox_ros_driver2:${AMENT_PREFIX_PATH} CMAKE_PREFIX_PATH=/home/dgut/code/Nazarite/install/livox_ros_driver2:/opt/ros/humble LD_LIBRARY_PATH=/home/dgut/code/Nazarite/install/livox_ros_driver2/lib:${LD_LIBRARY_PATH} PYTHONPATH=/home/dgut/code/Nazarite/install/livox_ros_driver2/local/lib/python3.10/dist-packages:${PYTHONPATH} /usr/bin/cmake --build /home/dgut/code/Nazarite/build/point_lio -- -j16 -l16
[58.133s] Invoking command in '/home/dgut/code/Nazarite/build/point_lio': AMENT_PREFIX_PATH=/home/dgut/code/Nazarite/install/livox_ros_driver2:${AMENT_PREFIX_PATH} CMAKE_PREFIX_PATH=/home/dgut/code/Nazarite/install/livox_ros_driver2:/opt/ros/humble LD_LIBRARY_PATH=/home/dgut/code/Nazarite/install/livox_ros_driver2/lib:${LD_LIBRARY_PATH} PYTHONPATH=/home/dgut/code/Nazarite/install/livox_ros_driver2/local/lib/python3.10/dist-packages:${PYTHONPATH} /usr/bin/cmake --install /home/dgut/code/Nazarite/build/point_lio
[58.138s] -- Install configuration: "Release"
[58.138s] -- Execute custom install script
[58.139s] -- Symlinking: /home/dgut/code/Nazarite/install/point_lio/lib/point_lio/pointlio_mapping
[58.146s] -- Symlinking: /home/dgut/code/Nazarite/install/point_lio/lib/point_lio/slope_filter_node
[58.154s] -- Symlinking: /home/dgut/code/Nazarite/install/point_lio/share/point_lio/config/avia.yaml
[58.161s] -- Symlinking: /home/dgut/code/Nazarite/install/point_lio/share/point_lio/config/horizon.yaml
[58.168s] -- Symlinking: /home/dgut/code/Nazarite/install/point_lio/share/point_lio/config/mid360.yaml
[58.175s] -- Symlinking: /home/dgut/code/Nazarite/install/point_lio/share/point_lio/config/ouster64.yaml
[58.182s] -- Symlinking: /home/dgut/code/Nazarite/install/point_lio/share/point_lio/config/velody16.yaml
[58.191s] -- Symlinking: /home/dgut/code/Nazarite/install/point_lio/share/point_lio/launch/__pycache__/mapping_mid360.launch.cpython-310.pyc
[58.198s] -- Symlinking: /home/dgut/code/Nazarite/install/point_lio/share/point_lio/launch/gdb_debug_example.launch.py
[58.205s] -- Symlinking: /home/dgut/code/Nazarite/install/point_lio/share/point_lio/launch/mapping_avia.launch.py
[58.212s] -- Symlinking: /home/dgut/code/Nazarite/install/point_lio/share/point_lio/launch/mapping_horizon.launch.py
[58.219s] -- Symlinking: /home/dgut/code/Nazarite/install/point_lio/share/point_lio/launch/mapping_mid360.launch.py
[58.226s] -- Symlinking: /home/dgut/code/Nazarite/install/point_lio/share/point_lio/launch/mapping_ouster64.launch.py
[58.232s] -- Symlinking: /home/dgut/code/Nazarite/install/point_lio/share/point_lio/launch/mapping_velody16.launch.py
[58.240s] -- Symlinking: /home/dgut/code/Nazarite/install/point_lio/share/point_lio/rviz_cfg/.gitignore
[58.246s] -- Symlinking: /home/dgut/code/Nazarite/install/point_lio/share/point_lio/rviz_cfg/loam_livox.rviz
[58.254s] -- Symlinking: /home/dgut/code/Nazarite/install/point_lio/share/ament_index/resource_index/package_run_dependencies/point_lio
[58.261s] -- Symlinking: /home/dgut/code/Nazarite/install/point_lio/share/ament_index/resource_index/parent_prefix_path/point_lio
[58.268s] -- Symlinking: /home/dgut/code/Nazarite/install/point_lio/share/point_lio/environment/ament_prefix_path.sh
[58.275s] -- Symlinking: /home/dgut/code/Nazarite/install/point_lio/share/point_lio/environment/ament_prefix_path.dsv
[58.282s] -- Symlinking: /home/dgut/code/Nazarite/install/point_lio/share/point_lio/environment/path.sh
[58.288s] -- Symlinking: /home/dgut/code/Nazarite/install/point_lio/share/point_lio/environment/path.dsv
[58.296s] -- Symlinking: /home/dgut/code/Nazarite/install/point_lio/share/point_lio/local_setup.bash
[58.303s] -- Symlinking: /home/dgut/code/Nazarite/install/point_lio/share/point_lio/local_setup.sh
[58.310s] -- Symlinking: /home/dgut/code/Nazarite/install/point_lio/share/point_lio/local_setup.zsh
[58.317s] -- Symlinking: /home/dgut/code/Nazarite/install/point_lio/share/point_lio/local_setup.dsv
[58.325s] -- Symlinking: /home/dgut/code/Nazarite/install/point_lio/share/point_lio/package.dsv
[58.333s] -- Symlinking: /home/dgut/code/Nazarite/install/point_lio/share/ament_index/resource_index/packages/point_lio
[58.340s] -- Symlinking: /home/dgut/code/Nazarite/install/point_lio/share/point_lio/cmake/ament_cmake_export_dependencies-extras.cmake
[58.347s] -- Symlinking: /home/dgut/code/Nazarite/install/point_lio/share/point_lio/cmake/point_lioConfig.cmake
[58.355s] -- Symlinking: /home/dgut/code/Nazarite/install/point_lio/share/point_lio/cmake/point_lioConfig-version.cmake
[58.363s] -- Symlinking: /home/dgut/code/Nazarite/install/point_lio/share/point_lio/package.xml
[58.372s] Invoked command in '/home/dgut/code/Nazarite/build/point_lio' returned '0': AMENT_PREFIX_PATH=/home/dgut/code/Nazarite/install/livox_ros_driver2:${AMENT_PREFIX_PATH} CMAKE_PREFIX_PATH=/home/dgut/code/Nazarite/install/livox_ros_driver2:/opt/ros/humble LD_LIBRARY_PATH=/home/dgut/code/Nazarite/install/livox_ros_driver2/lib:${LD_LIBRARY_PATH} PYTHONPATH=/home/dgut/code/Nazarite/install/livox_ros_driver2/local/lib/python3.10/dist-packages:${PYTHONPATH} /usr/bin/cmake --install /home/dgut/code/Nazarite/build/point_lio
