-- The C compiler identification is GNU 11.4.0
-- The CXX compiler identification is GNU 11.4.0
-- Detecting C compiler ABI info
-- Detecting C compiler ABI info - done
-- Check for working C compiler: /usr/bin/cc - skipped
-- Detecting C compile features
-- Detecting C compile features - done
-- Detecting CXX compiler ABI info
-- Detecting CXX compiler ABI info - done
-- Check for working CXX compiler: /usr/bin/c++ - skipped
-- Detecting CXX compile features
-- Detecting CXX compile features - done
-- Found ament_cmake: 1.3.14 (/opt/ros/humble/share/ament_cmake/cmake)
-- Found Python3: /usr/bin/python3 (found version "3.10.12") found components: Interpreter 
-- Override CMake install command with custom implementation using symlinks instead of copying resources
-- Found rclcpp: 16.0.18 (/opt/ros/humble/share/rclcpp/cmake)
-- Found rosidl_generator_c: 3.1.8 (/opt/ros/humble/share/rosidl_generator_c/cmake)
-- Found rosidl_adapter: 3.1.8 (/opt/ros/humble/share/rosidl_adapter/cmake)
-- Found rosidl_generator_cpp: 3.1.8 (/opt/ros/humble/share/rosidl_generator_cpp/cmake)
-- Using all available rosidl_typesupport_c: rosidl_typesupport_fastrtps_c;rosidl_typesupport_introspection_c
-- Using all available rosidl_typesupport_cpp: rosidl_typesupport_fastrtps_cpp;rosidl_typesupport_introspection_cpp
-- Found rmw_implementation_cmake: 6.1.2 (/opt/ros/humble/share/rmw_implementation_cmake/cmake)
-- Found rmw_cyclonedds_cpp: 1.3.4 (/opt/ros/humble/share/rmw_cyclonedds_cpp/cmake)
-- Using RMW implementation 'rmw_cyclonedds_cpp' as default
-- Looking for pthread.h
-- Looking for pthread.h - found
-- Performing Test CMAKE_HAVE_LIBC_PTHREAD
-- Performing Test CMAKE_HAVE_LIBC_PTHREAD - Success
-- Found Threads: TRUE  
-- Found rclpy: 3.3.21 (/opt/ros/humble/share/rclpy/cmake)
-- Found geometry_msgs: 4.9.1 (/opt/ros/humble/share/geometry_msgs/cmake)
-- Found nav_msgs: 4.9.1 (/opt/ros/humble/share/nav_msgs/cmake)
-- Found sensor_msgs: 4.9.1 (/opt/ros/humble/share/sensor_msgs/cmake)
-- Found tf2: 0.25.19 (/opt/ros/humble/share/tf2/cmake)
-- Found tf2_ros: 0.25.19 (/opt/ros/humble/share/tf2_ros/cmake)
-- Found tf2_geometry_msgs: 0.25.19 (/opt/ros/humble/share/tf2_geometry_msgs/cmake)
-- Found eigen3_cmake_module: 0.1.1 (/opt/ros/humble/share/eigen3_cmake_module/cmake)
-- Found Eigen3: TRUE (found version "3.4.0") 
-- Ensuring Eigen3 include directory is part of orocos-kdl CMake target
-- Found tf2_eigen: 0.25.19 (/opt/ros/humble/share/tf2_eigen/cmake)
-- Found tf2_sensor_msgs: 0.25.19 (/opt/ros/humble/share/tf2_sensor_msgs/cmake)
-- Found pcl_ros: 2.4.5 (/opt/ros/humble/share/pcl_ros/cmake)
-- Checking for module 'eigen3'
--   Found eigen3, version 3.4.0
-- Found Eigen: /usr/include/eigen3 (Required is at least version "3.1") 
-- Eigen found (include: /usr/include/eigen3, version: 3.4.0)
-- Checking for module 'flann'
--   Found flann, version 1.9.1
-- Found FLANN: /usr/lib/x86_64-linux-gnu/libflann_cpp.so  
-- FLANN found (include: /usr/include, lib: /usr/lib/x86_64-linux-gnu/libflann_cpp.so)
-- Checking for module 'libusb-1.0'
--   Found libusb-1.0, version 1.0.25
-- Found libusb: /usr/lib/x86_64-linux-gnu/libusb-1.0.so  
-- OpenNI found (version: 1.5.4.0, include: /usr/include/ni, lib: /usr/lib/libOpenNI.so;libusb::libusb)
-- OpenNI2 found (version: 2.2.0.33, include: /usr/include/openni2, lib: /usr/lib/x86_64-linux-gnu/libOpenNI2.so;libusb::libusb)
-- Eigen found (include: /usr/include/eigen3, version: 3.4.0)
-- OpenNI found (version: 1.5.4.0, include: /usr/include/ni, lib: /usr/lib/libOpenNI.so;libusb::libusb)
-- OpenNI2 found (version: 2.2.0.33, include: /usr/include/openni2, lib: /usr/lib/x86_64-linux-gnu/libOpenNI2.so;libusb::libusb)
-- Found Qhull version 8.0.2
-- OpenNI found (version: 1.5.4.0, include: /usr/include/ni, lib: /usr/lib/libOpenNI.so;libusb::libusb)
-- Found PCL_COMMON: /usr/lib/x86_64-linux-gnu/libpcl_common.so  
-- Found PCL_KDTREE: /usr/lib/x86_64-linux-gnu/libpcl_kdtree.so  
-- Found PCL_OCTREE: /usr/lib/x86_64-linux-gnu/libpcl_octree.so  
-- Found PCL_SEARCH: /usr/lib/x86_64-linux-gnu/libpcl_search.so  
-- Found PCL_SAMPLE_CONSENSUS: /usr/lib/x86_64-linux-gnu/libpcl_sample_consensus.so  
-- Found PCL_FILTERS: /usr/lib/x86_64-linux-gnu/libpcl_filters.so  
-- Found PCL_2D: /usr/include/pcl-1.12  
-- Found PCL_GEOMETRY: /usr/include/pcl-1.12  
-- Found PCL_IO: /usr/lib/x86_64-linux-gnu/libpcl_io.so  
-- Found PCL_FEATURES: /usr/lib/x86_64-linux-gnu/libpcl_features.so  
-- Found PCL_ML: /usr/lib/x86_64-linux-gnu/libpcl_ml.so  
-- Found PCL_SEGMENTATION: /usr/lib/x86_64-linux-gnu/libpcl_segmentation.so  
-- Found PCL_VISUALIZATION: /usr/lib/x86_64-linux-gnu/libpcl_visualization.so  
-- Found PCL_SURFACE: /usr/lib/x86_64-linux-gnu/libpcl_surface.so  
-- Found PCL_REGISTRATION: /usr/lib/x86_64-linux-gnu/libpcl_registration.so  
-- Found PCL_KEYPOINTS: /usr/lib/x86_64-linux-gnu/libpcl_keypoints.so  
-- Found PCL_TRACKING: /usr/lib/x86_64-linux-gnu/libpcl_tracking.so  
-- Found PCL_RECOGNITION: /usr/lib/x86_64-linux-gnu/libpcl_recognition.so  
-- Found PCL_STEREO: /usr/lib/x86_64-linux-gnu/libpcl_stereo.so  
-- Found PCL_APPS: /usr/lib/x86_64-linux-gnu/libpcl_apps.so  
-- Found PCL_IN_HAND_SCANNER: /usr/include/pcl-1.12  
-- Found PCL_MODELER: /usr/include/pcl-1.12  
-- Found PCL_POINT_CLOUD_EDITOR: /usr/include/pcl-1.12  
-- Found PCL_OUTOFCORE: /usr/lib/x86_64-linux-gnu/libpcl_outofcore.so  
-- Found PCL_PEOPLE: /usr/lib/x86_64-linux-gnu/libpcl_people.so  
-- Found cv_bridge: 3.2.1 (/opt/ros/humble/share/cv_bridge/cmake)
-- Found image_transport: 3.1.12 (/opt/ros/humble/share/image_transport/cmake)
-- Found urdf: 2.6.1 (/opt/ros/humble/share/urdf/cmake)
-- Found PkgConfig: /usr/bin/pkg-config (found version "0.29.2") 
-- Checking for module 'yaml-cpp'
--   Found yaml-cpp, version 0.7.0
-- Found OpenCV: /usr (found version "4.5.4") 
-- Found Boost: /usr/lib/x86_64-linux-gnu/cmake/Boost-1.74.0/BoostConfig.cmake (found version "1.74.0") found components: filesystem system 
-- Found OpenMP_C: -fopenmp (found version "4.5") 
-- Found OpenMP_CXX: -fopenmp (found version "4.5") 
-- Found OpenMP: TRUE (found version "4.5")  
-- Found X11: /usr/include   
-- Found OpenGL: /usr/lib/x86_64-linux-gnu/libOpenGL.so   
-- Found Open3D: /home/dgut/open3d141/lib/cmake/Open3D/Open3DConfig.cmake (found suitable exact version "0.14.1") 
-- Found ament_lint_auto: 0.12.15 (/opt/ros/humble/share/ament_lint_auto/cmake)
-- Added test 'copyright' to check source files copyright and LICENSE
-- Added test 'cppcheck' to perform static code analysis on C / C++ code
-- Configured cppcheck include dirs: /home/dgut/code/Nazarite/src/open3d_loc/include
-- Configured cppcheck exclude dirs and/or files: 
-- Added test 'cpplint' to check C / C++ code against the Google style
-- Configured cpplint exclude dirs and/or files: 
-- Added test 'flake8' to check Python code syntax and style conventions
-- Added test 'lint_cmake' to check CMake code style
-- Added test 'pep257' to check Python code against some of the docstring style conventions in PEP 257
-- Added test 'uncrustify' to check C / C++ code style
-- Configured uncrustify additional arguments: 
-- Added test 'xmllint' to check XML markup files
-- Configuring done
-- Generating done
-- Build files have been written to: /home/dgut/code/Nazarite/build/open3d_loc
[ 16%] Building CXX object CMakeFiles/open3d_conversions.dir/src/open3d_conversions/open3d_conversions.cpp.o
[ 33%] Building CXX object CMakeFiles/open3d_registration.dir/src/open3d_registration/open3d_registration.cpp.o
[ 50%] Linking CXX static library libopen3d_registration.a
[ 50%] Built target open3d_registration
[ 66%] Linking CXX static library libopen3d_conversions.a
[ 66%] Built target open3d_conversions
[ 83%] Building CXX object CMakeFiles/global_localization_node.dir/src/global_localization.cpp.o
[100%] Linking CXX executable global_localization_node
[100%] Built target global_localization_node
-- Install configuration: "Release"
-- Execute custom install script
-- Symlinking: /home/dgut/code/Nazarite/install/open3d_loc/lib/libopen3d_registration.a
-- Symlinking: /home/dgut/code/Nazarite/install/open3d_loc/lib/libopen3d_conversions.a
-- Symlinking: /home/dgut/code/Nazarite/install/open3d_loc/lib/open3d_loc/global_localization_node
-- Symlinking: /home/dgut/code/Nazarite/install/open3d_loc/share/open3d_loc//launch/__pycache__/open3d_loc_g1.launch.cpython-310.pyc
-- Symlinking: /home/dgut/code/Nazarite/install/open3d_loc/share/open3d_loc//launch/localization_3d_g1.launch.py
-- Symlinking: /home/dgut/code/Nazarite/install/open3d_loc/share/open3d_loc//launch/open3d_loc_g1.launch.py
-- Symlinking: /home/dgut/code/Nazarite/install/open3d_loc/share/open3d_loc//config/loc_param_g1.yaml
-- Symlinking: /home/dgut/code/Nazarite/install/open3d_loc/share/open3d_loc//rviz_cfg/.gitignore
-- Symlinking: /home/dgut/code/Nazarite/install/open3d_loc/share/open3d_loc//rviz_cfg/fastlio.rviz
-- Symlinking: /home/dgut/code/Nazarite/install/open3d_loc/include/open3d_loc/open3d_conversions/DpgtConversions.h
-- Symlinking: /home/dgut/code/Nazarite/install/open3d_loc/include/open3d_loc/open3d_conversions/RosConversions.h
-- Symlinking: /home/dgut/code/Nazarite/install/open3d_loc/include/open3d_loc/open3d_conversions/open3d_conversions.h
-- Symlinking: /home/dgut/code/Nazarite/install/open3d_loc/include/open3d_loc/open3d_registration/open3d_registration.h
-- Symlinking: /home/dgut/code/Nazarite/install/open3d_loc/share/ament_index/resource_index/package_run_dependencies/open3d_loc
-- Symlinking: /home/dgut/code/Nazarite/install/open3d_loc/share/ament_index/resource_index/parent_prefix_path/open3d_loc
-- Symlinking: /home/dgut/code/Nazarite/install/open3d_loc/share/open3d_loc/environment/ament_prefix_path.sh
-- Symlinking: /home/dgut/code/Nazarite/install/open3d_loc/share/open3d_loc/environment/ament_prefix_path.dsv
-- Symlinking: /home/dgut/code/Nazarite/install/open3d_loc/share/open3d_loc/environment/path.sh
-- Symlinking: /home/dgut/code/Nazarite/install/open3d_loc/share/open3d_loc/environment/path.dsv
-- Symlinking: /home/dgut/code/Nazarite/install/open3d_loc/share/open3d_loc/local_setup.bash
-- Symlinking: /home/dgut/code/Nazarite/install/open3d_loc/share/open3d_loc/local_setup.sh
-- Symlinking: /home/dgut/code/Nazarite/install/open3d_loc/share/open3d_loc/local_setup.zsh
-- Symlinking: /home/dgut/code/Nazarite/install/open3d_loc/share/open3d_loc/local_setup.dsv
-- Symlinking: /home/dgut/code/Nazarite/install/open3d_loc/share/open3d_loc/package.dsv
-- Symlinking: /home/dgut/code/Nazarite/install/open3d_loc/share/ament_index/resource_index/packages/open3d_loc
-- Symlinking: /home/dgut/code/Nazarite/install/open3d_loc/share/open3d_loc/cmake/open3d_locConfig.cmake
-- Symlinking: /home/dgut/code/Nazarite/install/open3d_loc/share/open3d_loc/cmake/open3d_locConfig-version.cmake
-- Symlinking: /home/dgut/code/Nazarite/install/open3d_loc/share/open3d_loc/package.xml
