-- The C compiler identification is GNU 11.4.0
-- The CXX compiler identification is GNU 11.4.0
-- Detecting C compiler ABI info
-- Detecting C compiler ABI info - done
-- Check for working C compiler: /usr/bin/cc - skipped
-- Detecting C compile features
-- Detecting C compile features - done
-- Detecting CXX compiler ABI info
-- Detecting CXX compiler ABI info - done
-- Check for working CXX compiler: /usr/bin/c++ - skipped
-- Detecting CXX compile features
-- Detecting CXX compile features - done
-- Found ament_cmake: 1.3.14 (/opt/ros/humble/share/ament_cmake/cmake)
-- Found Python3: /usr/bin/python3 (found version "3.10.12") found components: Interpreter 
-- Override CMake install command with custom implementation using symlinks instead of copying resources
-- Found rclcpp: 16.0.18 (/opt/ros/humble/share/rclcpp/cmake)
-- Found rosidl_generator_c: 3.1.8 (/opt/ros/humble/share/rosidl_generator_c/cmake)
-- Found rosidl_adapter: 3.1.8 (/opt/ros/humble/share/rosidl_adapter/cmake)
-- Found rosidl_generator_cpp: 3.1.8 (/opt/ros/humble/share/rosidl_generator_cpp/cmake)
-- Using all available rosidl_typesupport_c: rosidl_typesupport_fastrtps_c;rosidl_typesupport_introspection_c
-- Using all available rosidl_typesupport_cpp: rosidl_typesupport_fastrtps_cpp;rosidl_typesupport_introspection_cpp
-- Found rmw_implementation_cmake: 6.1.2 (/opt/ros/humble/share/rmw_implementation_cmake/cmake)
-- Found rmw_cyclonedds_cpp: 1.3.4 (/opt/ros/humble/share/rmw_cyclonedds_cpp/cmake)
-- Using RMW implementation 'rmw_cyclonedds_cpp' as default
-- Looking for pthread.h
-- Looking for pthread.h - found
-- Performing Test CMAKE_HAVE_LIBC_PTHREAD
-- Performing Test CMAKE_HAVE_LIBC_PTHREAD - Success
-- Found Threads: TRUE  
-- Found rclpy: 3.3.21 (/opt/ros/humble/share/rclpy/cmake)
-- Found geometry_msgs: 4.9.1 (/opt/ros/humble/share/geometry_msgs/cmake)
-- Found nav_msgs: 4.9.1 (/opt/ros/humble/share/nav_msgs/cmake)
-- Found sensor_msgs: 4.9.1 (/opt/ros/humble/share/sensor_msgs/cmake)
-- Found tf2: 0.25.19 (/opt/ros/humble/share/tf2/cmake)
-- Found tf2_ros: 0.25.19 (/opt/ros/humble/share/tf2_ros/cmake)
-- Found tf2_geometry_msgs: 0.25.19 (/opt/ros/humble/share/tf2_geometry_msgs/cmake)
-- Found eigen3_cmake_module: 0.1.1 (/opt/ros/humble/share/eigen3_cmake_module/cmake)
-- Found Eigen3: TRUE (found version "3.4.0") 
-- Ensuring Eigen3 include directory is part of orocos-kdl CMake target
-- Found tf2_eigen: 0.25.19 (/opt/ros/humble/share/tf2_eigen/cmake)
-- Found tf2_sensor_msgs: 0.25.19 (/opt/ros/humble/share/tf2_sensor_msgs/cmake)
-- Found pcl_ros: 2.4.5 (/opt/ros/humble/share/pcl_ros/cmake)
-- Checking for module 'eigen3'
--   Found eigen3, version 3.4.0
-- Found Eigen: /usr/include/eigen3 (Required is at least version "3.1") 
-- Eigen found (include: /usr/include/eigen3, version: 3.4.0)
-- Checking for module 'flann'
--   Found flann, version 1.9.1
-- Found FLANN: /usr/lib/x86_64-linux-gnu/libflann_cpp.so  
-- FLANN found (include: /usr/include, lib: /usr/lib/x86_64-linux-gnu/libflann_cpp.so)
-- Checking for module 'libusb-1.0'
--   Found libusb-1.0, version 1.0.25
-- Found libusb: /usr/lib/x86_64-linux-gnu/libusb-1.0.so  
-- OpenNI found (version: 1.5.4.0, include: /usr/include/ni, lib: /usr/lib/libOpenNI.so;libusb::libusb)
-- OpenNI2 found (version: 2.2.0.33, include: /usr/include/openni2, lib: /usr/lib/x86_64-linux-gnu/libOpenNI2.so;libusb::libusb)
-- Eigen found (include: /usr/include/eigen3, version: 3.4.0)
-- OpenNI found (version: 1.5.4.0, include: /usr/include/ni, lib: /usr/lib/libOpenNI.so;libusb::libusb)
-- OpenNI2 found (version: 2.2.0.33, include: /usr/include/openni2, lib: /usr/lib/x86_64-linux-gnu/libOpenNI2.so;libusb::libusb)
-- Found Qhull version 8.0.2
-- OpenNI found (version: 1.5.4.0, include: /usr/include/ni, lib: /usr/lib/libOpenNI.so;libusb::libusb)
-- Found PCL_COMMON: /usr/lib/x86_64-linux-gnu/libpcl_common.so  
-- Found PCL_KDTREE: /usr/lib/x86_64-linux-gnu/libpcl_kdtree.so  
-- Found PCL_OCTREE: /usr/lib/x86_64-linux-gnu/libpcl_octree.so  
-- Found PCL_SEARCH: /usr/lib/x86_64-linux-gnu/libpcl_search.so  
-- Found PCL_SAMPLE_CONSENSUS: /usr/lib/x86_64-linux-gnu/libpcl_sample_consensus.so  
-- Found PCL_FILTERS: /usr/lib/x86_64-linux-gnu/libpcl_filters.so  
-- Found PCL_2D: /usr/include/pcl-1.12  
-- Found PCL_GEOMETRY: /usr/include/pcl-1.12  
-- Found PCL_IO: /usr/lib/x86_64-linux-gnu/libpcl_io.so  
-- Found PCL_FEATURES: /usr/lib/x86_64-linux-gnu/libpcl_features.so  
-- Found PCL_ML: /usr/lib/x86_64-linux-gnu/libpcl_ml.so  
-- Found PCL_SEGMENTATION: /usr/lib/x86_64-linux-gnu/libpcl_segmentation.so  
-- Found PCL_VISUALIZATION: /usr/lib/x86_64-linux-gnu/libpcl_visualization.so  
-- Found PCL_SURFACE: /usr/lib/x86_64-linux-gnu/libpcl_surface.so  
-- Found PCL_REGISTRATION: /usr/lib/x86_64-linux-gnu/libpcl_registration.so  
-- Found PCL_KEYPOINTS: /usr/lib/x86_64-linux-gnu/libpcl_keypoints.so  
-- Found PCL_TRACKING: /usr/lib/x86_64-linux-gnu/libpcl_tracking.so  
-- Found PCL_RECOGNITION: /usr/lib/x86_64-linux-gnu/libpcl_recognition.so  
-- Found PCL_STEREO: /usr/lib/x86_64-linux-gnu/libpcl_stereo.so  
-- Found PCL_APPS: /usr/lib/x86_64-linux-gnu/libpcl_apps.so  
-- Found PCL_IN_HAND_SCANNER: /usr/include/pcl-1.12  
-- Found PCL_MODELER: /usr/include/pcl-1.12  
-- Found PCL_POINT_CLOUD_EDITOR: /usr/include/pcl-1.12  
-- Found PCL_OUTOFCORE: /usr/lib/x86_64-linux-gnu/libpcl_outofcore.so  
-- Found PCL_PEOPLE: /usr/lib/x86_64-linux-gnu/libpcl_people.so  
-- Found cv_bridge: 3.2.1 (/opt/ros/humble/share/cv_bridge/cmake)
-- Found image_transport: 3.1.12 (/opt/ros/humble/share/image_transport/cmake)
-- Found urdf: 2.6.1 (/opt/ros/humble/share/urdf/cmake)
-- Found PkgConfig: /usr/bin/pkg-config (found version "0.29.2") 
-- Checking for module 'yaml-cpp'
--   Found yaml-cpp, version 0.7.0
CMake Warning (dev) at CMakeLists.txt:37 (find_package):
  Policy CMP0074 is not set: find_package uses <PackageName>_ROOT variables.
  Run "cmake --help-policy CMP0074" for policy details.  Use the cmake_policy
  command to set the policy and suppress this warning.

  CMake variable PCL_ROOT is set to:

    /usr

  For compatibility, CMake is ignoring the variable.
This warning is for project developers.  Use -Wno-dev to suppress it.

-- Found OpenCV: /usr (found version "4.5.4") 
-- Found Boost: /usr/lib/x86_64-linux-gnu/cmake/Boost-1.74.0/BoostConfig.cmake (found version "1.74.0") found components: filesystem system 
CMake Deprecation Warning at /home/dgut/open3d141/lib/cmake/Open3D/Open3DConfig.cmake:18 (cmake_policy):
  The OLD behavior for policy CMP0072 will be removed from a future version
  of CMake.

  The cmake-policies(7) manual explains that the OLD behaviors of all
  policies are deprecated and that a policy should be set to OLD only under
  specific short-term circumstances.  Projects should be ported to the NEW
  behavior and not rely on setting a policy to OLD.
Call Stack (most recent call first):
  CMakeLists.txt:47 (find_package)


-- Found OpenMP_C: -fopenmp (found version "4.5") 
-- Found OpenMP_CXX: -fopenmp (found version "4.5") 
-- Found OpenMP: TRUE (found version "4.5")  
-- Found X11: /usr/include   
-- Found OpenGL: /usr/lib/x86_64-linux-gnu/libOpenGL.so   
-- Found Open3D: /home/dgut/open3d141/lib/cmake/Open3D/Open3DConfig.cmake (found suitable exact version "0.14.1") 
-- Found ament_lint_auto: 0.12.15 (/opt/ros/humble/share/ament_lint_auto/cmake)
-- Added test 'copyright' to check source files copyright and LICENSE
-- Added test 'cppcheck' to perform static code analysis on C / C++ code
-- Configured cppcheck include dirs: /home/dgut/code/Nazarite/src/open3d_loc/include
-- Configured cppcheck exclude dirs and/or files: 
-- Added test 'cpplint' to check C / C++ code against the Google style
-- Configured cpplint exclude dirs and/or files: 
-- Added test 'flake8' to check Python code syntax and style conventions
-- Added test 'lint_cmake' to check CMake code style
-- Added test 'pep257' to check Python code against some of the docstring style conventions in PEP 257
-- Added test 'uncrustify' to check C / C++ code style
-- Configured uncrustify additional arguments: 
-- Added test 'xmllint' to check XML markup files
-- Configuring done
-- Generating done
-- Build files have been written to: /home/dgut/code/Nazarite/build/open3d_loc
[ 16%] Building CXX object CMakeFiles/open3d_conversions.dir/src/open3d_conversions/open3d_conversions.cpp.o
[ 33%] Building CXX object CMakeFiles/open3d_registration.dir/src/open3d_registration/open3d_registration.cpp.o
/home/dgut/code/Nazarite/src/open3d_loc/src/open3d_registration/open3d_registration.cpp: In lambda function:
/home/dgut/code/Nazarite/src/open3d_loc/src/open3d_registration/open3d_registration.cpp:114:18: warning: unused variable ‘preprocess_cost’ [-Wunused-variable]
  114 |             auto preprocess_cost = std::chrono::duration_cast<std::chrono::milliseconds>(preprocess_e - preprocess_s).count();
      |                  ^~~~~~~~~~~~~~~
/home/dgut/code/Nazarite/src/open3d_loc/src/open3d_registration/open3d_registration.cpp: In function ‘Eigen::Matrix4d pcd_tools::RegistrationMultiScaleIcp(std::shared_ptr<open3d::geometry::PointCloud>, std::shared_ptr<open3d::geometry::PointCloud>, double, int, std::vector<double>)’:
/home/dgut/code/Nazarite/src/open3d_loc/src/open3d_registration/open3d_registration.cpp:127:14: warning: unused variable ‘preprocess_all_cost’ [-Wunused-variable]
  127 |         auto preprocess_all_cost = std::chrono::duration_cast<std::chrono::milliseconds>(preprocess_all_e - preprocess_all_s).count();
      |              ^~~~~~~~~~~~~~~~~~~
/home/dgut/code/Nazarite/src/open3d_loc/src/open3d_registration/open3d_registration.cpp:147:14: warning: unused variable ‘icp_cost’ [-Wunused-variable]
  147 |         auto icp_cost = std::chrono::duration_cast<std::chrono::milliseconds>(icp_e - icp_s).count();
      |              ^~~~~~~~
/home/dgut/code/Nazarite/src/open3d_loc/src/open3d_registration/open3d_registration.cpp: In member function ‘bool pcd_tools::Open3dRegistration::RegistrationPipeline()’:
/home/dgut/code/Nazarite/src/open3d_loc/src/open3d_registration/open3d_registration.cpp:340:60: warning: variable ‘fpfh_time_s’ set but not used [-Wunused-but-set-variable]
  340 |             std::chrono::high_resolution_clock::time_point fpfh_time_s = std::chrono::high_resolution_clock::now();
      |                                                            ^~~~~~~~~~~
/home/dgut/code/Nazarite/src/open3d_loc/src/open3d_registration/open3d_registration.cpp:349:60: warning: variable ‘fpfh_time_e’ set but not used [-Wunused-but-set-variable]
  349 |             std::chrono::high_resolution_clock::time_point fpfh_time_e = std::chrono::high_resolution_clock::now();
      |                                                            ^~~~~~~~~~~
/home/dgut/code/Nazarite/src/open3d_loc/src/open3d_registration/open3d_registration.cpp:354:60: warning: variable ‘icp_time_s’ set but not used [-Wunused-but-set-variable]
  354 |             std::chrono::high_resolution_clock::time_point icp_time_s = std::chrono::high_resolution_clock::now();
      |                                                            ^~~~~~~~~~
/home/dgut/code/Nazarite/src/open3d_loc/src/open3d_registration/open3d_registration.cpp:358:60: warning: variable ‘icp_time_e’ set but not used [-Wunused-but-set-variable]
  358 |             std::chrono::high_resolution_clock::time_point icp_time_e = std::chrono::high_resolution_clock::now();
      |                                                            ^~~~~~~~~~
/home/dgut/code/Nazarite/src/open3d_loc/src/open3d_registration/open3d_registration.cpp:335:56: warning: variable ‘start_time’ set but not used [-Wunused-but-set-variable]
  335 |         std::chrono::high_resolution_clock::time_point start_time = std::chrono::high_resolution_clock::now();
      |                                                        ^~~~~~~~~~
/home/dgut/code/Nazarite/src/open3d_loc/src/open3d_registration/open3d_registration.cpp:364:56: warning: variable ‘total_time’ set but not used [-Wunused-but-set-variable]
  364 |         std::chrono::high_resolution_clock::time_point total_time = std::chrono::high_resolution_clock::now();
      |                                                        ^~~~~~~~~~
/home/dgut/code/Nazarite/src/open3d_loc/src/open3d_conversions/open3d_conversions.cpp: In function ‘void open3d_conversions::open3dToRos(const open3d::t::geometry::PointCloud&, sensor_msgs::msg::PointCloud2&, std::string, int, ...)’:
/home/dgut/code/Nazarite/src/open3d_loc/src/open3d_conversions/open3d_conversions.cpp:160:30: warning: comparison of integer expressions of different signedness: ‘size_t’ {aka ‘long unsigned int’} and ‘__gnu_cxx::__alloc_traits<std::allocator<long int>, long int>::value_type’ {aka ‘long int’} [-Wsign-compare]
  160 |         for (size_t i = 0; i < o3d_TensorList_points.GetShape()[0]; i++, ++ros_pc2_x, ++ros_pc2_y, ++ros_pc2_z)
/home/dgut/code/Nazarite/src/open3d_loc/src/open3d_conversions/open3d_conversions.cpp:174:30: warning: comparison of integer expressions of different signedness: ‘size_t’ {aka ‘long unsigned int’} and ‘__gnu_cxx::__alloc_traits<std::allocator<long int>, long int>::value_type’ {aka ‘long int’} [-Wsign-compare]
  174 |         for (size_t i = 0; i < o3d_TensorList_points.GetShape()[0]; i++, ++ros_pc2_r, ++ros_pc2_g, ++ros_pc2_b)
/home/dgut/code/Nazarite/src/open3d_loc/src/open3d_conversions/open3d_conversions.cpp:190:32: warning: comparison of integer expressions of different signedness: ‘size_t’ {aka ‘long unsigned int’} and ‘__gnu_cxx::__alloc_traits<std::allocator<long int>, long int>::value_type’ {aka ‘long int’} [-Wsign-compare]
  190 |           for (size_t i = 0; i < o3d_TensorList_points.GetShape()[0];
/home/dgut/code/Nazarite/src/open3d_loc/src/open3d_conversions/open3d_conversions.cpp:204:32: warning: comparison of integer expressions of different signedness: ‘size_t’ {aka ‘long unsigned int’} and ‘__gnu_cxx::__alloc_traits<std::allocator<long int>, long int>::value_type’ {aka ‘long int’} [-Wsign-compare]
  204 |           for (size_t i = 0; i < o3d_TensorList_points.GetShape()[0];
/home/dgut/code/Nazarite/src/open3d_loc/src/open3d_conversions/open3d_conversions.cpp:184:37: warning: unused variable ‘o3d_TensorList_fields’ [-Wunused-variable]
  184 |         const open3d::core::Tensor &o3d_TensorList_fields = pointcloud.GetPointAttr(*field_name);
      |                                     ^~~~~~~~~~~~~~~~~~~~~
/home/dgut/code/Nazarite/src/open3d_loc/src/open3d_conversions/open3d_conversions.cpp: In function ‘void open3d_conversions::rosToOpen3d(const std::shared_ptr<const sensor_msgs::msg::PointCloud2_<std::allocator<void> > >&, open3d::t::geometry::PointCloud&, bool)’:
/home/dgut/code/Nazarite/src/open3d_loc/src/open3d_conversions/open3d_conversions.cpp:229:41: warning: comparison of integer expressions of different signedness: ‘int’ and ‘std::vector<sensor_msgs::msg::PointField_<std::allocator<void> >, std::allocator<sensor_msgs::msg::PointField_<std::allocator<void> > > >::size_type’ {aka ‘long unsigned int’} [-Wsign-compare]
  229 |     for (int num_fields = 0; num_fields < ros_pc2->fields.size(); num_fields++)
      |                              ~~~~~~~~~~~^~~~~~~~~~~~~~~~~~~~~~~~
/home/dgut/code/Nazarite/src/open3d_loc/src/open3d_conversions/open3d_conversions.cpp:225:25: warning: variable ‘dtype_lf’ set but not used [-Wunused-but-set-variable]
  225 |     open3d::core::Dtype dtype_lf = open3d::core::Dtype::Float64;
      |                         ^~~~~~~~
[ 50%] Linking CXX static library libopen3d_registration.a
[ 50%] Built target open3d_registration
[ 66%] Linking CXX static library libopen3d_conversions.a
[ 66%] Built target open3d_conversions
[ 83%] Building CXX object CMakeFiles/global_localization_node.dir/src/global_localization.cpp.o
/home/dgut/code/Nazarite/src/open3d_loc/src/global_localization.cpp: In member function ‘void GloabalLocalization::CallbackBaselink2Odom(nav_msgs::msg::Odometry_<std::allocator<void> >::SharedPtr)’:
/home/dgut/code/Nazarite/src/open3d_loc/src/global_localization.cpp:548:10: warning: variable ‘odom_cbk_s’ set but not used [-Wunused-but-set-variable]
  548 |     auto odom_cbk_s = std::chrono::high_resolution_clock::now();
      |          ^~~~~~~~~~
/home/dgut/code/Nazarite/src/open3d_loc/src/global_localization.cpp: In member function ‘void GloabalLocalization::CallbackScan(sensor_msgs::msg::PointCloud2_<std::allocator<void> >::SharedPtr)’:
/home/dgut/code/Nazarite/src/open3d_loc/src/global_localization.cpp:676:10: warning: variable ‘cbk_s’ set but not used [-Wunused-but-set-variable]
  676 |     auto cbk_s = std::chrono::high_resolution_clock::now();
      |          ^~~~~
/home/dgut/code/Nazarite/src/open3d_loc/src/global_localization.cpp:706:10: warning: variable ‘cbk_e’ set but not used [-Wunused-but-set-variable]
  706 |     auto cbk_e = std::chrono::high_resolution_clock::now();
      |          ^~~~~
/home/dgut/code/Nazarite/src/open3d_loc/src/global_localization.cpp: In member function ‘void GloabalLocalization::LocalizationInitialize()’:
/home/dgut/code/Nazarite/src/open3d_loc/src/global_localization.cpp:768:18: warning: variable ‘reg0_s’ set but not used [-Wunused-but-set-variable]
  768 |             auto reg0_s = std::chrono::high_resolution_clock::now();
      |                  ^~~~~~
/home/dgut/code/Nazarite/src/open3d_loc/src/global_localization.cpp: In member function ‘void GloabalLocalization::Localization()’:
/home/dgut/code/Nazarite/src/open3d_loc/src/global_localization.cpp:1001:18: warning: variable ‘reg0_s’ set but not used [-Wunused-but-set-variable]
 1001 |             auto reg0_s = std::chrono::high_resolution_clock::now();
      |                  ^~~~~~
/home/dgut/code/Nazarite/src/open3d_loc/src/global_localization.cpp:890:12: warning: unused variable ‘fitness’ [-Wunused-variable]
  890 |     double fitness = 0;
      |            ^~~~~~~
[100%] Linking CXX executable global_localization_node
/usr/bin/ld: /home/dgut/open3d141/lib/libOpen3D_3rdparty_blas_mkl_merged.a(dgetsqr_tbb.o): warning: relocation against `_ZN3tbb10interface98internal9start_forINS_13blocked_rangeImEENS_8internal17parallel_for_bodyIZ18mkl_lapack_dgetsqrEUlmE0_mEENS_20affinity_partitionerEED1Ev' in read-only section `.rodata._ZTVN3tbb10interface98internal9start_forINS_13blocked_rangeImEENS_8internal17parallel_for_bodyIZ18mkl_lapack_dgetsqrEUlmE0_mEENS_20affinity_partitionerEEE[_ZTVN3tbb10interface98internal9start_forINS_13blocked_rangeImEENS_8internal17parallel_for_bodyIZ18mkl_lapack_dgetsqrEUlmE0_mEENS_20affinity_partitionerEEE]'
/usr/bin/ld: warning: creating DT_TEXTREL in a PIE
[100%] Built target global_localization_node
-- Install configuration: "Release"
-- Execute custom install script
-- Symlinking: /home/dgut/code/Nazarite/install/open3d_loc/lib/libopen3d_registration.a
-- Symlinking: /home/dgut/code/Nazarite/install/open3d_loc/lib/libopen3d_conversions.a
-- Symlinking: /home/dgut/code/Nazarite/install/open3d_loc/lib/open3d_loc/global_localization_node
-- Symlinking: /home/dgut/code/Nazarite/install/open3d_loc/share/open3d_loc//launch/__pycache__/open3d_loc_g1.launch.cpython-310.pyc
-- Symlinking: /home/dgut/code/Nazarite/install/open3d_loc/share/open3d_loc//launch/localization_3d_g1.launch.py
-- Symlinking: /home/dgut/code/Nazarite/install/open3d_loc/share/open3d_loc//launch/open3d_loc_g1.launch.py
-- Symlinking: /home/dgut/code/Nazarite/install/open3d_loc/share/open3d_loc//config/loc_param_g1.yaml
-- Symlinking: /home/dgut/code/Nazarite/install/open3d_loc/share/open3d_loc//rviz_cfg/.gitignore
-- Symlinking: /home/dgut/code/Nazarite/install/open3d_loc/share/open3d_loc//rviz_cfg/fastlio.rviz
-- Symlinking: /home/dgut/code/Nazarite/install/open3d_loc/include/open3d_loc/open3d_conversions/DpgtConversions.h
-- Symlinking: /home/dgut/code/Nazarite/install/open3d_loc/include/open3d_loc/open3d_conversions/RosConversions.h
-- Symlinking: /home/dgut/code/Nazarite/install/open3d_loc/include/open3d_loc/open3d_conversions/open3d_conversions.h
-- Symlinking: /home/dgut/code/Nazarite/install/open3d_loc/include/open3d_loc/open3d_registration/open3d_registration.h
-- Symlinking: /home/dgut/code/Nazarite/install/open3d_loc/share/ament_index/resource_index/package_run_dependencies/open3d_loc
-- Symlinking: /home/dgut/code/Nazarite/install/open3d_loc/share/ament_index/resource_index/parent_prefix_path/open3d_loc
-- Symlinking: /home/dgut/code/Nazarite/install/open3d_loc/share/open3d_loc/environment/ament_prefix_path.sh
-- Symlinking: /home/dgut/code/Nazarite/install/open3d_loc/share/open3d_loc/environment/ament_prefix_path.dsv
-- Symlinking: /home/dgut/code/Nazarite/install/open3d_loc/share/open3d_loc/environment/path.sh
-- Symlinking: /home/dgut/code/Nazarite/install/open3d_loc/share/open3d_loc/environment/path.dsv
-- Symlinking: /home/dgut/code/Nazarite/install/open3d_loc/share/open3d_loc/local_setup.bash
-- Symlinking: /home/dgut/code/Nazarite/install/open3d_loc/share/open3d_loc/local_setup.sh
-- Symlinking: /home/dgut/code/Nazarite/install/open3d_loc/share/open3d_loc/local_setup.zsh
-- Symlinking: /home/dgut/code/Nazarite/install/open3d_loc/share/open3d_loc/local_setup.dsv
-- Symlinking: /home/dgut/code/Nazarite/install/open3d_loc/share/open3d_loc/package.dsv
-- Symlinking: /home/dgut/code/Nazarite/install/open3d_loc/share/ament_index/resource_index/packages/open3d_loc
-- Symlinking: /home/dgut/code/Nazarite/install/open3d_loc/share/open3d_loc/cmake/open3d_locConfig.cmake
-- Symlinking: /home/dgut/code/Nazarite/install/open3d_loc/share/open3d_loc/cmake/open3d_locConfig-version.cmake
-- Symlinking: /home/dgut/code/Nazarite/install/open3d_loc/share/open3d_loc/package.xml
