[0.022s] Invoking command in '/home/dgut/code/Nazarite/build/open3d_loc': CMAKE_PREFIX_PATH=/opt/ros/humble /usr/bin/cmake /home/dgut/code/Nazarite/src/open3d_loc -DAMENT_CMAKE_SYMLINK_INSTALL=1 -DCMAKE_INSTALL_PREFIX=/home/dgut/code/Nazarite/install/open3d_loc
[0.278s] -- The C compiler identification is GNU 11.4.0
[0.278s] -- The CXX compiler identification is GNU 11.4.0
[0.278s] -- Detecting C compiler ABI info
[0.278s] -- Detecting C compiler ABI info - done
[0.278s] -- Check for working C compiler: /usr/bin/cc - skipped
[0.278s] -- Detecting C compile features
[0.278s] -- Detecting C compile features - done
[0.278s] -- Detecting CXX compiler ABI info
[0.278s] -- Detecting CXX compiler ABI info - done
[0.481s] -- Check for working CXX compiler: /usr/bin/c++ - skipped
[0.482s] -- Detecting CXX compile features
[0.482s] -- Detecting CXX compile features - done
[0.482s] -- Found ament_cmake: 1.3.14 (/opt/ros/humble/share/ament_cmake/cmake)
[0.482s] -- Found Python3: /usr/bin/python3 (found version "3.10.12") found components: Interpreter 
[0.482s] -- Override CMake install command with custom implementation using symlinks instead of copying resources
[0.482s] -- Found rclcpp: 16.0.18 (/opt/ros/humble/share/rclcpp/cmake)
[0.509s] -- Found rosidl_generator_c: 3.1.8 (/opt/ros/humble/share/rosidl_generator_c/cmake)
[0.513s] -- Found rosidl_adapter: 3.1.8 (/opt/ros/humble/share/rosidl_adapter/cmake)
[0.519s] -- Found rosidl_generator_cpp: 3.1.8 (/opt/ros/humble/share/rosidl_generator_cpp/cmake)
[0.528s] -- Using all available rosidl_typesupport_c: rosidl_typesupport_fastrtps_c;rosidl_typesupport_introspection_c
[0.540s] -- Using all available rosidl_typesupport_cpp: rosidl_typesupport_fastrtps_cpp;rosidl_typesupport_introspection_cpp
[0.584s] -- Found rmw_implementation_cmake: 6.1.2 (/opt/ros/humble/share/rmw_implementation_cmake/cmake)
[0.584s] -- Found rmw_cyclonedds_cpp: 1.3.4 (/opt/ros/humble/share/rmw_cyclonedds_cpp/cmake)
[0.593s] -- Using RMW implementation 'rmw_cyclonedds_cpp' as default
[0.600s] -- Looking for pthread.h
[0.662s] -- Looking for pthread.h - found
[0.662s] -- Performing Test CMAKE_HAVE_LIBC_PTHREAD
[0.722s] -- Performing Test CMAKE_HAVE_LIBC_PTHREAD - Success
[0.723s] -- Found Threads: TRUE  
[0.769s] -- Found rclpy: 3.3.21 (/opt/ros/humble/share/rclpy/cmake)
[0.771s] -- Found geometry_msgs: 4.9.1 (/opt/ros/humble/share/geometry_msgs/cmake)
[0.781s] -- Found nav_msgs: 4.9.1 (/opt/ros/humble/share/nav_msgs/cmake)
[0.796s] -- Found sensor_msgs: 4.9.1 (/opt/ros/humble/share/sensor_msgs/cmake)
[0.808s] -- Found tf2: 0.25.19 (/opt/ros/humble/share/tf2/cmake)
[0.816s] -- Found tf2_ros: 0.25.19 (/opt/ros/humble/share/tf2_ros/cmake)
[0.882s] -- Found tf2_geometry_msgs: 0.25.19 (/opt/ros/humble/share/tf2_geometry_msgs/cmake)
[0.896s] -- Found eigen3_cmake_module: 0.1.1 (/opt/ros/humble/share/eigen3_cmake_module/cmake)
[0.897s] -- Found Eigen3: TRUE (found version "3.4.0") 
[0.897s] -- Ensuring Eigen3 include directory is part of orocos-kdl CMake target
[0.898s] -- Found tf2_eigen: 0.25.19 (/opt/ros/humble/share/tf2_eigen/cmake)
[0.901s] -- Found tf2_sensor_msgs: 0.25.19 (/opt/ros/humble/share/tf2_sensor_msgs/cmake)
[0.905s] -- Found pcl_ros: 2.4.5 (/opt/ros/humble/share/pcl_ros/cmake)
[0.937s] -- Checking for module 'eigen3'
[0.948s] --   Found eigen3, version 3.4.0
[0.978s] -- Found Eigen: /usr/include/eigen3 (Required is at least version "3.1") 
[0.978s] -- Eigen found (include: /usr/include/eigen3, version: 3.4.0)
[1.015s] -- Checking for module 'flann'
[1.028s] --   Found flann, version 1.9.1
[1.075s] -- Found FLANN: /usr/lib/x86_64-linux-gnu/libflann_cpp.so  
[1.076s] -- FLANN found (include: /usr/include, lib: /usr/lib/x86_64-linux-gnu/libflann_cpp.so)
[2.037s] -- Checking for module 'libusb-1.0'
[2.053s] --   Found libusb-1.0, version 1.0.25
[2.104s] -- Found libusb: /usr/lib/x86_64-linux-gnu/libusb-1.0.so  
[2.104s] -- OpenNI found (version: 1.5.4.0, include: /usr/include/ni, lib: /usr/lib/libOpenNI.so;libusb::libusb)
[2.196s] -- OpenNI2 found (version: 2.2.0.33, include: /usr/include/openni2, lib: /usr/lib/x86_64-linux-gnu/libOpenNI2.so;libusb::libusb)
[2.453s] -- Eigen found (include: /usr/include/eigen3, version: 3.4.0)
[2.465s] -- OpenNI found (version: 1.5.4.0, include: /usr/include/ni, lib: /usr/lib/libOpenNI.so;libusb::libusb)
[2.476s] -- OpenNI2 found (version: 2.2.0.33, include: /usr/include/openni2, lib: /usr/lib/x86_64-linux-gnu/libOpenNI2.so;libusb::libusb)
[2.754s] -- Found Qhull version 8.0.2
[2.953s] -- OpenNI found (version: 1.5.4.0, include: /usr/include/ni, lib: /usr/lib/libOpenNI.so;libusb::libusb)
[3.123s] -- Found PCL_COMMON: /usr/lib/x86_64-linux-gnu/libpcl_common.so  
[3.124s] -- Found PCL_KDTREE: /usr/lib/x86_64-linux-gnu/libpcl_kdtree.so  
[3.124s] -- Found PCL_OCTREE: /usr/lib/x86_64-linux-gnu/libpcl_octree.so  
[3.125s] -- Found PCL_SEARCH: /usr/lib/x86_64-linux-gnu/libpcl_search.so  
[3.126s] -- Found PCL_SAMPLE_CONSENSUS: /usr/lib/x86_64-linux-gnu/libpcl_sample_consensus.so  
[3.127s] -- Found PCL_FILTERS: /usr/lib/x86_64-linux-gnu/libpcl_filters.so  
[3.127s] -- Found PCL_2D: /usr/include/pcl-1.12  
[3.128s] -- Found PCL_GEOMETRY: /usr/include/pcl-1.12  
[3.129s] -- Found PCL_IO: /usr/lib/x86_64-linux-gnu/libpcl_io.so  
[3.129s] -- Found PCL_FEATURES: /usr/lib/x86_64-linux-gnu/libpcl_features.so  
[3.130s] -- Found PCL_ML: /usr/lib/x86_64-linux-gnu/libpcl_ml.so  
[3.131s] -- Found PCL_SEGMENTATION: /usr/lib/x86_64-linux-gnu/libpcl_segmentation.so  
[3.132s] -- Found PCL_VISUALIZATION: /usr/lib/x86_64-linux-gnu/libpcl_visualization.so  
[3.133s] -- Found PCL_SURFACE: /usr/lib/x86_64-linux-gnu/libpcl_surface.so  
[3.134s] -- Found PCL_REGISTRATION: /usr/lib/x86_64-linux-gnu/libpcl_registration.so  
[3.135s] -- Found PCL_KEYPOINTS: /usr/lib/x86_64-linux-gnu/libpcl_keypoints.so  
[3.136s] -- Found PCL_TRACKING: /usr/lib/x86_64-linux-gnu/libpcl_tracking.so  
[3.137s] -- Found PCL_RECOGNITION: /usr/lib/x86_64-linux-gnu/libpcl_recognition.so  
[3.138s] -- Found PCL_STEREO: /usr/lib/x86_64-linux-gnu/libpcl_stereo.so  
[3.139s] -- Found PCL_APPS: /usr/lib/x86_64-linux-gnu/libpcl_apps.so  
[3.140s] -- Found PCL_IN_HAND_SCANNER: /usr/include/pcl-1.12  
[3.140s] -- Found PCL_MODELER: /usr/include/pcl-1.12  
[3.141s] -- Found PCL_POINT_CLOUD_EDITOR: /usr/include/pcl-1.12  
[3.142s] -- Found PCL_OUTOFCORE: /usr/lib/x86_64-linux-gnu/libpcl_outofcore.so  
[3.143s] -- Found PCL_PEOPLE: /usr/lib/x86_64-linux-gnu/libpcl_people.so  
[3.155s] -- Found cv_bridge: 3.2.1 (/opt/ros/humble/share/cv_bridge/cmake)
[3.169s] -- Found image_transport: 3.1.12 (/opt/ros/humble/share/image_transport/cmake)
[3.191s] -- Found urdf: 2.6.1 (/opt/ros/humble/share/urdf/cmake)
[3.204s] -- Found PkgConfig: /usr/bin/pkg-config (found version "0.29.2") 
[3.205s] -- Checking for module 'yaml-cpp'
[3.224s] --   Found yaml-cpp, version 0.7.0
[3.270s] CMake Warning (dev) at CMakeLists.txt:37 (find_package):
[3.270s]   Policy CMP0074 is not set: find_package uses <PackageName>_ROOT variables.
[3.270s]   Run "cmake --help-policy CMP0074" for policy details.  Use the cmake_policy
[3.270s]   command to set the policy and suppress this warning.
[3.270s] 
[3.270s]   CMake variable PCL_ROOT is set to:
[3.270s] 
[3.270s]     /usr
[3.270s] 
[3.270s]   For compatibility, CMake is ignoring the variable.
[3.270s] This warning is for project developers.  Use -Wno-dev to suppress it.
[3.270s] 
[3.283s] -- Found OpenCV: /usr (found version "4.5.4") 
[3.288s] -- Found Boost: /usr/lib/x86_64-linux-gnu/cmake/Boost-1.74.0/BoostConfig.cmake (found version "1.74.0") found components: filesystem system 
[3.290s] CMake Deprecation Warning at /home/dgut/open3d141/lib/cmake/Open3D/Open3DConfig.cmake:18 (cmake_policy):
[3.290s]   The OLD behavior for policy CMP0072 will be removed from a future version
[3.290s]   of CMake.
[3.290s] 
[3.290s]   The cmake-policies(7) manual explains that the OLD behaviors of all
[3.290s]   policies are deprecated and that a policy should be set to OLD only under
[3.291s]   specific short-term circumstances.  Projects should be ported to the NEW
[3.291s]   behavior and not rely on setting a policy to OLD.
[3.291s] Call Stack (most recent call first):
[3.291s]   CMakeLists.txt:47 (find_package)
[3.291s] 
[3.291s] 
[3.547s] -- Found OpenMP_C: -fopenmp (found version "4.5") 
[3.642s] -- Found OpenMP_CXX: -fopenmp (found version "4.5") 
[3.642s] -- Found OpenMP: TRUE (found version "4.5")  
[3.670s] -- Found X11: /usr/include   
[3.674s] -- Found OpenGL: /usr/lib/x86_64-linux-gnu/libOpenGL.so   
[3.678s] -- Found Open3D: /home/dgut/open3d141/lib/cmake/Open3D/Open3DConfig.cmake (found suitable exact version "0.14.1") 
[3.695s] -- Found ament_lint_auto: 0.12.15 (/opt/ros/humble/share/ament_lint_auto/cmake)
[3.798s] -- Added test 'copyright' to check source files copyright and LICENSE
[3.798s] -- Added test 'cppcheck' to perform static code analysis on C / C++ code
[3.799s] -- Configured cppcheck include dirs: /home/dgut/code/Nazarite/src/open3d_loc/include
[3.799s] -- Configured cppcheck exclude dirs and/or files: 
[3.801s] -- Added test 'cpplint' to check C / C++ code against the Google style
[3.801s] -- Configured cpplint exclude dirs and/or files: 
[3.802s] -- Added test 'flake8' to check Python code syntax and style conventions
[3.803s] -- Added test 'lint_cmake' to check CMake code style
[3.803s] -- Added test 'pep257' to check Python code against some of the docstring style conventions in PEP 257
[3.805s] -- Added test 'uncrustify' to check C / C++ code style
[3.805s] -- Configured uncrustify additional arguments: 
[3.806s] -- Added test 'xmllint' to check XML markup files
[3.808s] -- Configuring done
[3.877s] -- Generating done
[3.895s] -- Build files have been written to: /home/dgut/code/Nazarite/build/open3d_loc
[3.932s] Invoked command in '/home/dgut/code/Nazarite/build/open3d_loc' returned '0': CMAKE_PREFIX_PATH=/opt/ros/humble /usr/bin/cmake /home/dgut/code/Nazarite/src/open3d_loc -DAMENT_CMAKE_SYMLINK_INSTALL=1 -DCMAKE_INSTALL_PREFIX=/home/dgut/code/Nazarite/install/open3d_loc
[3.933s] Invoking command in '/home/dgut/code/Nazarite/build/open3d_loc': CMAKE_PREFIX_PATH=/opt/ros/humble /usr/bin/cmake --build /home/dgut/code/Nazarite/build/open3d_loc -- -j16 -l16
[3.993s] [ 16%] Building CXX object CMakeFiles/open3d_conversions.dir/src/open3d_conversions/open3d_conversions.cpp.o
[3.998s] [ 33%] Building CXX object CMakeFiles/open3d_registration.dir/src/open3d_registration/open3d_registration.cpp.o
[7.351s] /home/dgut/code/Nazarite/src/open3d_loc/src/open3d_registration/open3d_registration.cpp: In lambda function:
[7.351s] /home/dgut/code/Nazarite/src/open3d_loc/src/open3d_registration/open3d_registration.cpp:114:18: warning: unused variable ‘preprocess_cost’ [-Wunused-variable]
[7.351s]   114 |             auto preprocess_cost = std::chrono::duration_cast<std::chrono::milliseconds>(preprocess_e - preprocess_s).count();
[7.351s]       |                  ^~~~~~~~~~~~~~~
[7.383s] /home/dgut/code/Nazarite/src/open3d_loc/src/open3d_registration/open3d_registration.cpp: In function ‘Eigen::Matrix4d pcd_tools::RegistrationMultiScaleIcp(std::shared_ptr<open3d::geometry::PointCloud>, std::shared_ptr<open3d::geometry::PointCloud>, double, int, std::vector<double>)’:
[7.383s] /home/dgut/code/Nazarite/src/open3d_loc/src/open3d_registration/open3d_registration.cpp:127:14: warning: unused variable ‘preprocess_all_cost’ [-Wunused-variable]
[7.384s]   127 |         auto preprocess_all_cost = std::chrono::duration_cast<std::chrono::milliseconds>(preprocess_all_e - preprocess_all_s).count();
[7.384s]       |              ^~~~~~~~~~~~~~~~~~~
[7.384s] /home/dgut/code/Nazarite/src/open3d_loc/src/open3d_registration/open3d_registration.cpp:147:14: warning: unused variable ‘icp_cost’ [-Wunused-variable]
[7.384s]   147 |         auto icp_cost = std::chrono::duration_cast<std::chrono::milliseconds>(icp_e - icp_s).count();
[7.384s]       |              ^~~~~~~~
[7.439s] /home/dgut/code/Nazarite/src/open3d_loc/src/open3d_registration/open3d_registration.cpp: In member function ‘bool pcd_tools::Open3dRegistration::RegistrationPipeline()’:
[7.439s] /home/dgut/code/Nazarite/src/open3d_loc/src/open3d_registration/open3d_registration.cpp:340:60: warning: variable ‘fpfh_time_s’ set but not used [-Wunused-but-set-variable]
[7.439s]   340 |             std::chrono::high_resolution_clock::time_point fpfh_time_s = std::chrono::high_resolution_clock::now();
[7.439s]       |                                                            ^~~~~~~~~~~
[7.439s] /home/dgut/code/Nazarite/src/open3d_loc/src/open3d_registration/open3d_registration.cpp:349:60: warning: variable ‘fpfh_time_e’ set but not used [-Wunused-but-set-variable]
[7.439s]   349 |             std::chrono::high_resolution_clock::time_point fpfh_time_e = std::chrono::high_resolution_clock::now();
[7.439s]       |                                                            ^~~~~~~~~~~
[7.499s] /home/dgut/code/Nazarite/src/open3d_loc/src/open3d_registration/open3d_registration.cpp:354:60: warning: variable ‘icp_time_s’ set but not used [-Wunused-but-set-variable]
[7.499s]   354 |             std::chrono::high_resolution_clock::time_point icp_time_s = std::chrono::high_resolution_clock::now();
[7.499s]       |                                                            ^~~~~~~~~~
[7.499s] /home/dgut/code/Nazarite/src/open3d_loc/src/open3d_registration/open3d_registration.cpp:358:60: warning: variable ‘icp_time_e’ set but not used [-Wunused-but-set-variable]
[7.499s]   358 |             std::chrono::high_resolution_clock::time_point icp_time_e = std::chrono::high_resolution_clock::now();
[7.499s]       |                                                            ^~~~~~~~~~
[7.499s] /home/dgut/code/Nazarite/src/open3d_loc/src/open3d_registration/open3d_registration.cpp:335:56: warning: variable ‘start_time’ set but not used [-Wunused-but-set-variable]
[7.499s]   335 |         std::chrono::high_resolution_clock::time_point start_time = std::chrono::high_resolution_clock::now();
[7.499s]       |                                                        ^~~~~~~~~~
[7.499s] /home/dgut/code/Nazarite/src/open3d_loc/src/open3d_registration/open3d_registration.cpp:364:56: warning: variable ‘total_time’ set but not used [-Wunused-but-set-variable]
[7.499s]   364 |         std::chrono::high_resolution_clock::time_point total_time = std::chrono::high_resolution_clock::now();
[7.499s]       |                                                        ^~~~~~~~~~
[12.704s] /home/dgut/code/Nazarite/src/open3d_loc/src/open3d_conversions/open3d_conversions.cpp: In function ‘void open3d_conversions::open3dToRos(const open3d::t::geometry::PointCloud&, sensor_msgs::msg::PointCloud2&, std::string, int, ...)’:
[12.704s] /home/dgut/code/Nazarite/src/open3d_loc/src/open3d_conversions/open3d_conversions.cpp:160:30: warning: comparison of integer expressions of different signedness: ‘size_t’ {aka ‘long unsigned int’} and ‘__gnu_cxx::__alloc_traits<std::allocator<long int>, long int>::value_type’ {aka ‘long int’} [-Wsign-compare]
[12.704s]   160 |         for (size_t i = 0; i < o3d_TensorList_points.GetShape()[0]; i++, ++ros_pc2_x, ++ros_pc2_y, ++ros_pc2_z)
[12.705s] /home/dgut/code/Nazarite/src/open3d_loc/src/open3d_conversions/open3d_conversions.cpp:174:30: warning: comparison of integer expressions of different signedness: ‘size_t’ {aka ‘long unsigned int’} and ‘__gnu_cxx::__alloc_traits<std::allocator<long int>, long int>::value_type’ {aka ‘long int’} [-Wsign-compare]
[12.705s]   174 |         for (size_t i = 0; i < o3d_TensorList_points.GetShape()[0]; i++, ++ros_pc2_r, ++ros_pc2_g, ++ros_pc2_b)
[12.706s] /home/dgut/code/Nazarite/src/open3d_loc/src/open3d_conversions/open3d_conversions.cpp:190:32: warning: comparison of integer expressions of different signedness: ‘size_t’ {aka ‘long unsigned int’} and ‘__gnu_cxx::__alloc_traits<std::allocator<long int>, long int>::value_type’ {aka ‘long int’} [-Wsign-compare]
[12.706s]   190 |           for (size_t i = 0; i < o3d_TensorList_points.GetShape()[0];
[12.706s] /home/dgut/code/Nazarite/src/open3d_loc/src/open3d_conversions/open3d_conversions.cpp:204:32: warning: comparison of integer expressions of different signedness: ‘size_t’ {aka ‘long unsigned int’} and ‘__gnu_cxx::__alloc_traits<std::allocator<long int>, long int>::value_type’ {aka ‘long int’} [-Wsign-compare]
[12.707s]   204 |           for (size_t i = 0; i < o3d_TensorList_points.GetShape()[0];
[12.707s] /home/dgut/code/Nazarite/src/open3d_loc/src/open3d_conversions/open3d_conversions.cpp:184:37: warning: unused variable ‘o3d_TensorList_fields’ [-Wunused-variable]
[12.707s]   184 |         const open3d::core::Tensor &o3d_TensorList_fields = pointcloud.GetPointAttr(*field_name);
[12.707s]       |                                     ^~~~~~~~~~~~~~~~~~~~~
[12.708s] /home/dgut/code/Nazarite/src/open3d_loc/src/open3d_conversions/open3d_conversions.cpp: In function ‘void open3d_conversions::rosToOpen3d(const std::shared_ptr<const sensor_msgs::msg::PointCloud2_<std::allocator<void> > >&, open3d::t::geometry::PointCloud&, bool)’:
[12.708s] /home/dgut/code/Nazarite/src/open3d_loc/src/open3d_conversions/open3d_conversions.cpp:229:41: warning: comparison of integer expressions of different signedness: ‘int’ and ‘std::vector<sensor_msgs::msg::PointField_<std::allocator<void> >, std::allocator<sensor_msgs::msg::PointField_<std::allocator<void> > > >::size_type’ {aka ‘long unsigned int’} [-Wsign-compare]
[12.708s]   229 |     for (int num_fields = 0; num_fields < ros_pc2->fields.size(); num_fields++)
[12.708s]       |                              ~~~~~~~~~~~^~~~~~~~~~~~~~~~~~~~~~~~
[12.711s] /home/dgut/code/Nazarite/src/open3d_loc/src/open3d_conversions/open3d_conversions.cpp:225:25: warning: variable ‘dtype_lf’ set but not used [-Wunused-but-set-variable]
[12.711s]   225 |     open3d::core::Dtype dtype_lf = open3d::core::Dtype::Float64;
[12.711s]       |                         ^~~~~~~~
[12.823s] [ 50%] Linking CXX static library libopen3d_registration.a
[12.956s] [ 50%] Built target open3d_registration
[19.213s] [ 66%] Linking CXX static library libopen3d_conversions.a
[19.267s] [ 66%] Built target open3d_conversions
[19.285s] [ 83%] Building CXX object CMakeFiles/global_localization_node.dir/src/global_localization.cpp.o
[23.384s] /home/dgut/code/Nazarite/src/open3d_loc/src/global_localization.cpp: In member function ‘void GloabalLocalization::CallbackBaselink2Odom(nav_msgs::msg::Odometry_<std::allocator<void> >::SharedPtr)’:
[23.384s] /home/dgut/code/Nazarite/src/open3d_loc/src/global_localization.cpp:548:10: warning: variable ‘odom_cbk_s’ set but not used [-Wunused-but-set-variable]
[23.384s]   548 |     auto odom_cbk_s = std::chrono::high_resolution_clock::now();
[23.384s]       |          ^~~~~~~~~~
[23.401s] /home/dgut/code/Nazarite/src/open3d_loc/src/global_localization.cpp: In member function ‘void GloabalLocalization::CallbackScan(sensor_msgs::msg::PointCloud2_<std::allocator<void> >::SharedPtr)’:
[23.401s] /home/dgut/code/Nazarite/src/open3d_loc/src/global_localization.cpp:676:10: warning: variable ‘cbk_s’ set but not used [-Wunused-but-set-variable]
[23.401s]   676 |     auto cbk_s = std::chrono::high_resolution_clock::now();
[23.401s]       |          ^~~~~
[23.401s] /home/dgut/code/Nazarite/src/open3d_loc/src/global_localization.cpp:706:10: warning: variable ‘cbk_e’ set but not used [-Wunused-but-set-variable]
[23.401s]   706 |     auto cbk_e = std::chrono::high_resolution_clock::now();
[23.401s]       |          ^~~~~
[23.407s] /home/dgut/code/Nazarite/src/open3d_loc/src/global_localization.cpp: In member function ‘void GloabalLocalization::LocalizationInitialize()’:
[23.407s] /home/dgut/code/Nazarite/src/open3d_loc/src/global_localization.cpp:768:18: warning: variable ‘reg0_s’ set but not used [-Wunused-but-set-variable]
[23.407s]   768 |             auto reg0_s = std::chrono::high_resolution_clock::now();
[23.407s]       |                  ^~~~~~
[23.425s] /home/dgut/code/Nazarite/src/open3d_loc/src/global_localization.cpp: In member function ‘void GloabalLocalization::Localization()’:
[23.425s] /home/dgut/code/Nazarite/src/open3d_loc/src/global_localization.cpp:1001:18: warning: variable ‘reg0_s’ set but not used [-Wunused-but-set-variable]
[23.425s]  1001 |             auto reg0_s = std::chrono::high_resolution_clock::now();
[23.425s]       |                  ^~~~~~
[23.425s] /home/dgut/code/Nazarite/src/open3d_loc/src/global_localization.cpp:890:12: warning: unused variable ‘fitness’ [-Wunused-variable]
[23.425s]   890 |     double fitness = 0;
[23.426s]       |            ^~~~~~~
[47.316s] [100%] Linking CXX executable global_localization_node
[52.259s] /usr/bin/ld: /home/dgut/open3d141/lib/libOpen3D_3rdparty_blas_mkl_merged.a(dgetsqr_tbb.o): warning: relocation against `_ZN3tbb10interface98internal9start_forINS_13blocked_rangeImEENS_8internal17parallel_for_bodyIZ18mkl_lapack_dgetsqrEUlmE0_mEENS_20affinity_partitionerEED1Ev' in read-only section `.rodata._ZTVN3tbb10interface98internal9start_forINS_13blocked_rangeImEENS_8internal17parallel_for_bodyIZ18mkl_lapack_dgetsqrEUlmE0_mEENS_20affinity_partitionerEEE[_ZTVN3tbb10interface98internal9start_forINS_13blocked_rangeImEENS_8internal17parallel_for_bodyIZ18mkl_lapack_dgetsqrEUlmE0_mEENS_20affinity_partitionerEEE]'
[53.570s] /usr/bin/ld: warning: creating DT_TEXTREL in a PIE
[54.045s] [100%] Built target global_localization_node
[54.057s] Invoked command in '/home/dgut/code/Nazarite/build/open3d_loc' returned '0': CMAKE_PREFIX_PATH=/opt/ros/humble /usr/bin/cmake --build /home/dgut/code/Nazarite/build/open3d_loc -- -j16 -l16
[54.059s] Invoking command in '/home/dgut/code/Nazarite/build/open3d_loc': CMAKE_PREFIX_PATH=/opt/ros/humble /usr/bin/cmake --install /home/dgut/code/Nazarite/build/open3d_loc
[54.066s] -- Install configuration: "Release"
[54.067s] -- Execute custom install script
[54.067s] -- Symlinking: /home/dgut/code/Nazarite/install/open3d_loc/lib/libopen3d_registration.a
[54.077s] -- Symlinking: /home/dgut/code/Nazarite/install/open3d_loc/lib/libopen3d_conversions.a
[54.087s] -- Symlinking: /home/dgut/code/Nazarite/install/open3d_loc/lib/open3d_loc/global_localization_node
[54.098s] -- Symlinking: /home/dgut/code/Nazarite/install/open3d_loc/share/open3d_loc//launch/__pycache__/open3d_loc_g1.launch.cpython-310.pyc
[54.108s] -- Symlinking: /home/dgut/code/Nazarite/install/open3d_loc/share/open3d_loc//launch/localization_3d_g1.launch.py
[54.119s] -- Symlinking: /home/dgut/code/Nazarite/install/open3d_loc/share/open3d_loc//launch/open3d_loc_g1.launch.py
[54.130s] -- Symlinking: /home/dgut/code/Nazarite/install/open3d_loc/share/open3d_loc//config/loc_param_g1.yaml
[54.140s] -- Symlinking: /home/dgut/code/Nazarite/install/open3d_loc/share/open3d_loc//rviz_cfg/.gitignore
[54.151s] -- Symlinking: /home/dgut/code/Nazarite/install/open3d_loc/share/open3d_loc//rviz_cfg/fastlio.rviz
[54.162s] -- Symlinking: /home/dgut/code/Nazarite/install/open3d_loc/include/open3d_loc/open3d_conversions/DpgtConversions.h
[54.173s] -- Symlinking: /home/dgut/code/Nazarite/install/open3d_loc/include/open3d_loc/open3d_conversions/RosConversions.h
[54.183s] -- Symlinking: /home/dgut/code/Nazarite/install/open3d_loc/include/open3d_loc/open3d_conversions/open3d_conversions.h
[54.194s] -- Symlinking: /home/dgut/code/Nazarite/install/open3d_loc/include/open3d_loc/open3d_registration/open3d_registration.h
[54.205s] -- Symlinking: /home/dgut/code/Nazarite/install/open3d_loc/share/ament_index/resource_index/package_run_dependencies/open3d_loc
[54.214s] -- Symlinking: /home/dgut/code/Nazarite/install/open3d_loc/share/ament_index/resource_index/parent_prefix_path/open3d_loc
[54.224s] -- Symlinking: /home/dgut/code/Nazarite/install/open3d_loc/share/open3d_loc/environment/ament_prefix_path.sh
[54.234s] -- Symlinking: /home/dgut/code/Nazarite/install/open3d_loc/share/open3d_loc/environment/ament_prefix_path.dsv
[54.244s] -- Symlinking: /home/dgut/code/Nazarite/install/open3d_loc/share/open3d_loc/environment/path.sh
[54.254s] -- Symlinking: /home/dgut/code/Nazarite/install/open3d_loc/share/open3d_loc/environment/path.dsv
[54.263s] -- Symlinking: /home/dgut/code/Nazarite/install/open3d_loc/share/open3d_loc/local_setup.bash
[54.273s] -- Symlinking: /home/dgut/code/Nazarite/install/open3d_loc/share/open3d_loc/local_setup.sh
[54.283s] -- Symlinking: /home/dgut/code/Nazarite/install/open3d_loc/share/open3d_loc/local_setup.zsh
[54.293s] -- Symlinking: /home/dgut/code/Nazarite/install/open3d_loc/share/open3d_loc/local_setup.dsv
[54.303s] -- Symlinking: /home/dgut/code/Nazarite/install/open3d_loc/share/open3d_loc/package.dsv
[54.313s] -- Symlinking: /home/dgut/code/Nazarite/install/open3d_loc/share/ament_index/resource_index/packages/open3d_loc
[54.323s] -- Symlinking: /home/dgut/code/Nazarite/install/open3d_loc/share/open3d_loc/cmake/open3d_locConfig.cmake
[54.333s] -- Symlinking: /home/dgut/code/Nazarite/install/open3d_loc/share/open3d_loc/cmake/open3d_locConfig-version.cmake
[54.343s] -- Symlinking: /home/dgut/code/Nazarite/install/open3d_loc/share/open3d_loc/package.xml
[54.355s] Invoked command in '/home/dgut/code/Nazarite/build/open3d_loc' returned '0': CMAKE_PREFIX_PATH=/opt/ros/humble /usr/bin/cmake --install /home/dgut/code/Nazarite/build/open3d_loc
