-- The C compiler identification is GNU 11.4.0
-- The CXX compiler identification is GNU 11.4.0
-- Detecting C compiler ABI info
-- Detecting C compiler ABI info - done
-- Check for working C compiler: /usr/bin/cc - skipped
-- Detecting C compile features
-- Detecting C compile features - done
-- Detecting CXX compiler ABI info
-- Detecting CXX compiler ABI info - done
-- Check for working CXX compiler: /usr/bin/c++ - skipped
-- Detecting CXX compile features
-- Detecting CXX compile features - done
-- Found ament_cmake: 1.3.14 (/opt/ros/humble/share/ament_cmake/cmake)
-- Found Python3: /usr/bin/python3 (found version "3.10.12") found components: Interpreter 
-- Override CMake install command with custom implementation using symlinks instead of copying resources
-- Found rclcpp: 16.0.18 (/opt/ros/humble/share/rclcpp/cmake)
-- Found rosidl_generator_c: 3.1.8 (/opt/ros/humble/share/rosidl_generator_c/cmake)
-- Found rosidl_adapter: 3.1.8 (/opt/ros/humble/share/rosidl_adapter/cmake)
-- Found rosidl_generator_cpp: 3.1.8 (/opt/ros/humble/share/rosidl_generator_cpp/cmake)
-- Using all available rosidl_typesupport_c: rosidl_typesupport_fastrtps_c;rosidl_typesupport_introspection_c
-- Using all available rosidl_typesupport_cpp: rosidl_typesupport_fastrtps_cpp;rosidl_typesupport_introspection_cpp
-- Found rmw_implementation_cmake: 6.1.2 (/opt/ros/humble/share/rmw_implementation_cmake/cmake)
-- Found rmw_cyclonedds_cpp: 1.3.4 (/opt/ros/humble/share/rmw_cyclonedds_cpp/cmake)
-- Using RMW implementation 'rmw_cyclonedds_cpp' as default
-- Looking for pthread.h
-- Looking for pthread.h - found
-- Performing Test CMAKE_HAVE_LIBC_PTHREAD
-- Performing Test CMAKE_HAVE_LIBC_PTHREAD - Success
-- Found Threads: TRUE  
-- Found Boost: /usr/lib/x86_64-linux-gnu/cmake/Boost-1.74.0/BoostConfig.cmake (found version "1.74.0") found components: system filesystem 
-- Configuring done
-- Generating done
-- Build files have been written to: /home/dgut/code/Nazarite/build/rc_serial
[ 66%] Building CXX object CMakeFiles/serial_test.dir/src/UsbConnect.cpp.o
[ 66%] Building CXX object CMakeFiles/serial_test.dir/src/serial_test.cpp.o
[100%] Linking CXX executable serial_test
[100%] Built target serial_test
-- Install configuration: ""
-- Execute custom install script
-- Symlinking: /home/dgut/code/Nazarite/install/rc_serial/lib/rc_serial/serial_test
-- Symlinking: /home/dgut/code/Nazarite/install/rc_serial/include/rc_serial/rc_usb.h
-- Symlinking: /home/dgut/code/Nazarite/install/rc_serial/share/ament_index/resource_index/package_run_dependencies/rc_serial
-- Symlinking: /home/dgut/code/Nazarite/install/rc_serial/share/ament_index/resource_index/parent_prefix_path/rc_serial
-- Symlinking: /home/dgut/code/Nazarite/install/rc_serial/share/rc_serial/environment/ament_prefix_path.sh
-- Symlinking: /home/dgut/code/Nazarite/install/rc_serial/share/rc_serial/environment/ament_prefix_path.dsv
-- Symlinking: /home/dgut/code/Nazarite/install/rc_serial/share/rc_serial/environment/path.sh
-- Symlinking: /home/dgut/code/Nazarite/install/rc_serial/share/rc_serial/environment/path.dsv
-- Symlinking: /home/dgut/code/Nazarite/install/rc_serial/share/rc_serial/local_setup.bash
-- Symlinking: /home/dgut/code/Nazarite/install/rc_serial/share/rc_serial/local_setup.sh
-- Symlinking: /home/dgut/code/Nazarite/install/rc_serial/share/rc_serial/local_setup.zsh
-- Symlinking: /home/dgut/code/Nazarite/install/rc_serial/share/rc_serial/local_setup.dsv
-- Symlinking: /home/dgut/code/Nazarite/install/rc_serial/share/rc_serial/package.dsv
-- Symlinking: /home/dgut/code/Nazarite/install/rc_serial/share/ament_index/resource_index/packages/rc_serial
-- Symlinking: /home/dgut/code/Nazarite/install/rc_serial/share/rc_serial/cmake/rc_serialConfig.cmake
-- Symlinking: /home/dgut/code/Nazarite/install/rc_serial/share/rc_serial/cmake/rc_serialConfig-version.cmake
-- Symlinking: /home/dgut/code/Nazarite/install/rc_serial/share/rc_serial/package.xml
