[0.012s] Invoking command in '/home/dgut/code/Nazarite/build/teb_local_planner': AMENT_PREFIX_PATH=/home/dgut/code/Nazarite/install/teb_msgs:/home/dgut/code/Nazarite/install/costmap_converter:/home/dgut/code/Nazarite/install/costmap_converter_msgs:${AMENT_PREFIX_PATH} CMAKE_PREFIX_PATH=/home/dgut/code/Nazarite/install/teb_msgs:/home/dgut/code/Nazarite/install/costmap_converter:/home/dgut/code/Nazarite/install/costmap_converter_msgs:/opt/ros/humble LD_LIBRARY_PATH=/home/dgut/code/Nazarite/install/teb_msgs/lib:/home/dgut/code/Nazarite/install/costmap_converter/lib:/home/dgut/code/Nazarite/install/costmap_converter_msgs/lib:${LD_LIBRARY_PATH} PATH=/home/dgut/code/Nazarite/install/costmap_converter/bin:${PATH} PYTHONPATH=/home/dgut/code/Nazarite/install/teb_msgs/local/lib/python3.10/dist-packages:/home/dgut/code/Nazarite/install/costmap_converter_msgs/local/lib/python3.10/dist-packages:${PYTHONPATH} /usr/bin/cmake /home/dgut/code/Nazarite/src/teb_local_planner/teb_local_planner -DAMENT_CMAKE_SYMLINK_INSTALL=1 -DCMAKE_INSTALL_PREFIX=/home/dgut/code/Nazarite/install/teb_local_planner
[0.058s] -- The C compiler identification is GNU 11.4.0
[0.102s] -- The CXX compiler identification is GNU 11.4.0
[0.108s] -- Detecting C compiler ABI info
[0.166s] -- Detecting C compiler ABI info - done
[0.171s] -- Check for working C compiler: /usr/bin/cc - skipped
[0.171s] -- Detecting C compile features
[0.171s] -- Detecting C compile features - done
[0.173s] -- Detecting CXX compiler ABI info
[0.240s] -- Detecting CXX compiler ABI info - done
[0.245s] -- Check for working CXX compiler: /usr/bin/c++ - skipped
[0.245s] -- Detecting CXX compile features
[0.245s] -- Detecting CXX compile features - done
[0.248s] -- Found ament_cmake: 1.3.14 (/opt/ros/humble/share/ament_cmake/cmake)
[0.368s] -- Found Python3: /usr/bin/python3 (found version "3.10.12") found components: Interpreter 
[0.416s] -- Override CMake install command with custom implementation using symlinks instead of copying resources
[0.442s] -- Found costmap_converter: 0.1.2 (/home/dgut/code/Nazarite/install/costmap_converter/share/costmap_converter/cmake)
[0.483s] -- Found rosidl_generator_c: 3.1.8 (/opt/ros/humble/share/rosidl_generator_c/cmake)
[0.488s] -- Found rosidl_adapter: 3.1.8 (/opt/ros/humble/share/rosidl_adapter/cmake)
[0.495s] -- Found rosidl_generator_cpp: 3.1.8 (/opt/ros/humble/share/rosidl_generator_cpp/cmake)
[0.505s] -- Using all available rosidl_typesupport_c: rosidl_typesupport_fastrtps_c;rosidl_typesupport_introspection_c
[0.514s] -- Using all available rosidl_typesupport_cpp: rosidl_typesupport_fastrtps_cpp;rosidl_typesupport_introspection_cpp
[0.627s] -- Found rmw_implementation_cmake: 6.1.2 (/opt/ros/humble/share/rmw_implementation_cmake/cmake)
[0.629s] -- Found rmw_cyclonedds_cpp: 1.3.4 (/opt/ros/humble/share/rmw_cyclonedds_cpp/cmake)
[0.645s] -- Using RMW implementation 'rmw_cyclonedds_cpp' as default
[0.653s] -- Looking for pthread.h
[0.719s] -- Looking for pthread.h - found
[0.719s] -- Performing Test CMAKE_HAVE_LIBC_PTHREAD
[0.785s] -- Performing Test CMAKE_HAVE_LIBC_PTHREAD - Success
[0.786s] -- Found Threads: TRUE  
[0.939s] -- Found Eigen3: TRUE (found version "3.4.0") 
[0.939s] -- Ensuring Eigen3 include directory is part of orocos-kdl CMake target
[1.034s] -- Found dwb_critics: 1.1.20 (/opt/ros/humble/share/dwb_critics/cmake)
[1.116s] -- Found teb_msgs: 0.0.1 (/home/dgut/code/Nazarite/install/teb_msgs/share/teb_msgs/cmake)
[1.129s] -- Found tf2_eigen: 0.25.19 (/opt/ros/humble/share/tf2_eigen/cmake)
[1.130s] -- System: Linux-6.8.0-101-generic
[1.130s] -- /opt/ros/humble/share/tinyxml2_vendor/cmake/Modules;/opt/ros/humble/share/eigen3_cmake_module/cmake/Modules;/opt/ros/humble/share/fastrtps_cmake_module/cmake/Modules;/opt/ros/humble/lib/x86_64-linux-gnu/cmake/iceoryx_hoofs;/opt/ros/humble/lib/x86_64-linux-gnu/cmake/iceoryx_hoofs;/opt/ros/humble/lib/x86_64-linux-gnu/cmake/iceoryx_posh;/home/dgut/code/Nazarite/src/teb_local_planner/teb_local_planner/cmake_modules
[1.132s] -- Found SuiteSparse
[1.132s] -- Searching for g2o ...
[1.133s] -- Found g2o headers in: /home/dgut/Nazarite/third_party/g2o-install/include
[1.143s] -- Found libg2o: /home/dgut/Nazarite/third_party/g2o-install/lib/libg2o_core.so;/home/dgut/Nazarite/third_party/g2o-install/lib/libg2o_stuff.so;/home/dgut/Nazarite/third_party/g2o-install/lib/libg2o_types_slam2d.so;/home/dgut/Nazarite/third_party/g2o-install/lib/libg2o_solver_csparse.so;/home/dgut/Nazarite/third_party/g2o-install/lib/libg2o_csparse_extension.so;/home/dgut/Nazarite/third_party/g2o-install/lib/libg2o_types_slam3d.so;/home/dgut/Nazarite/third_party/g2o-install/lib/libg2o_solver_pcg.so
[1.148s] -- Found Boost: /usr/lib/x86_64-linux-gnu/cmake/Boost-1.74.0/BoostConfig.cmake (found version "1.74.0")  
[2.675s] -- Found ament_cmake_gtest: 1.3.14 (/opt/ros/humble/share/ament_cmake_gtest/cmake)
[2.726s] -- Configuring done
[2.777s] -- Generating done
[2.783s] -- Build files have been written to: /home/dgut/code/Nazarite/build/teb_local_planner
[2.795s] Invoked command in '/home/dgut/code/Nazarite/build/teb_local_planner' returned '0': AMENT_PREFIX_PATH=/home/dgut/code/Nazarite/install/teb_msgs:/home/dgut/code/Nazarite/install/costmap_converter:/home/dgut/code/Nazarite/install/costmap_converter_msgs:${AMENT_PREFIX_PATH} CMAKE_PREFIX_PATH=/home/dgut/code/Nazarite/install/teb_msgs:/home/dgut/code/Nazarite/install/costmap_converter:/home/dgut/code/Nazarite/install/costmap_converter_msgs:/opt/ros/humble LD_LIBRARY_PATH=/home/dgut/code/Nazarite/install/teb_msgs/lib:/home/dgut/code/Nazarite/install/costmap_converter/lib:/home/dgut/code/Nazarite/install/costmap_converter_msgs/lib:${LD_LIBRARY_PATH} PATH=/home/dgut/code/Nazarite/install/costmap_converter/bin:${PATH} PYTHONPATH=/home/dgut/code/Nazarite/install/teb_msgs/local/lib/python3.10/dist-packages:/home/dgut/code/Nazarite/install/costmap_converter_msgs/local/lib/python3.10/dist-packages:${PYTHONPATH} /usr/bin/cmake /home/dgut/code/Nazarite/src/teb_local_planner/teb_local_planner -DAMENT_CMAKE_SYMLINK_INSTALL=1 -DCMAKE_INSTALL_PREFIX=/home/dgut/code/Nazarite/install/teb_local_planner
[2.796s] Invoking command in '/home/dgut/code/Nazarite/build/teb_local_planner': AMENT_PREFIX_PATH=/home/dgut/code/Nazarite/install/teb_msgs:/home/dgut/code/Nazarite/install/costmap_converter:/home/dgut/code/Nazarite/install/costmap_converter_msgs:${AMENT_PREFIX_PATH} CMAKE_PREFIX_PATH=/home/dgut/code/Nazarite/install/teb_msgs:/home/dgut/code/Nazarite/install/costmap_converter:/home/dgut/code/Nazarite/install/costmap_converter_msgs:/opt/ros/humble LD_LIBRARY_PATH=/home/dgut/code/Nazarite/install/teb_msgs/lib:/home/dgut/code/Nazarite/install/costmap_converter/lib:/home/dgut/code/Nazarite/install/costmap_converter_msgs/lib:${LD_LIBRARY_PATH} PATH=/home/dgut/code/Nazarite/install/costmap_converter/bin:${PATH} PYTHONPATH=/home/dgut/code/Nazarite/install/teb_msgs/local/lib/python3.10/dist-packages:/home/dgut/code/Nazarite/install/costmap_converter_msgs/local/lib/python3.10/dist-packages:${PYTHONPATH} /usr/bin/cmake --build /home/dgut/code/Nazarite/build/teb_local_planner -- -j16 -l16
[2.849s] [ 60%] Building CXX object CMakeFiles/teb_local_planner.dir/src/teb_config.cpp.o
[2.849s] [ 60%] Building CXX object CMakeFiles/teb_local_planner.dir/src/visualization.cpp.o
[2.849s] [ 60%] Building CXX object CMakeFiles/teb_local_planner.dir/src/optimal_planner.cpp.o
[2.849s] [ 60%] Building CXX object CMakeFiles/teb_local_planner.dir/src/timed_elastic_band.cpp.o
[2.849s] [ 60%] Building CXX object CMakeFiles/teb_local_planner.dir/src/recovery_behaviors.cpp.o
[2.849s] [ 60%] Building CXX object CMakeFiles/teb_local_planner.dir/src/obstacles.cpp.o
[2.849s] [ 70%] Building CXX object CMakeFiles/teb_local_planner.dir/src/teb_local_planner_ros.cpp.o
[2.849s] [ 80%] Building CXX object CMakeFiles/teb_local_planner.dir/src/homotopy_class_planner.cpp.o
[2.849s] [ 90%] Building CXX object CMakeFiles/teb_local_planner.dir/src/graph_search.cpp.o
[11.676s] In file included from /opt/ros/humble/include/pluginlib/pluginlib/class_loader_imp.hpp:57,
[11.676s]                  from /opt/ros/humble/include/pluginlib/pluginlib/class_loader.hpp:334,
[11.676s]                  from /home/dgut/code/Nazarite/src/teb_local_planner/teb_local_planner/include/teb_local_planner/teb_local_planner_ros.h:42,
[11.676s]                  from /home/dgut/code/Nazarite/src/teb_local_planner/teb_local_planner/src/teb_local_planner_ros.cpp:39:
[11.676s] /home/dgut/code/Nazarite/install/costmap_converter/include/costmap_converter/costmap_converter_interface.h: In member function ‘void costmap_converter::BaseCostmapToPolygons::startWorker(rclcpp::GenericRate<std::chrono::_V2::system_clock>::SharedPtr, nav2_costmap_2d::Costmap2D*, bool)’:
[11.676s] /home/dgut/code/Nazarite/install/costmap_converter/include/costmap_converter/costmap_converter_interface.h:197:41: warning: too many arguments for format [-Wformat-extra-args]
[11.676s]   197 |         RCLCPP_DEBUG(nh_->get_logger(), "costmap_converter", "Spinning up a thread for the CostmapToPolygons plugin");
[11.676s]       |                                         ^~~~~~~~~~~~~~~~~~~
[11.693s] /home/dgut/code/Nazarite/install/costmap_converter/include/costmap_converter/costmap_converter_interface.h: In member function ‘void costmap_converter::BaseCostmapToDynamicObstacles::loadStaticCostmapConverterPlugin(const string&, rclcpp::Node::SharedPtr)’:
[11.693s] /home/dgut/code/Nazarite/install/costmap_converter/include/costmap_converter/costmap_converter_interface.h:313:32: warning: format ‘%s’ expects argument of type ‘char*’, but argument 5 has type ‘const string’ {aka ‘const std::__cxx11::basic_string<char>’} [-Wformat=]
[11.693s]   313 |       RCLCPP_INFO(getLogger(), "CostmapToDynamicObstacles: underlying costmap conversion plugin for static obstacles %s loaded.", plugin_name);
[11.693s]       |                                ^~~~~~~~~~~~~~~~~~~~~~~~~~~~~~~~~~~~~~~~~~~~~~~~~~~~~~~~~~~~~~~~~~~~~~~~~~~~~~~~~~~~~~~~~~~~~~~~~
[11.693s] In file included from /home/dgut/code/Nazarite/src/teb_local_planner/teb_local_planner/include/teb_local_planner/teb_local_planner_ros.h:68,
[11.693s]                  from /home/dgut/code/Nazarite/src/teb_local_planner/teb_local_planner/src/teb_local_planner_ros.cpp:39:
[11.693s] /home/dgut/code/Nazarite/install/costmap_converter/include/costmap_converter/costmap_converter_interface.h:313:119: note: format string is defined here
[11.693s]   313 |       RCLCPP_INFO(getLogger(), "CostmapToDynamicObstacles: underlying costmap conversion plugin for static obstacles %s loaded.", plugin_name);
[11.693s]       |                                                                                                                      ~^
[11.693s]       |                                                                                                                       |
[11.693s]       |                                                                                                                       char*
[35.866s] [100%] Linking CXX shared library libteb_local_planner.so
[36.277s] [100%] Built target teb_local_planner
[36.309s] Invoked command in '/home/dgut/code/Nazarite/build/teb_local_planner' returned '0': AMENT_PREFIX_PATH=/home/dgut/code/Nazarite/install/teb_msgs:/home/dgut/code/Nazarite/install/costmap_converter:/home/dgut/code/Nazarite/install/costmap_converter_msgs:${AMENT_PREFIX_PATH} CMAKE_PREFIX_PATH=/home/dgut/code/Nazarite/install/teb_msgs:/home/dgut/code/Nazarite/install/costmap_converter:/home/dgut/code/Nazarite/install/costmap_converter_msgs:/opt/ros/humble LD_LIBRARY_PATH=/home/dgut/code/Nazarite/install/teb_msgs/lib:/home/dgut/code/Nazarite/install/costmap_converter/lib:/home/dgut/code/Nazarite/install/costmap_converter_msgs/lib:${LD_LIBRARY_PATH} PATH=/home/dgut/code/Nazarite/install/costmap_converter/bin:${PATH} PYTHONPATH=/home/dgut/code/Nazarite/install/teb_msgs/local/lib/python3.10/dist-packages:/home/dgut/code/Nazarite/install/costmap_converter_msgs/local/lib/python3.10/dist-packages:${PYTHONPATH} /usr/bin/cmake --build /home/dgut/code/Nazarite/build/teb_local_planner -- -j16 -l16
[36.310s] Invoking command in '/home/dgut/code/Nazarite/build/teb_local_planner': AMENT_PREFIX_PATH=/home/dgut/code/Nazarite/install/teb_msgs:/home/dgut/code/Nazarite/install/costmap_converter:/home/dgut/code/Nazarite/install/costmap_converter_msgs:${AMENT_PREFIX_PATH} CMAKE_PREFIX_PATH=/home/dgut/code/Nazarite/install/teb_msgs:/home/dgut/code/Nazarite/install/costmap_converter:/home/dgut/code/Nazarite/install/costmap_converter_msgs:/opt/ros/humble LD_LIBRARY_PATH=/home/dgut/code/Nazarite/install/teb_msgs/lib:/home/dgut/code/Nazarite/install/costmap_converter/lib:/home/dgut/code/Nazarite/install/costmap_converter_msgs/lib:${LD_LIBRARY_PATH} PATH=/home/dgut/code/Nazarite/install/costmap_converter/bin:${PATH} PYTHONPATH=/home/dgut/code/Nazarite/install/teb_msgs/local/lib/python3.10/dist-packages:/home/dgut/code/Nazarite/install/costmap_converter_msgs/local/lib/python3.10/dist-packages:${PYTHONPATH} /usr/bin/cmake --install /home/dgut/code/Nazarite/build/teb_local_planner
[36.315s] -- Install configuration: "Release"
[36.315s] -- Execute custom install script
[36.316s] -- Symlinking: /home/dgut/code/Nazarite/install/teb_local_planner/lib/libteb_local_planner.so
[36.324s] -- Symlinking: /home/dgut/code/Nazarite/install/teb_local_planner/include//teb_local_planner/distance_calculations.h
[36.332s] -- Symlinking: /home/dgut/code/Nazarite/install/teb_local_planner/include//teb_local_planner/equivalence_relations.h
[36.339s] -- Symlinking: /home/dgut/code/Nazarite/install/teb_local_planner/include//teb_local_planner/g2o_types/base_teb_edges.h
[36.347s] -- Symlinking: /home/dgut/code/Nazarite/install/teb_local_planner/include//teb_local_planner/g2o_types/edge_acceleration.h
[36.354s] -- Symlinking: /home/dgut/code/Nazarite/install/teb_local_planner/include//teb_local_planner/g2o_types/edge_dynamic_obstacle.h
[36.362s] -- Symlinking: /home/dgut/code/Nazarite/install/teb_local_planner/include//teb_local_planner/g2o_types/edge_kinematics.h
[36.369s] -- Symlinking: /home/dgut/code/Nazarite/install/teb_local_planner/include//teb_local_planner/g2o_types/edge_obstacle.h
[36.375s] -- Symlinking: /home/dgut/code/Nazarite/install/teb_local_planner/include//teb_local_planner/g2o_types/edge_prefer_rotdir.h
[36.384s] -- Symlinking: /home/dgut/code/Nazarite/install/teb_local_planner/include//teb_local_planner/g2o_types/edge_shortest_path.h
[36.391s] -- Symlinking: /home/dgut/code/Nazarite/install/teb_local_planner/include//teb_local_planner/g2o_types/edge_time_optimal.h
[36.398s] -- Symlinking: /home/dgut/code/Nazarite/install/teb_local_planner/include//teb_local_planner/g2o_types/edge_velocity.h
[36.405s] -- Symlinking: /home/dgut/code/Nazarite/install/teb_local_planner/include//teb_local_planner/g2o_types/edge_velocity_obstacle_ratio.h
[36.412s] -- Symlinking: /home/dgut/code/Nazarite/install/teb_local_planner/include//teb_local_planner/g2o_types/edge_via_point.h
[36.419s] -- Symlinking: /home/dgut/code/Nazarite/install/teb_local_planner/include//teb_local_planner/g2o_types/penalties.h
[36.426s] -- Symlinking: /home/dgut/code/Nazarite/install/teb_local_planner/include//teb_local_planner/g2o_types/vertex_pose.h
[36.433s] -- Symlinking: /home/dgut/code/Nazarite/install/teb_local_planner/include//teb_local_planner/g2o_types/vertex_timediff.h
[36.440s] -- Symlinking: /home/dgut/code/Nazarite/install/teb_local_planner/include//teb_local_planner/graph_search.h
[36.447s] -- Symlinking: /home/dgut/code/Nazarite/install/teb_local_planner/include//teb_local_planner/h_signature.h
[36.454s] -- Symlinking: /home/dgut/code/Nazarite/install/teb_local_planner/include//teb_local_planner/homotopy_class_planner.h
[36.461s] -- Symlinking: /home/dgut/code/Nazarite/install/teb_local_planner/include//teb_local_planner/homotopy_class_planner.hpp
[36.468s] -- Symlinking: /home/dgut/code/Nazarite/install/teb_local_planner/include//teb_local_planner/misc.h
[36.475s] -- Symlinking: /home/dgut/code/Nazarite/install/teb_local_planner/include//teb_local_planner/obstacles.h
[36.482s] -- Symlinking: /home/dgut/code/Nazarite/install/teb_local_planner/include//teb_local_planner/optimal_planner.h
[36.489s] -- Symlinking: /home/dgut/code/Nazarite/install/teb_local_planner/include//teb_local_planner/planner_interface.h
[36.497s] -- Symlinking: /home/dgut/code/Nazarite/install/teb_local_planner/include//teb_local_planner/pose_se2.h
[36.505s] -- Symlinking: /home/dgut/code/Nazarite/install/teb_local_planner/include//teb_local_planner/recovery_behaviors.h
[36.513s] -- Symlinking: /home/dgut/code/Nazarite/install/teb_local_planner/include//teb_local_planner/robot_footprint_model.h
[36.520s] -- Symlinking: /home/dgut/code/Nazarite/install/teb_local_planner/include//teb_local_planner/teb_config.h
[36.526s] -- Symlinking: /home/dgut/code/Nazarite/install/teb_local_planner/include//teb_local_planner/teb_local_planner_ros.h
[36.533s] -- Symlinking: /home/dgut/code/Nazarite/install/teb_local_planner/include//teb_local_planner/timed_elastic_band.h
[36.541s] -- Symlinking: /home/dgut/code/Nazarite/install/teb_local_planner/include//teb_local_planner/timed_elastic_band.hpp
[36.548s] -- Symlinking: /home/dgut/code/Nazarite/install/teb_local_planner/include//teb_local_planner/visualization.h
[36.556s] -- Symlinking: /home/dgut/code/Nazarite/install/teb_local_planner/include//teb_local_planner/visualization.hpp
[36.563s] -- Symlinking: /home/dgut/code/Nazarite/install/teb_local_planner/share/teb_local_planner_plugin.xml
[36.573s] -- Symlinking: /home/dgut/code/Nazarite/install/teb_local_planner/lib/teb_local_planner/cmd_vel_to_ackermann_drive.py
[36.580s] -- Symlinking: /home/dgut/code/Nazarite/install/teb_local_planner/share/teb_local_planner/params/teb_params.yaml
[36.587s] -- Symlinking: /home/dgut/code/Nazarite/install/teb_local_planner/share/teb_local_planner/environment/library_path.sh
[36.595s] -- Symlinking: /home/dgut/code/Nazarite/install/teb_local_planner/share/teb_local_planner/environment/library_path.dsv
[36.603s] -- Symlinking: /home/dgut/code/Nazarite/install/teb_local_planner/share/teb_local_planner//teb_local_planner_plugin.xml
[36.611s] -- Symlinking: /home/dgut/code/Nazarite/install/teb_local_planner/share/ament_index/resource_index/package_run_dependencies/teb_local_planner
[36.619s] -- Symlinking: /home/dgut/code/Nazarite/install/teb_local_planner/share/ament_index/resource_index/parent_prefix_path/teb_local_planner
[36.626s] -- Symlinking: /home/dgut/code/Nazarite/install/teb_local_planner/share/teb_local_planner/environment/ament_prefix_path.sh
[36.634s] -- Symlinking: /home/dgut/code/Nazarite/install/teb_local_planner/share/teb_local_planner/environment/ament_prefix_path.dsv
[36.642s] -- Symlinking: /home/dgut/code/Nazarite/install/teb_local_planner/share/teb_local_planner/environment/path.sh
[36.650s] -- Symlinking: /home/dgut/code/Nazarite/install/teb_local_planner/share/teb_local_planner/environment/path.dsv
[36.658s] -- Symlinking: /home/dgut/code/Nazarite/install/teb_local_planner/share/teb_local_planner/local_setup.bash
[36.666s] -- Symlinking: /home/dgut/code/Nazarite/install/teb_local_planner/share/teb_local_planner/local_setup.sh
[36.674s] -- Symlinking: /home/dgut/code/Nazarite/install/teb_local_planner/share/teb_local_planner/local_setup.zsh
[36.682s] -- Symlinking: /home/dgut/code/Nazarite/install/teb_local_planner/share/teb_local_planner/local_setup.dsv
[36.690s] -- Symlinking: /home/dgut/code/Nazarite/install/teb_local_planner/share/teb_local_planner/package.dsv
[36.699s] -- Symlinking: /home/dgut/code/Nazarite/install/teb_local_planner/share/ament_index/resource_index/packages/teb_local_planner
[36.707s] -- Symlinking: /home/dgut/code/Nazarite/install/teb_local_planner/share/ament_index/resource_index/nav2_core__pluginlib__plugin/teb_local_planner
[36.715s] -- Symlinking: /home/dgut/code/Nazarite/install/teb_local_planner/share/teb_local_planner/cmake/ament_cmake_export_include_directories-extras.cmake
[36.722s] -- Symlinking: /home/dgut/code/Nazarite/install/teb_local_planner/share/teb_local_planner/cmake/ament_cmake_export_libraries-extras.cmake
[36.730s] -- Symlinking: /home/dgut/code/Nazarite/install/teb_local_planner/share/teb_local_planner/cmake/ament_cmake_export_dependencies-extras.cmake
[36.737s] -- Symlinking: /home/dgut/code/Nazarite/install/teb_local_planner/share/teb_local_planner/cmake/teb_local_plannerConfig.cmake
[36.744s] -- Symlinking: /home/dgut/code/Nazarite/install/teb_local_planner/share/teb_local_planner/cmake/teb_local_plannerConfig-version.cmake
[36.751s] -- Symlinking: /home/dgut/code/Nazarite/install/teb_local_planner/share/teb_local_planner/package.xml
[36.761s] Invoked command in '/home/dgut/code/Nazarite/build/teb_local_planner' returned '0': AMENT_PREFIX_PATH=/home/dgut/code/Nazarite/install/teb_msgs:/home/dgut/code/Nazarite/install/costmap_converter:/home/dgut/code/Nazarite/install/costmap_converter_msgs:${AMENT_PREFIX_PATH} CMAKE_PREFIX_PATH=/home/dgut/code/Nazarite/install/teb_msgs:/home/dgut/code/Nazarite/install/costmap_converter:/home/dgut/code/Nazarite/install/costmap_converter_msgs:/opt/ros/humble LD_LIBRARY_PATH=/home/dgut/code/Nazarite/install/teb_msgs/lib:/home/dgut/code/Nazarite/install/costmap_converter/lib:/home/dgut/code/Nazarite/install/costmap_converter_msgs/lib:${LD_LIBRARY_PATH} PATH=/home/dgut/code/Nazarite/install/costmap_converter/bin:${PATH} PYTHONPATH=/home/dgut/code/Nazarite/install/teb_msgs/local/lib/python3.10/dist-packages:/home/dgut/code/Nazarite/install/costmap_converter_msgs/local/lib/python3.10/dist-packages:${PYTHONPATH} /usr/bin/cmake --install /home/dgut/code/Nazarite/build/teb_local_planner
