-- The C compiler identification is GNU 11.4.0
-- The CXX compiler identification is GNU 11.4.0
-- Detecting C compiler ABI info
-- Detecting C compiler ABI info - done
-- Check for working C compiler: /usr/bin/cc - skipped
-- Detecting C compile features
-- Detecting C compile features - done
-- Detecting CXX compiler ABI info
-- Detecting CXX compiler ABI info - done
-- Check for working CXX compiler: /usr/bin/c++ - skipped
-- Detecting CXX compile features
-- Detecting CXX compile features - done
-- Found ament_cmake: 1.3.14 (/opt/ros/humble/share/ament_cmake/cmake)
-- Found Python3: /usr/bin/python3 (found version "3.10.12") found components: Interpreter 
-- Override CMake install command with custom implementation using symlinks instead of copying resources
-- Found ament_index_cpp: 1.4.1 (/opt/ros/humble/share/ament_index_cpp/cmake)
-- Found nav_msgs: 4.9.1 (/opt/ros/humble/share/nav_msgs/cmake)
-- Found rosidl_generator_c: 3.1.8 (/opt/ros/humble/share/rosidl_generator_c/cmake)
-- Found rosidl_adapter: 3.1.8 (/opt/ros/humble/share/rosidl_adapter/cmake)
-- Found rosidl_generator_cpp: 3.1.8 (/opt/ros/humble/share/rosidl_generator_cpp/cmake)
-- Using all available rosidl_typesupport_c: rosidl_typesupport_fastrtps_c;rosidl_typesupport_introspection_c
-- Using all available rosidl_typesupport_cpp: rosidl_typesupport_fastrtps_cpp;rosidl_typesupport_introspection_cpp
-- Found rclcpp: 16.0.18 (/opt/ros/humble/share/rclcpp/cmake)
-- Found rmw_implementation_cmake: 6.1.2 (/opt/ros/humble/share/rmw_implementation_cmake/cmake)
-- Found rmw_cyclonedds_cpp: 1.3.4 (/opt/ros/humble/share/rmw_cyclonedds_cpp/cmake)
-- Using RMW implementation 'rmw_cyclonedds_cpp' as default
-- Looking for pthread.h
-- Looking for pthread.h - found
-- Performing Test CMAKE_HAVE_LIBC_PTHREAD
-- Performing Test CMAKE_HAVE_LIBC_PTHREAD - Success
-- Found Threads: TRUE  
-- Found tf2: 0.25.19 (/opt/ros/humble/share/tf2/cmake)
-- Found tf2_ros: 0.25.19 (/opt/ros/humble/share/tf2_ros/cmake)
-- Found tf2_geometry_msgs: 0.25.19 (/opt/ros/humble/share/tf2_geometry_msgs/cmake)
-- Found eigen3_cmake_module: 0.1.1 (/opt/ros/humble/share/eigen3_cmake_module/cmake)
-- Found Eigen3: TRUE (found version "3.4.0") 
-- Ensuring Eigen3 include directory is part of orocos-kdl CMake target
-- Found serial: 1.2.1 (/usr/local/share/serial/cmake)
-- Found behaviortree_cpp: 4.9.0 (/opt/ros/humble/share/behaviortree_cpp/cmake)
-- Configuring done
-- Generating done
-- Build files have been written to: /home/dgut/code/Nazarite/build/r2_mode1_bt
[ 25%] Building CXX object CMakeFiles/ros_node_lib.dir/src/ros_node.cpp.o
[ 25%] Building CXX object CMakeFiles/serial_region1_mode0_test.dir/src/serial_region1_mode0_test.cpp.o
[ 37%] Linking CXX executable serial_region1_mode0_test
[ 37%] Built target serial_region1_mode0_test
[ 50%] Linking CXX static library libros_node_lib.a
[ 50%] Built target ros_node_lib
[ 62%] Building CXX object CMakeFiles/bt_nodes_lib.dir/src/bt_nodes.cpp.o
[ 75%] Linking CXX static library libbt_nodes_lib.a
[ 75%] Built target bt_nodes_lib
[ 87%] Building CXX object CMakeFiles/r2_mode1_bt_node.dir/src/main.cpp.o
[100%] Linking CXX executable r2_mode1_bt_node
[100%] Built target r2_mode1_bt_node
-- Install configuration: ""
-- Execute custom install script
-- Symlinking: /home/dgut/code/Nazarite/install/r2_mode1_bt/lib/libros_node_lib.a
-- Symlinking: /home/dgut/code/Nazarite/install/r2_mode1_bt/lib/libbt_nodes_lib.a
-- Symlinking: /home/dgut/code/Nazarite/install/r2_mode1_bt/lib/r2_mode1_bt/r2_mode1_bt_node
-- Symlinking: /home/dgut/code/Nazarite/install/r2_mode1_bt/lib/r2_mode1_bt/serial_region1_mode0_test
-- Symlinking: /home/dgut/code/Nazarite/install/r2_mode1_bt/include/r2_mode1_bt/blackboard_keys.hpp
-- Symlinking: /home/dgut/code/Nazarite/install/r2_mode1_bt/include/r2_mode1_bt/bt_nodes.hpp
-- Symlinking: /home/dgut/code/Nazarite/install/r2_mode1_bt/include/r2_mode1_bt/point3d.hpp
-- Symlinking: /home/dgut/code/Nazarite/install/r2_mode1_bt/include/r2_mode1_bt/ros_node.hpp
-- Symlinking: /home/dgut/code/Nazarite/install/r2_mode1_bt/share/r2_mode1_bt/config/r2_mode1_bt.xml
-- Symlinking: /home/dgut/code/Nazarite/install/r2_mode1_bt/share/ament_index/resource_index/package_run_dependencies/r2_mode1_bt
-- Symlinking: /home/dgut/code/Nazarite/install/r2_mode1_bt/share/ament_index/resource_index/parent_prefix_path/r2_mode1_bt
-- Symlinking: /home/dgut/code/Nazarite/install/r2_mode1_bt/share/r2_mode1_bt/environment/ament_prefix_path.sh
-- Symlinking: /home/dgut/code/Nazarite/install/r2_mode1_bt/share/r2_mode1_bt/environment/ament_prefix_path.dsv
-- Symlinking: /home/dgut/code/Nazarite/install/r2_mode1_bt/share/r2_mode1_bt/environment/path.sh
-- Symlinking: /home/dgut/code/Nazarite/install/r2_mode1_bt/share/r2_mode1_bt/environment/path.dsv
-- Symlinking: /home/dgut/code/Nazarite/install/r2_mode1_bt/share/r2_mode1_bt/local_setup.bash
-- Symlinking: /home/dgut/code/Nazarite/install/r2_mode1_bt/share/r2_mode1_bt/local_setup.sh
-- Symlinking: /home/dgut/code/Nazarite/install/r2_mode1_bt/share/r2_mode1_bt/local_setup.zsh
-- Symlinking: /home/dgut/code/Nazarite/install/r2_mode1_bt/share/r2_mode1_bt/local_setup.dsv
-- Symlinking: /home/dgut/code/Nazarite/install/r2_mode1_bt/share/r2_mode1_bt/package.dsv
-- Symlinking: /home/dgut/code/Nazarite/install/r2_mode1_bt/share/ament_index/resource_index/packages/r2_mode1_bt
-- Symlinking: /home/dgut/code/Nazarite/install/r2_mode1_bt/share/r2_mode1_bt/cmake/r2_mode1_btConfig.cmake
-- Symlinking: /home/dgut/code/Nazarite/install/r2_mode1_bt/share/r2_mode1_bt/cmake/r2_mode1_btConfig-version.cmake
-- Symlinking: /home/dgut/code/Nazarite/install/r2_mode1_bt/share/r2_mode1_bt/package.xml
