[0.021s] Invoking command in '/home/dgut/code/Nazarite/build/r2_mode1_bt': CMAKE_PREFIX_PATH=/opt/ros/humble /usr/bin/cmake /home/dgut/code/Nazarite/src/r2_mode1_bt_tree -DAMENT_CMAKE_SYMLINK_INSTALL=1 -DCMAKE_INSTALL_PREFIX=/home/dgut/code/Nazarite/install/r2_mode1_bt
[0.275s] -- The C compiler identification is GNU 11.4.0
[0.275s] -- The CXX compiler identification is GNU 11.4.0
[0.275s] -- Detecting C compiler ABI info
[0.275s] -- Detecting C compiler ABI info - done
[0.275s] -- Check for working C compiler: /usr/bin/cc - skipped
[0.275s] -- Detecting C compile features
[0.275s] -- Detecting C compile features - done
[0.275s] -- Detecting CXX compiler ABI info
[0.275s] -- Detecting CXX compiler ABI info - done
[0.275s] -- Check for working CXX compiler: /usr/bin/c++ - skipped
[0.275s] -- Detecting CXX compile features
[0.275s] -- Detecting CXX compile features - done
[0.275s] -- Found ament_cmake: 1.3.14 (/opt/ros/humble/share/ament_cmake/cmake)
[0.479s] -- Found Python3: /usr/bin/python3 (found version "3.10.12") found components: Interpreter 
[0.479s] -- Override CMake install command with custom implementation using symlinks instead of copying resources
[0.480s] -- Found ament_index_cpp: 1.4.1 (/opt/ros/humble/share/ament_index_cpp/cmake)
[0.480s] -- Found nav_msgs: 4.9.1 (/opt/ros/humble/share/nav_msgs/cmake)
[0.483s] -- Found rosidl_generator_c: 3.1.8 (/opt/ros/humble/share/rosidl_generator_c/cmake)
[0.486s] -- Found rosidl_adapter: 3.1.8 (/opt/ros/humble/share/rosidl_adapter/cmake)
[0.492s] -- Found rosidl_generator_cpp: 3.1.8 (/opt/ros/humble/share/rosidl_generator_cpp/cmake)
[0.501s] -- Using all available rosidl_typesupport_c: rosidl_typesupport_fastrtps_c;rosidl_typesupport_introspection_c
[0.513s] -- Using all available rosidl_typesupport_cpp: rosidl_typesupport_fastrtps_cpp;rosidl_typesupport_introspection_cpp
[0.554s] -- Found rclcpp: 16.0.18 (/opt/ros/humble/share/rclcpp/cmake)
[0.582s] -- Found rmw_implementation_cmake: 6.1.2 (/opt/ros/humble/share/rmw_implementation_cmake/cmake)
[0.583s] -- Found rmw_cyclonedds_cpp: 1.3.4 (/opt/ros/humble/share/rmw_cyclonedds_cpp/cmake)
[0.601s] -- Using RMW implementation 'rmw_cyclonedds_cpp' as default
[0.610s] -- Looking for pthread.h
[0.680s] -- Looking for pthread.h - found
[0.680s] -- Performing Test CMAKE_HAVE_LIBC_PTHREAD
[0.752s] -- Performing Test CMAKE_HAVE_LIBC_PTHREAD - Success
[0.753s] -- Found Threads: TRUE  
[0.788s] -- Found tf2: 0.25.19 (/opt/ros/humble/share/tf2/cmake)
[0.797s] -- Found tf2_ros: 0.25.19 (/opt/ros/humble/share/tf2_ros/cmake)
[0.874s] -- Found tf2_geometry_msgs: 0.25.19 (/opt/ros/humble/share/tf2_geometry_msgs/cmake)
[0.887s] -- Found eigen3_cmake_module: 0.1.1 (/opt/ros/humble/share/eigen3_cmake_module/cmake)
[0.888s] -- Found Eigen3: TRUE (found version "3.4.0") 
[0.888s] -- Ensuring Eigen3 include directory is part of orocos-kdl CMake target
[0.891s] -- Found serial: 1.2.1 (/usr/local/share/serial/cmake)
[0.894s] -- Found behaviortree_cpp: 4.9.0 (/opt/ros/humble/share/behaviortree_cpp/cmake)
[0.953s] -- Configuring done
[0.970s] -- Generating done
[0.977s] -- Build files have been written to: /home/dgut/code/Nazarite/build/r2_mode1_bt
[0.991s] Invoked command in '/home/dgut/code/Nazarite/build/r2_mode1_bt' returned '0': CMAKE_PREFIX_PATH=/opt/ros/humble /usr/bin/cmake /home/dgut/code/Nazarite/src/r2_mode1_bt_tree -DAMENT_CMAKE_SYMLINK_INSTALL=1 -DCMAKE_INSTALL_PREFIX=/home/dgut/code/Nazarite/install/r2_mode1_bt
[0.992s] Invoking command in '/home/dgut/code/Nazarite/build/r2_mode1_bt': CMAKE_PREFIX_PATH=/opt/ros/humble /usr/bin/cmake --build /home/dgut/code/Nazarite/build/r2_mode1_bt -- -j16 -l16
[1.035s] [ 25%] Building CXX object CMakeFiles/ros_node_lib.dir/src/ros_node.cpp.o
[1.035s] [ 25%] Building CXX object CMakeFiles/serial_region1_mode0_test.dir/src/serial_region1_mode0_test.cpp.o
[1.507s] [ 37%] Linking CXX executable serial_region1_mode0_test
[1.614s] [ 37%] Built target serial_region1_mode0_test
[23.046s] [ 50%] Linking CXX static library libros_node_lib.a
[23.374s] [ 50%] Built target ros_node_lib
[23.391s] [ 62%] Building CXX object CMakeFiles/bt_nodes_lib.dir/src/bt_nodes.cpp.o
[33.244s] [ 75%] Linking CXX static library libbt_nodes_lib.a
[33.337s] [ 75%] Built target bt_nodes_lib
[33.357s] [ 87%] Building CXX object CMakeFiles/r2_mode1_bt_node.dir/src/main.cpp.o
[39.463s] [100%] Linking CXX executable r2_mode1_bt_node
[41.028s] [100%] Built target r2_mode1_bt_node
[41.039s] Invoked command in '/home/dgut/code/Nazarite/build/r2_mode1_bt' returned '0': CMAKE_PREFIX_PATH=/opt/ros/humble /usr/bin/cmake --build /home/dgut/code/Nazarite/build/r2_mode1_bt -- -j16 -l16
[41.041s] Invoking command in '/home/dgut/code/Nazarite/build/r2_mode1_bt': CMAKE_PREFIX_PATH=/opt/ros/humble /usr/bin/cmake --install /home/dgut/code/Nazarite/build/r2_mode1_bt
[41.048s] -- Install configuration: ""
[41.049s] -- Execute custom install script
[41.049s] -- Symlinking: /home/dgut/code/Nazarite/install/r2_mode1_bt/lib/libros_node_lib.a
[41.057s] -- Symlinking: /home/dgut/code/Nazarite/install/r2_mode1_bt/lib/libbt_nodes_lib.a
[41.067s] -- Symlinking: /home/dgut/code/Nazarite/install/r2_mode1_bt/lib/r2_mode1_bt/r2_mode1_bt_node
[41.077s] -- Symlinking: /home/dgut/code/Nazarite/install/r2_mode1_bt/lib/r2_mode1_bt/serial_region1_mode0_test
[41.085s] -- Symlinking: /home/dgut/code/Nazarite/install/r2_mode1_bt/include/r2_mode1_bt/blackboard_keys.hpp
[41.093s] -- Symlinking: /home/dgut/code/Nazarite/install/r2_mode1_bt/include/r2_mode1_bt/bt_nodes.hpp
[41.102s] -- Symlinking: /home/dgut/code/Nazarite/install/r2_mode1_bt/include/r2_mode1_bt/point3d.hpp
[41.112s] -- Symlinking: /home/dgut/code/Nazarite/install/r2_mode1_bt/include/r2_mode1_bt/ros_node.hpp
[41.122s] -- Symlinking: /home/dgut/code/Nazarite/install/r2_mode1_bt/share/r2_mode1_bt/config/r2_mode1_bt.xml
[41.131s] -- Symlinking: /home/dgut/code/Nazarite/install/r2_mode1_bt/share/ament_index/resource_index/package_run_dependencies/r2_mode1_bt
[41.140s] -- Symlinking: /home/dgut/code/Nazarite/install/r2_mode1_bt/share/ament_index/resource_index/parent_prefix_path/r2_mode1_bt
[41.149s] -- Symlinking: /home/dgut/code/Nazarite/install/r2_mode1_bt/share/r2_mode1_bt/environment/ament_prefix_path.sh
[41.159s] -- Symlinking: /home/dgut/code/Nazarite/install/r2_mode1_bt/share/r2_mode1_bt/environment/ament_prefix_path.dsv
[41.168s] -- Symlinking: /home/dgut/code/Nazarite/install/r2_mode1_bt/share/r2_mode1_bt/environment/path.sh
[41.177s] -- Symlinking: /home/dgut/code/Nazarite/install/r2_mode1_bt/share/r2_mode1_bt/environment/path.dsv
[41.186s] -- Symlinking: /home/dgut/code/Nazarite/install/r2_mode1_bt/share/r2_mode1_bt/local_setup.bash
[41.196s] -- Symlinking: /home/dgut/code/Nazarite/install/r2_mode1_bt/share/r2_mode1_bt/local_setup.sh
[41.215s] -- Symlinking: /home/dgut/code/Nazarite/install/r2_mode1_bt/share/r2_mode1_bt/local_setup.zsh
[41.215s] -- Symlinking: /home/dgut/code/Nazarite/install/r2_mode1_bt/share/r2_mode1_bt/local_setup.dsv
[41.221s] -- Symlinking: /home/dgut/code/Nazarite/install/r2_mode1_bt/share/r2_mode1_bt/package.dsv
[41.229s] -- Symlinking: /home/dgut/code/Nazarite/install/r2_mode1_bt/share/ament_index/resource_index/packages/r2_mode1_bt
[41.238s] -- Symlinking: /home/dgut/code/Nazarite/install/r2_mode1_bt/share/r2_mode1_bt/cmake/r2_mode1_btConfig.cmake
[41.247s] -- Symlinking: /home/dgut/code/Nazarite/install/r2_mode1_bt/share/r2_mode1_bt/cmake/r2_mode1_btConfig-version.cmake
[41.255s] -- Symlinking: /home/dgut/code/Nazarite/install/r2_mode1_bt/share/r2_mode1_bt/package.xml
[41.265s] Invoked command in '/home/dgut/code/Nazarite/build/r2_mode1_bt' returned '0': CMAKE_PREFIX_PATH=/opt/ros/humble /usr/bin/cmake --install /home/dgut/code/Nazarite/build/r2_mode1_bt
