-- The C compiler identification is GNU 11.4.0
-- The CXX compiler identification is GNU 11.4.0
-- Detecting C compiler ABI info
-- Detecting C compiler ABI info - done
-- Check for working C compiler: /usr/bin/cc - skipped
-- Detecting C compile features
-- Detecting C compile features - done
-- Detecting CXX compiler ABI info
-- Detecting CXX compiler ABI info - done
-- Check for working CXX compiler: /usr/bin/c++ - skipped
-- Detecting CXX compile features
-- Detecting CXX compile features - done
-- Found ament_cmake: 1.3.14 (/opt/ros/humble/share/ament_cmake/cmake)
-- Found Python3: /usr/bin/python3 (found version "3.10.12") found components: Interpreter 
-- Override CMake install command with custom implementation using symlinks instead of copying resources
-- Found builtin_interfaces: 1.2.2 (/opt/ros/humble/share/builtin_interfaces/cmake)
-- Found rosidl_generator_c: 3.1.8 (/opt/ros/humble/share/rosidl_generator_c/cmake)
-- Found rosidl_adapter: 3.1.8 (/opt/ros/humble/share/rosidl_adapter/cmake)
-- Found rosidl_generator_cpp: 3.1.8 (/opt/ros/humble/share/rosidl_generator_cpp/cmake)
-- Using all available rosidl_typesupport_c: rosidl_typesupport_fastrtps_c;rosidl_typesupport_introspection_c
-- Using all available rosidl_typesupport_cpp: rosidl_typesupport_fastrtps_cpp;rosidl_typesupport_introspection_cpp
-- Found costmap_converter_msgs: 0.1.2 (/home/dgut/code/Nazarite/install/costmap_converter_msgs/share/costmap_converter_msgs/cmake)
-- Found rosidl_default_generators: 1.2.1 (/opt/ros/humble/share/rosidl_default_generators/cmake)
-- Found ament_cmake_ros: 0.10.0 (/opt/ros/humble/share/ament_cmake_ros/cmake)
-- Using all available rosidl_typesupport_c: rosidl_typesupport_fastrtps_c;rosidl_typesupport_introspection_c
-- Using all available rosidl_typesupport_cpp: rosidl_typesupport_fastrtps_cpp;rosidl_typesupport_introspection_cpp
-- Found PythonInterp: /usr/bin/python3 (found suitable version "3.10.12", minimum required is "3.6") 
-- Found python_cmake_module: 0.10.0 (/opt/ros/humble/share/python_cmake_module/cmake)
-- Found PythonLibs: /usr/lib/x86_64-linux-gnu/libpython3.10.so (found suitable version "3.10.12", minimum required is "3.5") 
-- Using PYTHON_EXECUTABLE: /usr/bin/python3
-- Using PYTHON_INCLUDE_DIRS: /usr/include/python3.10
-- Using PYTHON_LIBRARIES: /usr/lib/x86_64-linux-gnu/libpython3.10.so
-- Found PythonExtra: .so  
-- Configuring done
-- Generating done
-- Build files have been written to: /home/dgut/code/Nazarite/build/teb_msgs
[  2%] Generating C code for ROS interfaces
[  4%] Generating Rust code for ROS interfaces
[  6%] Generating C++ code for ROS interfaces
[  6%] Built target ament_cmake_python_symlink_teb_msgs
[  6%] Built target teb_msgs__rs
running egg_info
creating teb_msgs.egg-info
writing teb_msgs.egg-info/PKG-INFO
writing dependency_links to teb_msgs.egg-info/dependency_links.txt
writing top-level names to teb_msgs.egg-info/top_level.txt
writing manifest file 'teb_msgs.egg-info/SOURCES.txt'
reading manifest file 'teb_msgs.egg-info/SOURCES.txt'
writing manifest file 'teb_msgs.egg-info/SOURCES.txt'
[  6%] Built target ament_cmake_python_build_teb_msgs_egg
[  8%] Building C object CMakeFiles/teb_msgs__rosidl_generator_c.dir/rosidl_generator_c/teb_msgs/msg/detail/feedback_msg__functions.c.o
[ 10%] Building C object CMakeFiles/teb_msgs__rosidl_generator_c.dir/rosidl_generator_c/teb_msgs/msg/detail/trajectory_msg__functions.c.o
[ 12%] Building C object CMakeFiles/teb_msgs__rosidl_generator_c.dir/rosidl_generator_c/teb_msgs/msg/detail/trajectory_point_msg__functions.c.o
[ 12%] Built target teb_msgs__cpp
[ 14%] Generating C++ type support for eProsima Fast-RTPS
[ 16%] Generating C++ introspection for ROS interfaces
[ 18%] Generating C++ type support dispatch for ROS interfaces
[ 20%] Linking C shared library libteb_msgs__rosidl_generator_c.so
[ 20%] Built target teb_msgs__rosidl_generator_c
[ 27%] Generating C introspection for ROS interfaces
[ 27%] Generating C type support for eProsima Fast-RTPS
[ 27%] Generating C type support dispatch for ROS interfaces
[ 29%] Building CXX object CMakeFiles/teb_msgs__rosidl_typesupport_c.dir/rosidl_typesupport_c/teb_msgs/msg/feedback_msg__type_support.cpp.o
[ 31%] Building CXX object CMakeFiles/teb_msgs__rosidl_typesupport_cpp.dir/rosidl_typesupport_cpp/teb_msgs/msg/feedback_msg__type_support.cpp.o
[ 33%] Building CXX object CMakeFiles/teb_msgs__rosidl_typesupport_cpp.dir/rosidl_typesupport_cpp/teb_msgs/msg/trajectory_point_msg__type_support.cpp.o
[ 35%] Building CXX object CMakeFiles/teb_msgs__rosidl_typesupport_cpp.dir/rosidl_typesupport_cpp/teb_msgs/msg/trajectory_msg__type_support.cpp.o
[ 37%] Building CXX object CMakeFiles/teb_msgs__rosidl_typesupport_c.dir/rosidl_typesupport_c/teb_msgs/msg/trajectory_point_msg__type_support.cpp.o
[ 39%] Building CXX object CMakeFiles/teb_msgs__rosidl_typesupport_c.dir/rosidl_typesupport_c/teb_msgs/msg/trajectory_msg__type_support.cpp.o
[ 41%] Linking CXX shared library libteb_msgs__rosidl_typesupport_c.so
[ 41%] Built target teb_msgs__rosidl_typesupport_c
[ 45%] Building CXX object CMakeFiles/teb_msgs__rosidl_typesupport_fastrtps_cpp.dir/rosidl_typesupport_fastrtps_cpp/teb_msgs/msg/detail/dds_fastrtps/feedback_msg__type_support.cpp.o
[ 45%] Building CXX object CMakeFiles/teb_msgs__rosidl_typesupport_fastrtps_cpp.dir/rosidl_typesupport_fastrtps_cpp/teb_msgs/msg/detail/dds_fastrtps/trajectory_point_msg__type_support.cpp.o
[ 47%] Building CXX object CMakeFiles/teb_msgs__rosidl_typesupport_fastrtps_cpp.dir/rosidl_typesupport_fastrtps_cpp/teb_msgs/msg/detail/dds_fastrtps/trajectory_msg__type_support.cpp.o
[ 50%] Building CXX object CMakeFiles/teb_msgs__rosidl_typesupport_introspection_cpp.dir/rosidl_typesupport_introspection_cpp/teb_msgs/msg/detail/trajectory_msg__type_support.cpp.o
[ 52%] Building CXX object CMakeFiles/teb_msgs__rosidl_typesupport_introspection_cpp.dir/rosidl_typesupport_introspection_cpp/teb_msgs/msg/detail/feedback_msg__type_support.cpp.o
[ 54%] Building CXX object CMakeFiles/teb_msgs__rosidl_typesupport_introspection_cpp.dir/rosidl_typesupport_introspection_cpp/teb_msgs/msg/detail/trajectory_point_msg__type_support.cpp.o
[ 56%] Building C object CMakeFiles/teb_msgs__rosidl_typesupport_introspection_c.dir/rosidl_typesupport_introspection_c/teb_msgs/msg/detail/trajectory_msg__type_support.c.o
[ 58%] Building C object CMakeFiles/teb_msgs__rosidl_typesupport_introspection_c.dir/rosidl_typesupport_introspection_c/teb_msgs/msg/detail/feedback_msg__type_support.c.o
[ 60%] Building C object CMakeFiles/teb_msgs__rosidl_typesupport_introspection_c.dir/rosidl_typesupport_introspection_c/teb_msgs/msg/detail/trajectory_point_msg__type_support.c.o
[ 62%] Building CXX object CMakeFiles/teb_msgs__rosidl_typesupport_fastrtps_c.dir/rosidl_typesupport_fastrtps_c/teb_msgs/msg/detail/trajectory_msg__type_support_c.cpp.o
[ 64%] Building CXX object CMakeFiles/teb_msgs__rosidl_typesupport_fastrtps_c.dir/rosidl_typesupport_fastrtps_c/teb_msgs/msg/detail/feedback_msg__type_support_c.cpp.o
[ 66%] Building CXX object CMakeFiles/teb_msgs__rosidl_typesupport_fastrtps_c.dir/rosidl_typesupport_fastrtps_c/teb_msgs/msg/detail/trajectory_point_msg__type_support_c.cpp.o
[ 68%] Linking C shared library libteb_msgs__rosidl_typesupport_introspection_c.so
[ 68%] Built target teb_msgs__rosidl_typesupport_introspection_c
[ 70%] Linking CXX shared library libteb_msgs__rosidl_typesupport_cpp.so
[ 70%] Built target teb_msgs__rosidl_typesupport_cpp
[ 72%] Linking CXX shared library libteb_msgs__rosidl_typesupport_fastrtps_c.so
[ 75%] Linking CXX shared library libteb_msgs__rosidl_typesupport_fastrtps_cpp.so
[ 77%] Linking CXX shared library libteb_msgs__rosidl_typesupport_introspection_cpp.so
[ 77%] Built target teb_msgs__rosidl_typesupport_introspection_cpp
[ 77%] Built target teb_msgs__rosidl_typesupport_fastrtps_c
[ 77%] Built target teb_msgs__rosidl_typesupport_fastrtps_cpp
[ 77%] Built target teb_msgs
[ 79%] Generating Python code for ROS interfaces
[ 79%] Built target teb_msgs__py
[ 81%] Building C object CMakeFiles/teb_msgs__rosidl_generator_py.dir/rosidl_generator_py/teb_msgs/msg/_trajectory_msg_s.c.o
[ 83%] Building C object CMakeFiles/teb_msgs__rosidl_generator_py.dir/rosidl_generator_py/teb_msgs/msg/_feedback_msg_s.c.o
[ 85%] Building C object CMakeFiles/teb_msgs__rosidl_generator_py.dir/rosidl_generator_py/teb_msgs/msg/_trajectory_point_msg_s.c.o
[ 87%] Linking C shared library rosidl_generator_py/teb_msgs/libteb_msgs__rosidl_generator_py.so
[ 87%] Built target teb_msgs__rosidl_generator_py
[ 89%] Building C object CMakeFiles/teb_msgs__rosidl_typesupport_c__pyext.dir/rosidl_generator_py/teb_msgs/_teb_msgs_s.ep.rosidl_typesupport_c.c.o
[ 91%] Building C object CMakeFiles/teb_msgs__rosidl_typesupport_fastrtps_c__pyext.dir/rosidl_generator_py/teb_msgs/_teb_msgs_s.ep.rosidl_typesupport_fastrtps_c.c.o
[ 93%] Building C object CMakeFiles/teb_msgs__rosidl_typesupport_introspection_c__pyext.dir/rosidl_generator_py/teb_msgs/_teb_msgs_s.ep.rosidl_typesupport_introspection_c.c.o
[ 95%] Linking C shared library rosidl_generator_py/teb_msgs/teb_msgs_s__rosidl_typesupport_c.cpython-310-x86_64-linux-gnu.so
[ 97%] Linking C shared library rosidl_generator_py/teb_msgs/teb_msgs_s__rosidl_typesupport_introspection_c.cpython-310-x86_64-linux-gnu.so
[100%] Linking C shared library rosidl_generator_py/teb_msgs/teb_msgs_s__rosidl_typesupport_fastrtps_c.cpython-310-x86_64-linux-gnu.so
[100%] Built target teb_msgs__rosidl_typesupport_c__pyext
[100%] Built target teb_msgs__rosidl_typesupport_fastrtps_c__pyext
[100%] Built target teb_msgs__rosidl_typesupport_introspection_c__pyext
-- Install configuration: ""
-- Execute custom install script
-- Symlinking: /home/dgut/code/Nazarite/install/teb_msgs/share/ament_index/resource_index/rosidl_interfaces/teb_msgs
-- Symlinking: /home/dgut/code/Nazarite/install/teb_msgs/include/teb_msgs/teb_msgs/msg/detail/feedback_msg__functions.h
-- Symlinking: /home/dgut/code/Nazarite/install/teb_msgs/include/teb_msgs/teb_msgs/msg/detail/feedback_msg__struct.h
-- Symlinking: /home/dgut/code/Nazarite/install/teb_msgs/include/teb_msgs/teb_msgs/msg/detail/feedback_msg__type_support.h
-- Symlinking: /home/dgut/code/Nazarite/install/teb_msgs/include/teb_msgs/teb_msgs/msg/detail/trajectory_msg__functions.h
-- Symlinking: /home/dgut/code/Nazarite/install/teb_msgs/include/teb_msgs/teb_msgs/msg/detail/trajectory_msg__struct.h
-- Symlinking: /home/dgut/code/Nazarite/install/teb_msgs/include/teb_msgs/teb_msgs/msg/detail/trajectory_msg__type_support.h
-- Symlinking: /home/dgut/code/Nazarite/install/teb_msgs/include/teb_msgs/teb_msgs/msg/detail/trajectory_point_msg__functions.h
-- Symlinking: /home/dgut/code/Nazarite/install/teb_msgs/include/teb_msgs/teb_msgs/msg/detail/trajectory_point_msg__struct.h
-- Symlinking: /home/dgut/code/Nazarite/install/teb_msgs/include/teb_msgs/teb_msgs/msg/detail/trajectory_point_msg__type_support.h
-- Symlinking: /home/dgut/code/Nazarite/install/teb_msgs/include/teb_msgs/teb_msgs/msg/feedback_msg.h
-- Symlinking: /home/dgut/code/Nazarite/install/teb_msgs/include/teb_msgs/teb_msgs/msg/rosidl_generator_c__visibility_control.h
-- Symlinking: /home/dgut/code/Nazarite/install/teb_msgs/include/teb_msgs/teb_msgs/msg/trajectory_msg.h
-- Symlinking: /home/dgut/code/Nazarite/install/teb_msgs/include/teb_msgs/teb_msgs/msg/trajectory_point_msg.h
-- Symlinking: /home/dgut/code/Nazarite/install/teb_msgs/share/teb_msgs/environment/library_path.sh
-- Symlinking: /home/dgut/code/Nazarite/install/teb_msgs/share/teb_msgs/environment/library_path.dsv
-- Symlinking: /home/dgut/code/Nazarite/install/teb_msgs/include/teb_msgs/teb_msgs/msg/detail/feedback_msg__rosidl_typesupport_fastrtps_c.h
-- Symlinking: /home/dgut/code/Nazarite/install/teb_msgs/include/teb_msgs/teb_msgs/msg/detail/trajectory_msg__rosidl_typesupport_fastrtps_c.h
-- Symlinking: /home/dgut/code/Nazarite/install/teb_msgs/include/teb_msgs/teb_msgs/msg/detail/trajectory_point_msg__rosidl_typesupport_fastrtps_c.h
-- Symlinking: /home/dgut/code/Nazarite/install/teb_msgs/include/teb_msgs/teb_msgs/msg/rosidl_typesupport_fastrtps_c__visibility_control.h
-- Symlinking: /home/dgut/code/Nazarite/install/teb_msgs/include/teb_msgs/teb_msgs/msg/detail/feedback_msg__builder.hpp
-- Symlinking: /home/dgut/code/Nazarite/install/teb_msgs/include/teb_msgs/teb_msgs/msg/detail/feedback_msg__struct.hpp
-- Symlinking: /home/dgut/code/Nazarite/install/teb_msgs/include/teb_msgs/teb_msgs/msg/detail/feedback_msg__traits.hpp
-- Symlinking: /home/dgut/code/Nazarite/install/teb_msgs/include/teb_msgs/teb_msgs/msg/detail/feedback_msg__type_support.hpp
-- Symlinking: /home/dgut/code/Nazarite/install/teb_msgs/include/teb_msgs/teb_msgs/msg/detail/trajectory_msg__builder.hpp
-- Symlinking: /home/dgut/code/Nazarite/install/teb_msgs/include/teb_msgs/teb_msgs/msg/detail/trajectory_msg__struct.hpp
-- Symlinking: /home/dgut/code/Nazarite/install/teb_msgs/include/teb_msgs/teb_msgs/msg/detail/trajectory_msg__traits.hpp
-- Symlinking: /home/dgut/code/Nazarite/install/teb_msgs/include/teb_msgs/teb_msgs/msg/detail/trajectory_msg__type_support.hpp
-- Symlinking: /home/dgut/code/Nazarite/install/teb_msgs/include/teb_msgs/teb_msgs/msg/detail/trajectory_point_msg__builder.hpp
-- Symlinking: /home/dgut/code/Nazarite/install/teb_msgs/include/teb_msgs/teb_msgs/msg/detail/trajectory_point_msg__struct.hpp
-- Symlinking: /home/dgut/code/Nazarite/install/teb_msgs/include/teb_msgs/teb_msgs/msg/detail/trajectory_point_msg__traits.hpp
-- Symlinking: /home/dgut/code/Nazarite/install/teb_msgs/include/teb_msgs/teb_msgs/msg/detail/trajectory_point_msg__type_support.hpp
-- Symlinking: /home/dgut/code/Nazarite/install/teb_msgs/include/teb_msgs/teb_msgs/msg/feedback_msg.hpp
-- Symlinking: /home/dgut/code/Nazarite/install/teb_msgs/include/teb_msgs/teb_msgs/msg/rosidl_generator_cpp__visibility_control.hpp
-- Symlinking: /home/dgut/code/Nazarite/install/teb_msgs/include/teb_msgs/teb_msgs/msg/trajectory_msg.hpp
-- Symlinking: /home/dgut/code/Nazarite/install/teb_msgs/include/teb_msgs/teb_msgs/msg/trajectory_point_msg.hpp
-- Symlinking: /home/dgut/code/Nazarite/install/teb_msgs/include/teb_msgs/teb_msgs/msg/detail/feedback_msg__rosidl_typesupport_fastrtps_cpp.hpp
-- Symlinking: /home/dgut/code/Nazarite/install/teb_msgs/include/teb_msgs/teb_msgs/msg/detail/trajectory_msg__rosidl_typesupport_fastrtps_cpp.hpp
-- Symlinking: /home/dgut/code/Nazarite/install/teb_msgs/include/teb_msgs/teb_msgs/msg/detail/trajectory_point_msg__rosidl_typesupport_fastrtps_cpp.hpp
-- Symlinking: /home/dgut/code/Nazarite/install/teb_msgs/include/teb_msgs/teb_msgs/msg/rosidl_typesupport_fastrtps_cpp__visibility_control.h
-- Symlinking: /home/dgut/code/Nazarite/install/teb_msgs/include/teb_msgs/teb_msgs/msg/detail/feedback_msg__rosidl_typesupport_introspection_c.h
-- Symlinking: /home/dgut/code/Nazarite/install/teb_msgs/include/teb_msgs/teb_msgs/msg/detail/trajectory_msg__rosidl_typesupport_introspection_c.h
-- Symlinking: /home/dgut/code/Nazarite/install/teb_msgs/include/teb_msgs/teb_msgs/msg/detail/trajectory_point_msg__rosidl_typesupport_introspection_c.h
-- Symlinking: /home/dgut/code/Nazarite/install/teb_msgs/include/teb_msgs/teb_msgs/msg/rosidl_typesupport_introspection_c__visibility_control.h
-- Symlinking: /home/dgut/code/Nazarite/install/teb_msgs/include/teb_msgs/teb_msgs/msg/detail/feedback_msg__rosidl_typesupport_introspection_cpp.hpp
-- Symlinking: /home/dgut/code/Nazarite/install/teb_msgs/include/teb_msgs/teb_msgs/msg/detail/trajectory_msg__rosidl_typesupport_introspection_cpp.hpp
-- Symlinking: /home/dgut/code/Nazarite/install/teb_msgs/include/teb_msgs/teb_msgs/msg/detail/trajectory_point_msg__rosidl_typesupport_introspection_cpp.hpp
-- Symlinking: /home/dgut/code/Nazarite/install/teb_msgs/share/teb_msgs/environment/pythonpath.sh
-- Symlinking: /home/dgut/code/Nazarite/install/teb_msgs/share/teb_msgs/environment/pythonpath.dsv
-- Symlinking: /home/dgut/code/Nazarite/install/teb_msgs/local/lib/python3.10/dist-packages/teb_msgs-0.0.1-py3.10.egg-info/PKG-INFO
-- Symlinking: /home/dgut/code/Nazarite/install/teb_msgs/local/lib/python3.10/dist-packages/teb_msgs-0.0.1-py3.10.egg-info/SOURCES.txt
-- Symlinking: /home/dgut/code/Nazarite/install/teb_msgs/local/lib/python3.10/dist-packages/teb_msgs-0.0.1-py3.10.egg-info/dependency_links.txt
-- Symlinking: /home/dgut/code/Nazarite/install/teb_msgs/local/lib/python3.10/dist-packages/teb_msgs-0.0.1-py3.10.egg-info/top_level.txt
-- Symlinking: /home/dgut/code/Nazarite/install/teb_msgs/local/lib/python3.10/dist-packages/teb_msgs/__init__.py
-- Symlinking: /home/dgut/code/Nazarite/install/teb_msgs/local/lib/python3.10/dist-packages/teb_msgs/_teb_msgs_s.ep.rosidl_typesupport_c.c
-- Symlinking: /home/dgut/code/Nazarite/install/teb_msgs/local/lib/python3.10/dist-packages/teb_msgs/_teb_msgs_s.ep.rosidl_typesupport_fastrtps_c.c
-- Symlinking: /home/dgut/code/Nazarite/install/teb_msgs/local/lib/python3.10/dist-packages/teb_msgs/_teb_msgs_s.ep.rosidl_typesupport_introspection_c.c
-- Symlinking: /home/dgut/code/Nazarite/install/teb_msgs/local/lib/python3.10/dist-packages/teb_msgs/libteb_msgs__rosidl_generator_py.so
-- Symlinking: /home/dgut/code/Nazarite/install/teb_msgs/local/lib/python3.10/dist-packages/teb_msgs/msg/__init__.py
-- Symlinking: /home/dgut/code/Nazarite/install/teb_msgs/local/lib/python3.10/dist-packages/teb_msgs/msg/_feedback_msg.py
-- Symlinking: /home/dgut/code/Nazarite/install/teb_msgs/local/lib/python3.10/dist-packages/teb_msgs/msg/_feedback_msg_s.c
-- Symlinking: /home/dgut/code/Nazarite/install/teb_msgs/local/lib/python3.10/dist-packages/teb_msgs/msg/_trajectory_msg.py
-- Symlinking: /home/dgut/code/Nazarite/install/teb_msgs/local/lib/python3.10/dist-packages/teb_msgs/msg/_trajectory_msg_s.c
-- Symlinking: /home/dgut/code/Nazarite/install/teb_msgs/local/lib/python3.10/dist-packages/teb_msgs/msg/_trajectory_point_msg.py
-- Symlinking: /home/dgut/code/Nazarite/install/teb_msgs/local/lib/python3.10/dist-packages/teb_msgs/msg/_trajectory_point_msg_s.c
-- Symlinking: /home/dgut/code/Nazarite/install/teb_msgs/local/lib/python3.10/dist-packages/teb_msgs/teb_msgs_s__rosidl_typesupport_c.cpython-310-x86_64-linux-gnu.so
-- Symlinking: /home/dgut/code/Nazarite/install/teb_msgs/local/lib/python3.10/dist-packages/teb_msgs/teb_msgs_s__rosidl_typesupport_fastrtps_c.cpython-310-x86_64-linux-gnu.so
-- Symlinking: /home/dgut/code/Nazarite/install/teb_msgs/local/lib/python3.10/dist-packages/teb_msgs/teb_msgs_s__rosidl_typesupport_introspection_c.cpython-310-x86_64-linux-gnu.so
-- Up-to-date symlink: /home/dgut/code/Nazarite/install/teb_msgs/local/lib/python3.10/dist-packages/teb_msgs/teb_msgs_s__rosidl_typesupport_fastrtps_c.cpython-310-x86_64-linux-gnu.so
-- Up-to-date symlink: /home/dgut/code/Nazarite/install/teb_msgs/local/lib/python3.10/dist-packages/teb_msgs/teb_msgs_s__rosidl_typesupport_introspection_c.cpython-310-x86_64-linux-gnu.so
-- Up-to-date symlink: /home/dgut/code/Nazarite/install/teb_msgs/local/lib/python3.10/dist-packages/teb_msgs/teb_msgs_s__rosidl_typesupport_c.cpython-310-x86_64-linux-gnu.so
-- Symlinking: /home/dgut/code/Nazarite/install/teb_msgs/share/ament_index/resource_index/rust_packages/teb_msgs
-- Symlinking: /home/dgut/code/Nazarite/install/teb_msgs/share/teb_msgs/rust/Cargo.toml
-- Symlinking: /home/dgut/code/Nazarite/install/teb_msgs/share/teb_msgs/rust/build.rs
-- Symlinking: /home/dgut/code/Nazarite/install/teb_msgs/share/teb_msgs/rust/src/lib.rs
-- Symlinking: /home/dgut/code/Nazarite/install/teb_msgs/share/teb_msgs/rust/src/msg.rs
-- Symlinking: /home/dgut/code/Nazarite/install/teb_msgs/share/teb_msgs/rust/src/msg/rmw.rs
-- Symlinking: /home/dgut/code/Nazarite/install/teb_msgs/share/teb_msgs/msg/FeedbackMsg.idl
-- Symlinking: /home/dgut/code/Nazarite/install/teb_msgs/share/teb_msgs/msg/TrajectoryMsg.idl
-- Symlinking: /home/dgut/code/Nazarite/install/teb_msgs/share/teb_msgs/msg/TrajectoryPointMsg.idl
-- Symlinking: /home/dgut/code/Nazarite/install/teb_msgs/share/teb_msgs/msg/FeedbackMsg.msg
-- Symlinking: /home/dgut/code/Nazarite/install/teb_msgs/share/teb_msgs/msg/TrajectoryMsg.msg
-- Symlinking: /home/dgut/code/Nazarite/install/teb_msgs/share/teb_msgs/msg/TrajectoryPointMsg.msg
-- Symlinking: /home/dgut/code/Nazarite/install/teb_msgs/share/ament_index/resource_index/package_run_dependencies/teb_msgs
-- Symlinking: /home/dgut/code/Nazarite/install/teb_msgs/share/ament_index/resource_index/parent_prefix_path/teb_msgs
-- Symlinking: /home/dgut/code/Nazarite/install/teb_msgs/share/teb_msgs/environment/ament_prefix_path.sh
-- Symlinking: /home/dgut/code/Nazarite/install/teb_msgs/share/teb_msgs/environment/ament_prefix_path.dsv
-- Symlinking: /home/dgut/code/Nazarite/install/teb_msgs/share/teb_msgs/environment/path.sh
-- Symlinking: /home/dgut/code/Nazarite/install/teb_msgs/share/teb_msgs/environment/path.dsv
-- Symlinking: /home/dgut/code/Nazarite/install/teb_msgs/share/teb_msgs/local_setup.bash
-- Symlinking: /home/dgut/code/Nazarite/install/teb_msgs/share/teb_msgs/local_setup.sh
-- Symlinking: /home/dgut/code/Nazarite/install/teb_msgs/share/teb_msgs/local_setup.zsh
-- Symlinking: /home/dgut/code/Nazarite/install/teb_msgs/share/teb_msgs/local_setup.dsv
-- Symlinking: /home/dgut/code/Nazarite/install/teb_msgs/share/teb_msgs/package.dsv
-- Symlinking: /home/dgut/code/Nazarite/install/teb_msgs/share/ament_index/resource_index/packages/teb_msgs
-- Symlinking: /home/dgut/code/Nazarite/install/teb_msgs/share/teb_msgs/cmake/rosidl_cmake-extras.cmake
-- Symlinking: /home/dgut/code/Nazarite/install/teb_msgs/share/teb_msgs/cmake/ament_cmake_export_dependencies-extras.cmake
-- Symlinking: /home/dgut/code/Nazarite/install/teb_msgs/share/teb_msgs/cmake/ament_cmake_export_include_directories-extras.cmake
-- Symlinking: /home/dgut/code/Nazarite/install/teb_msgs/share/teb_msgs/cmake/ament_cmake_export_libraries-extras.cmake
-- Symlinking: /home/dgut/code/Nazarite/install/teb_msgs/share/teb_msgs/cmake/ament_cmake_export_targets-extras.cmake
-- Symlinking: /home/dgut/code/Nazarite/install/teb_msgs/share/teb_msgs/cmake/rosidl_cmake_export_typesupport_targets-extras.cmake
-- Symlinking: /home/dgut/code/Nazarite/install/teb_msgs/share/teb_msgs/cmake/rosidl_cmake_export_typesupport_libraries-extras.cmake
-- Symlinking: /home/dgut/code/Nazarite/install/teb_msgs/share/teb_msgs/cmake/teb_msgsConfig.cmake
-- Symlinking: /home/dgut/code/Nazarite/install/teb_msgs/share/teb_msgs/cmake/teb_msgsConfig-version.cmake
-- Symlinking: /home/dgut/code/Nazarite/install/teb_msgs/share/teb_msgs/package.xml
-- Installing: /home/dgut/code/Nazarite/install/teb_msgs/lib/libteb_msgs__rosidl_generator_c.so
-- Set runtime path of "/home/dgut/code/Nazarite/install/teb_msgs/lib/libteb_msgs__rosidl_generator_c.so" to ""
-- Installing: /home/dgut/code/Nazarite/install/teb_msgs/lib/libteb_msgs__rosidl_typesupport_fastrtps_c.so
-- Set runtime path of "/home/dgut/code/Nazarite/install/teb_msgs/lib/libteb_msgs__rosidl_typesupport_fastrtps_c.so" to ""
-- Installing: /home/dgut/code/Nazarite/install/teb_msgs/lib/libteb_msgs__rosidl_typesupport_fastrtps_cpp.so
-- Set runtime path of "/home/dgut/code/Nazarite/install/teb_msgs/lib/libteb_msgs__rosidl_typesupport_fastrtps_cpp.so" to ""
-- Installing: /home/dgut/code/Nazarite/install/teb_msgs/lib/libteb_msgs__rosidl_typesupport_introspection_c.so
-- Set runtime path of "/home/dgut/code/Nazarite/install/teb_msgs/lib/libteb_msgs__rosidl_typesupport_introspection_c.so" to ""
-- Installing: /home/dgut/code/Nazarite/install/teb_msgs/lib/libteb_msgs__rosidl_typesupport_c.so
-- Set runtime path of "/home/dgut/code/Nazarite/install/teb_msgs/lib/libteb_msgs__rosidl_typesupport_c.so" to ""
-- Installing: /home/dgut/code/Nazarite/install/teb_msgs/lib/libteb_msgs__rosidl_typesupport_introspection_cpp.so
-- Set runtime path of "/home/dgut/code/Nazarite/install/teb_msgs/lib/libteb_msgs__rosidl_typesupport_introspection_cpp.so" to ""
-- Installing: /home/dgut/code/Nazarite/install/teb_msgs/lib/libteb_msgs__rosidl_typesupport_cpp.so
-- Set runtime path of "/home/dgut/code/Nazarite/install/teb_msgs/lib/libteb_msgs__rosidl_typesupport_cpp.so" to ""
Listing '/home/dgut/code/Nazarite/install/teb_msgs/local/lib/python3.10/dist-packages/teb_msgs'...
Compiling '/home/dgut/code/Nazarite/install/teb_msgs/local/lib/python3.10/dist-packages/teb_msgs/__init__.py'...
Listing '/home/dgut/code/Nazarite/install/teb_msgs/local/lib/python3.10/dist-packages/teb_msgs/msg'...
Compiling '/home/dgut/code/Nazarite/install/teb_msgs/local/lib/python3.10/dist-packages/teb_msgs/msg/__init__.py'...
Compiling '/home/dgut/code/Nazarite/install/teb_msgs/local/lib/python3.10/dist-packages/teb_msgs/msg/_feedback_msg.py'...
Compiling '/home/dgut/code/Nazarite/install/teb_msgs/local/lib/python3.10/dist-packages/teb_msgs/msg/_trajectory_msg.py'...
Compiling '/home/dgut/code/Nazarite/install/teb_msgs/local/lib/python3.10/dist-packages/teb_msgs/msg/_trajectory_point_msg.py'...
-- Installing: /home/dgut/code/Nazarite/install/teb_msgs/lib/libteb_msgs__rosidl_generator_py.so
-- Set runtime path of "/home/dgut/code/Nazarite/install/teb_msgs/lib/libteb_msgs__rosidl_generator_py.so" to ""
-- Installing: /home/dgut/code/Nazarite/install/teb_msgs/share/teb_msgs/cmake/export_teb_msgs__rosidl_generator_cExport.cmake
-- Installing: /home/dgut/code/Nazarite/install/teb_msgs/share/teb_msgs/cmake/export_teb_msgs__rosidl_generator_cExport-noconfig.cmake
-- Installing: /home/dgut/code/Nazarite/install/teb_msgs/share/teb_msgs/cmake/export_teb_msgs__rosidl_typesupport_fastrtps_cExport.cmake
-- Installing: /home/dgut/code/Nazarite/install/teb_msgs/share/teb_msgs/cmake/export_teb_msgs__rosidl_typesupport_fastrtps_cExport-noconfig.cmake
-- Installing: /home/dgut/code/Nazarite/install/teb_msgs/share/teb_msgs/cmake/export_teb_msgs__rosidl_generator_cppExport.cmake
-- Installing: /home/dgut/code/Nazarite/install/teb_msgs/share/teb_msgs/cmake/export_teb_msgs__rosidl_typesupport_fastrtps_cppExport.cmake
-- Installing: /home/dgut/code/Nazarite/install/teb_msgs/share/teb_msgs/cmake/export_teb_msgs__rosidl_typesupport_fastrtps_cppExport-noconfig.cmake
-- Installing: /home/dgut/code/Nazarite/install/teb_msgs/share/teb_msgs/cmake/teb_msgs__rosidl_typesupport_introspection_cExport.cmake
-- Installing: /home/dgut/code/Nazarite/install/teb_msgs/share/teb_msgs/cmake/teb_msgs__rosidl_typesupport_introspection_cExport-noconfig.cmake
-- Installing: /home/dgut/code/Nazarite/install/teb_msgs/share/teb_msgs/cmake/teb_msgs__rosidl_typesupport_cExport.cmake
-- Installing: /home/dgut/code/Nazarite/install/teb_msgs/share/teb_msgs/cmake/teb_msgs__rosidl_typesupport_cExport-noconfig.cmake
-- Installing: /home/dgut/code/Nazarite/install/teb_msgs/share/teb_msgs/cmake/teb_msgs__rosidl_typesupport_introspection_cppExport.cmake
-- Installing: /home/dgut/code/Nazarite/install/teb_msgs/share/teb_msgs/cmake/teb_msgs__rosidl_typesupport_introspection_cppExport-noconfig.cmake
-- Installing: /home/dgut/code/Nazarite/install/teb_msgs/share/teb_msgs/cmake/teb_msgs__rosidl_typesupport_cppExport.cmake
-- Installing: /home/dgut/code/Nazarite/install/teb_msgs/share/teb_msgs/cmake/teb_msgs__rosidl_typesupport_cppExport-noconfig.cmake
-- Installing: /home/dgut/code/Nazarite/install/teb_msgs/share/teb_msgs/cmake/export_teb_msgs__rosidl_generator_pyExport.cmake
-- Installing: /home/dgut/code/Nazarite/install/teb_msgs/share/teb_msgs/cmake/export_teb_msgs__rosidl_generator_pyExport-noconfig.cmake
