[0.017s] Invoking command in '/home/dgut/code/Nazarite/build/teb_msgs': AMENT_PREFIX_PATH=/home/dgut/code/Nazarite/install/costmap_converter_msgs:${AMENT_PREFIX_PATH} CMAKE_PREFIX_PATH=/home/dgut/code/Nazarite/install/costmap_converter_msgs:/opt/ros/humble LD_LIBRARY_PATH=/home/dgut/code/Nazarite/install/costmap_converter_msgs/lib:${LD_LIBRARY_PATH} PYTHONPATH=/home/dgut/code/Nazarite/install/costmap_converter_msgs/local/lib/python3.10/dist-packages:${PYTHONPATH} /usr/bin/cmake /home/dgut/code/Nazarite/src/teb_local_planner/teb_msgs -DAMENT_CMAKE_SYMLINK_INSTALL=1 -DCMAKE_INSTALL_PREFIX=/home/dgut/code/Nazarite/install/teb_msgs
[0.096s] -- The C compiler identification is GNU 11.4.0
[0.195s] -- The CXX compiler identification is GNU 11.4.0
[0.209s] -- Detecting C compiler ABI info
[0.317s] -- Detecting C compiler ABI info - done
[0.324s] -- Check for working C compiler: /usr/bin/cc - skipped
[0.324s] -- Detecting C compile features
[0.328s] -- Detecting C compile features - done
[0.328s] -- Detecting CXX compiler ABI info
[0.531s] -- Detecting CXX compiler ABI info - done
[0.550s] -- Check for working CXX compiler: /usr/bin/c++ - skipped
[0.550s] -- Detecting CXX compile features
[0.550s] -- Detecting CXX compile features - done
[0.557s] -- Found ament_cmake: 1.3.14 (/opt/ros/humble/share/ament_cmake/cmake)
[0.885s] -- Found Python3: /usr/bin/python3 (found version "3.10.12") found components: Interpreter 
[1.051s] -- Override CMake install command with custom implementation using symlinks instead of copying resources
[1.119s] -- Found builtin_interfaces: 1.2.2 (/opt/ros/humble/share/builtin_interfaces/cmake)
[1.198s] -- Found rosidl_generator_c: 3.1.8 (/opt/ros/humble/share/rosidl_generator_c/cmake)
[1.210s] -- Found rosidl_adapter: 3.1.8 (/opt/ros/humble/share/rosidl_adapter/cmake)
[1.222s] -- Found rosidl_generator_cpp: 3.1.8 (/opt/ros/humble/share/rosidl_generator_cpp/cmake)
[1.233s] -- Using all available rosidl_typesupport_c: rosidl_typesupport_fastrtps_c;rosidl_typesupport_introspection_c
[1.252s] -- Using all available rosidl_typesupport_cpp: rosidl_typesupport_fastrtps_cpp;rosidl_typesupport_introspection_cpp
[1.273s] -- Found costmap_converter_msgs: 0.1.2 (/home/dgut/code/Nazarite/install/costmap_converter_msgs/share/costmap_converter_msgs/cmake)
[1.323s] -- Found rosidl_default_generators: 1.2.1 (/opt/ros/humble/share/rosidl_default_generators/cmake)
[1.902s] -- Found ament_cmake_ros: 0.10.0 (/opt/ros/humble/share/ament_cmake_ros/cmake)
[2.684s] -- Using all available rosidl_typesupport_c: rosidl_typesupport_fastrtps_c;rosidl_typesupport_introspection_c
[2.887s] -- Using all available rosidl_typesupport_cpp: rosidl_typesupport_fastrtps_cpp;rosidl_typesupport_introspection_cpp
[2.918s] -- Found PythonInterp: /usr/bin/python3 (found suitable version "3.10.12", minimum required is "3.6") 
[2.919s] -- Found python_cmake_module: 0.10.0 (/opt/ros/humble/share/python_cmake_module/cmake)
[2.949s] -- Found PythonLibs: /usr/lib/x86_64-linux-gnu/libpython3.10.so (found suitable version "3.10.12", minimum required is "3.5") 
[2.950s] -- Using PYTHON_EXECUTABLE: /usr/bin/python3
[2.950s] -- Using PYTHON_INCLUDE_DIRS: /usr/include/python3.10
[2.950s] -- Using PYTHON_LIBRARIES: /usr/lib/x86_64-linux-gnu/libpython3.10.so
[2.976s] -- Found PythonExtra: .so  
[3.180s] -- Configuring done
[3.230s] -- Generating done
[3.245s] -- Build files have been written to: /home/dgut/code/Nazarite/build/teb_msgs
[3.325s] Invoked command in '/home/dgut/code/Nazarite/build/teb_msgs' returned '0': AMENT_PREFIX_PATH=/home/dgut/code/Nazarite/install/costmap_converter_msgs:${AMENT_PREFIX_PATH} CMAKE_PREFIX_PATH=/home/dgut/code/Nazarite/install/costmap_converter_msgs:/opt/ros/humble LD_LIBRARY_PATH=/home/dgut/code/Nazarite/install/costmap_converter_msgs/lib:${LD_LIBRARY_PATH} PYTHONPATH=/home/dgut/code/Nazarite/install/costmap_converter_msgs/local/lib/python3.10/dist-packages:${PYTHONPATH} /usr/bin/cmake /home/dgut/code/Nazarite/src/teb_local_planner/teb_msgs -DAMENT_CMAKE_SYMLINK_INSTALL=1 -DCMAKE_INSTALL_PREFIX=/home/dgut/code/Nazarite/install/teb_msgs
[3.326s] Invoking command in '/home/dgut/code/Nazarite/build/teb_msgs': AMENT_PREFIX_PATH=/home/dgut/code/Nazarite/install/costmap_converter_msgs:${AMENT_PREFIX_PATH} CMAKE_PREFIX_PATH=/home/dgut/code/Nazarite/install/costmap_converter_msgs:/opt/ros/humble LD_LIBRARY_PATH=/home/dgut/code/Nazarite/install/costmap_converter_msgs/lib:${LD_LIBRARY_PATH} PYTHONPATH=/home/dgut/code/Nazarite/install/costmap_converter_msgs/local/lib/python3.10/dist-packages:${PYTHONPATH} /usr/bin/cmake --build /home/dgut/code/Nazarite/build/teb_msgs -- -j16 -l16
[3.429s] [  2%] Generating C code for ROS interfaces
[3.464s] [  4%] Generating Rust code for ROS interfaces
[3.468s] [  6%] Generating C++ code for ROS interfaces
[3.503s] [  6%] Built target ament_cmake_python_symlink_teb_msgs
[4.008s] [  6%] Built target teb_msgs__rs
[4.172s] running egg_info
[4.173s] creating teb_msgs.egg-info
[4.173s] writing teb_msgs.egg-info/PKG-INFO
[4.173s] writing dependency_links to teb_msgs.egg-info/dependency_links.txt
[4.173s] writing top-level names to teb_msgs.egg-info/top_level.txt
[4.173s] writing manifest file 'teb_msgs.egg-info/SOURCES.txt'
[4.183s] reading manifest file 'teb_msgs.egg-info/SOURCES.txt'
[4.183s] writing manifest file 'teb_msgs.egg-info/SOURCES.txt'
[4.293s] [  6%] Built target ament_cmake_python_build_teb_msgs_egg
[4.426s] [  8%] Building C object CMakeFiles/teb_msgs__rosidl_generator_c.dir/rosidl_generator_c/teb_msgs/msg/detail/feedback_msg__functions.c.o
[4.428s] [ 10%] Building C object CMakeFiles/teb_msgs__rosidl_generator_c.dir/rosidl_generator_c/teb_msgs/msg/detail/trajectory_msg__functions.c.o
[4.428s] [ 12%] Building C object CMakeFiles/teb_msgs__rosidl_generator_c.dir/rosidl_generator_c/teb_msgs/msg/detail/trajectory_point_msg__functions.c.o
[4.483s] [ 12%] Built target teb_msgs__cpp
[4.510s] [ 14%] Generating C++ type support for eProsima Fast-RTPS
[4.518s] [ 16%] Generating C++ introspection for ROS interfaces
[4.524s] [ 18%] Generating C++ type support dispatch for ROS interfaces
[4.550s] [ 20%] Linking C shared library libteb_msgs__rosidl_generator_c.so
[4.672s] [ 20%] Built target teb_msgs__rosidl_generator_c
[4.704s] [ 27%] Generating C introspection for ROS interfaces
[4.704s] [ 27%] Generating C type support for eProsima Fast-RTPS
[4.706s] [ 27%] Generating C type support dispatch for ROS interfaces
[5.279s] [ 29%] Building CXX object CMakeFiles/teb_msgs__rosidl_typesupport_c.dir/rosidl_typesupport_c/teb_msgs/msg/feedback_msg__type_support.cpp.o
[5.285s] [ 31%] Building CXX object CMakeFiles/teb_msgs__rosidl_typesupport_cpp.dir/rosidl_typesupport_cpp/teb_msgs/msg/feedback_msg__type_support.cpp.o
[5.285s] [ 33%] Building CXX object CMakeFiles/teb_msgs__rosidl_typesupport_cpp.dir/rosidl_typesupport_cpp/teb_msgs/msg/trajectory_point_msg__type_support.cpp.o
[5.286s] [ 35%] Building CXX object CMakeFiles/teb_msgs__rosidl_typesupport_cpp.dir/rosidl_typesupport_cpp/teb_msgs/msg/trajectory_msg__type_support.cpp.o
[5.293s] [ 37%] Building CXX object CMakeFiles/teb_msgs__rosidl_typesupport_c.dir/rosidl_typesupport_c/teb_msgs/msg/trajectory_point_msg__type_support.cpp.o
[5.295s] [ 39%] Building CXX object CMakeFiles/teb_msgs__rosidl_typesupport_c.dir/rosidl_typesupport_c/teb_msgs/msg/trajectory_msg__type_support.cpp.o
[5.359s] [ 41%] Linking CXX shared library libteb_msgs__rosidl_typesupport_c.so
[5.427s] [ 41%] Built target teb_msgs__rosidl_typesupport_c
[5.440s] [ 45%] Building CXX object CMakeFiles/teb_msgs__rosidl_typesupport_fastrtps_cpp.dir/rosidl_typesupport_fastrtps_cpp/teb_msgs/msg/detail/dds_fastrtps/feedback_msg__type_support.cpp.o
[5.440s] [ 45%] Building CXX object CMakeFiles/teb_msgs__rosidl_typesupport_fastrtps_cpp.dir/rosidl_typesupport_fastrtps_cpp/teb_msgs/msg/detail/dds_fastrtps/trajectory_point_msg__type_support.cpp.o
[5.447s] [ 47%] Building CXX object CMakeFiles/teb_msgs__rosidl_typesupport_fastrtps_cpp.dir/rosidl_typesupport_fastrtps_cpp/teb_msgs/msg/detail/dds_fastrtps/trajectory_msg__type_support.cpp.o
[5.559s] [ 50%] Building CXX object CMakeFiles/teb_msgs__rosidl_typesupport_introspection_cpp.dir/rosidl_typesupport_introspection_cpp/teb_msgs/msg/detail/trajectory_msg__type_support.cpp.o
[5.566s] [ 52%] Building CXX object CMakeFiles/teb_msgs__rosidl_typesupport_introspection_cpp.dir/rosidl_typesupport_introspection_cpp/teb_msgs/msg/detail/feedback_msg__type_support.cpp.o
[5.566s] [ 54%] Building CXX object CMakeFiles/teb_msgs__rosidl_typesupport_introspection_cpp.dir/rosidl_typesupport_introspection_cpp/teb_msgs/msg/detail/trajectory_point_msg__type_support.cpp.o
[5.759s] [ 56%] Building C object CMakeFiles/teb_msgs__rosidl_typesupport_introspection_c.dir/rosidl_typesupport_introspection_c/teb_msgs/msg/detail/trajectory_msg__type_support.c.o
[5.764s] [ 58%] Building C object CMakeFiles/teb_msgs__rosidl_typesupport_introspection_c.dir/rosidl_typesupport_introspection_c/teb_msgs/msg/detail/feedback_msg__type_support.c.o
[5.764s] [ 60%] Building C object CMakeFiles/teb_msgs__rosidl_typesupport_introspection_c.dir/rosidl_typesupport_introspection_c/teb_msgs/msg/detail/trajectory_point_msg__type_support.c.o
[5.769s] [ 62%] Building CXX object CMakeFiles/teb_msgs__rosidl_typesupport_fastrtps_c.dir/rosidl_typesupport_fastrtps_c/teb_msgs/msg/detail/trajectory_msg__type_support_c.cpp.o
[5.774s] [ 64%] Building CXX object CMakeFiles/teb_msgs__rosidl_typesupport_fastrtps_c.dir/rosidl_typesupport_fastrtps_c/teb_msgs/msg/detail/feedback_msg__type_support_c.cpp.o
[5.780s] [ 66%] Building CXX object CMakeFiles/teb_msgs__rosidl_typesupport_fastrtps_c.dir/rosidl_typesupport_fastrtps_c/teb_msgs/msg/detail/trajectory_point_msg__type_support_c.cpp.o
[5.874s] [ 68%] Linking C shared library libteb_msgs__rosidl_typesupport_introspection_c.so
[5.965s] [ 68%] Built target teb_msgs__rosidl_typesupport_introspection_c
[5.997s] [ 70%] Linking CXX shared library libteb_msgs__rosidl_typesupport_cpp.so
[6.097s] [ 70%] Built target teb_msgs__rosidl_typesupport_cpp
[6.673s] [ 72%] Linking CXX shared library libteb_msgs__rosidl_typesupport_fastrtps_c.so
[6.710s] [ 75%] Linking CXX shared library libteb_msgs__rosidl_typesupport_fastrtps_cpp.so
[6.713s] [ 77%] Linking CXX shared library libteb_msgs__rosidl_typesupport_introspection_cpp.so
[6.849s] [ 77%] Built target teb_msgs__rosidl_typesupport_introspection_cpp
[6.896s] [ 77%] Built target teb_msgs__rosidl_typesupport_fastrtps_c
[6.911s] [ 77%] Built target teb_msgs__rosidl_typesupport_fastrtps_cpp
[6.961s] [ 77%] Built target teb_msgs
[7.021s] [ 79%] Generating Python code for ROS interfaces
[8.001s] [ 79%] Built target teb_msgs__py
[8.048s] [ 81%] Building C object CMakeFiles/teb_msgs__rosidl_generator_py.dir/rosidl_generator_py/teb_msgs/msg/_trajectory_msg_s.c.o
[8.052s] [ 83%] Building C object CMakeFiles/teb_msgs__rosidl_generator_py.dir/rosidl_generator_py/teb_msgs/msg/_feedback_msg_s.c.o
[8.053s] [ 85%] Building C object CMakeFiles/teb_msgs__rosidl_generator_py.dir/rosidl_generator_py/teb_msgs/msg/_trajectory_point_msg_s.c.o
[8.268s] [ 87%] Linking C shared library rosidl_generator_py/teb_msgs/libteb_msgs__rosidl_generator_py.so
[8.329s] [ 87%] Built target teb_msgs__rosidl_generator_py
[8.370s] [ 89%] Building C object CMakeFiles/teb_msgs__rosidl_typesupport_c__pyext.dir/rosidl_generator_py/teb_msgs/_teb_msgs_s.ep.rosidl_typesupport_c.c.o
[8.378s] [ 91%] Building C object CMakeFiles/teb_msgs__rosidl_typesupport_fastrtps_c__pyext.dir/rosidl_generator_py/teb_msgs/_teb_msgs_s.ep.rosidl_typesupport_fastrtps_c.c.o
[8.384s] [ 93%] Building C object CMakeFiles/teb_msgs__rosidl_typesupport_introspection_c__pyext.dir/rosidl_generator_py/teb_msgs/_teb_msgs_s.ep.rosidl_typesupport_introspection_c.c.o
[8.486s] [ 95%] Linking C shared library rosidl_generator_py/teb_msgs/teb_msgs_s__rosidl_typesupport_c.cpython-310-x86_64-linux-gnu.so
[8.558s] [ 97%] Linking C shared library rosidl_generator_py/teb_msgs/teb_msgs_s__rosidl_typesupport_introspection_c.cpython-310-x86_64-linux-gnu.so
[8.564s] [100%] Linking C shared library rosidl_generator_py/teb_msgs/teb_msgs_s__rosidl_typesupport_fastrtps_c.cpython-310-x86_64-linux-gnu.so
[8.583s] [100%] Built target teb_msgs__rosidl_typesupport_c__pyext
[8.641s] [100%] Built target teb_msgs__rosidl_typesupport_fastrtps_c__pyext
[8.656s] [100%] Built target teb_msgs__rosidl_typesupport_introspection_c__pyext
[8.906s] Invoked command in '/home/dgut/code/Nazarite/build/teb_msgs' returned '0': AMENT_PREFIX_PATH=/home/dgut/code/Nazarite/install/costmap_converter_msgs:${AMENT_PREFIX_PATH} CMAKE_PREFIX_PATH=/home/dgut/code/Nazarite/install/costmap_converter_msgs:/opt/ros/humble LD_LIBRARY_PATH=/home/dgut/code/Nazarite/install/costmap_converter_msgs/lib:${LD_LIBRARY_PATH} PYTHONPATH=/home/dgut/code/Nazarite/install/costmap_converter_msgs/local/lib/python3.10/dist-packages:${PYTHONPATH} /usr/bin/cmake --build /home/dgut/code/Nazarite/build/teb_msgs -- -j16 -l16
[8.908s] Invoking command in '/home/dgut/code/Nazarite/build/teb_msgs': AMENT_PREFIX_PATH=/home/dgut/code/Nazarite/install/costmap_converter_msgs:${AMENT_PREFIX_PATH} CMAKE_PREFIX_PATH=/home/dgut/code/Nazarite/install/costmap_converter_msgs:/opt/ros/humble LD_LIBRARY_PATH=/home/dgut/code/Nazarite/install/costmap_converter_msgs/lib:${LD_LIBRARY_PATH} PYTHONPATH=/home/dgut/code/Nazarite/install/costmap_converter_msgs/local/lib/python3.10/dist-packages:${PYTHONPATH} /usr/bin/cmake --install /home/dgut/code/Nazarite/build/teb_msgs
[8.919s] -- Install configuration: ""
[8.920s] -- Execute custom install script
[8.920s] -- Symlinking: /home/dgut/code/Nazarite/install/teb_msgs/share/ament_index/resource_index/rosidl_interfaces/teb_msgs
[8.936s] -- Symlinking: /home/dgut/code/Nazarite/install/teb_msgs/include/teb_msgs/teb_msgs/msg/detail/feedback_msg__functions.h
[8.949s] -- Symlinking: /home/dgut/code/Nazarite/install/teb_msgs/include/teb_msgs/teb_msgs/msg/detail/feedback_msg__struct.h
[8.963s] -- Symlinking: /home/dgut/code/Nazarite/install/teb_msgs/include/teb_msgs/teb_msgs/msg/detail/feedback_msg__type_support.h
[8.976s] -- Symlinking: /home/dgut/code/Nazarite/install/teb_msgs/include/teb_msgs/teb_msgs/msg/detail/trajectory_msg__functions.h
[8.990s] -- Symlinking: /home/dgut/code/Nazarite/install/teb_msgs/include/teb_msgs/teb_msgs/msg/detail/trajectory_msg__struct.h
[9.004s] -- Symlinking: /home/dgut/code/Nazarite/install/teb_msgs/include/teb_msgs/teb_msgs/msg/detail/trajectory_msg__type_support.h
[9.018s] -- Symlinking: /home/dgut/code/Nazarite/install/teb_msgs/include/teb_msgs/teb_msgs/msg/detail/trajectory_point_msg__functions.h
[9.033s] -- Symlinking: /home/dgut/code/Nazarite/install/teb_msgs/include/teb_msgs/teb_msgs/msg/detail/trajectory_point_msg__struct.h
[9.047s] -- Symlinking: /home/dgut/code/Nazarite/install/teb_msgs/include/teb_msgs/teb_msgs/msg/detail/trajectory_point_msg__type_support.h
[9.062s] -- Symlinking: /home/dgut/code/Nazarite/install/teb_msgs/include/teb_msgs/teb_msgs/msg/feedback_msg.h
[9.076s] -- Symlinking: /home/dgut/code/Nazarite/install/teb_msgs/include/teb_msgs/teb_msgs/msg/rosidl_generator_c__visibility_control.h
[9.091s] -- Symlinking: /home/dgut/code/Nazarite/install/teb_msgs/include/teb_msgs/teb_msgs/msg/trajectory_msg.h
[9.106s] -- Symlinking: /home/dgut/code/Nazarite/install/teb_msgs/include/teb_msgs/teb_msgs/msg/trajectory_point_msg.h
[9.120s] -- Symlinking: /home/dgut/code/Nazarite/install/teb_msgs/share/teb_msgs/environment/library_path.sh
[9.135s] -- Symlinking: /home/dgut/code/Nazarite/install/teb_msgs/share/teb_msgs/environment/library_path.dsv
[9.150s] -- Symlinking: /home/dgut/code/Nazarite/install/teb_msgs/include/teb_msgs/teb_msgs/msg/detail/feedback_msg__rosidl_typesupport_fastrtps_c.h
[9.164s] -- Symlinking: /home/dgut/code/Nazarite/install/teb_msgs/include/teb_msgs/teb_msgs/msg/detail/trajectory_msg__rosidl_typesupport_fastrtps_c.h
[9.179s] -- Symlinking: /home/dgut/code/Nazarite/install/teb_msgs/include/teb_msgs/teb_msgs/msg/detail/trajectory_point_msg__rosidl_typesupport_fastrtps_c.h
[9.196s] -- Symlinking: /home/dgut/code/Nazarite/install/teb_msgs/include/teb_msgs/teb_msgs/msg/rosidl_typesupport_fastrtps_c__visibility_control.h
[9.211s] -- Symlinking: /home/dgut/code/Nazarite/install/teb_msgs/include/teb_msgs/teb_msgs/msg/detail/feedback_msg__builder.hpp
[9.225s] -- Symlinking: /home/dgut/code/Nazarite/install/teb_msgs/include/teb_msgs/teb_msgs/msg/detail/feedback_msg__struct.hpp
[9.240s] -- Symlinking: /home/dgut/code/Nazarite/install/teb_msgs/include/teb_msgs/teb_msgs/msg/detail/feedback_msg__traits.hpp
[9.254s] -- Symlinking: /home/dgut/code/Nazarite/install/teb_msgs/include/teb_msgs/teb_msgs/msg/detail/feedback_msg__type_support.hpp
[9.267s] -- Symlinking: /home/dgut/code/Nazarite/install/teb_msgs/include/teb_msgs/teb_msgs/msg/detail/trajectory_msg__builder.hpp
[9.280s] -- Symlinking: /home/dgut/code/Nazarite/install/teb_msgs/include/teb_msgs/teb_msgs/msg/detail/trajectory_msg__struct.hpp
[9.295s] -- Symlinking: /home/dgut/code/Nazarite/install/teb_msgs/include/teb_msgs/teb_msgs/msg/detail/trajectory_msg__traits.hpp
[9.309s] -- Symlinking: /home/dgut/code/Nazarite/install/teb_msgs/include/teb_msgs/teb_msgs/msg/detail/trajectory_msg__type_support.hpp
[9.322s] -- Symlinking: /home/dgut/code/Nazarite/install/teb_msgs/include/teb_msgs/teb_msgs/msg/detail/trajectory_point_msg__builder.hpp
[9.337s] -- Symlinking: /home/dgut/code/Nazarite/install/teb_msgs/include/teb_msgs/teb_msgs/msg/detail/trajectory_point_msg__struct.hpp
[9.350s] -- Symlinking: /home/dgut/code/Nazarite/install/teb_msgs/include/teb_msgs/teb_msgs/msg/detail/trajectory_point_msg__traits.hpp
[9.364s] -- Symlinking: /home/dgut/code/Nazarite/install/teb_msgs/include/teb_msgs/teb_msgs/msg/detail/trajectory_point_msg__type_support.hpp
[9.380s] -- Symlinking: /home/dgut/code/Nazarite/install/teb_msgs/include/teb_msgs/teb_msgs/msg/feedback_msg.hpp
[9.394s] -- Symlinking: /home/dgut/code/Nazarite/install/teb_msgs/include/teb_msgs/teb_msgs/msg/rosidl_generator_cpp__visibility_control.hpp
[9.408s] -- Symlinking: /home/dgut/code/Nazarite/install/teb_msgs/include/teb_msgs/teb_msgs/msg/trajectory_msg.hpp
[9.423s] -- Symlinking: /home/dgut/code/Nazarite/install/teb_msgs/include/teb_msgs/teb_msgs/msg/trajectory_point_msg.hpp
[9.438s] -- Symlinking: /home/dgut/code/Nazarite/install/teb_msgs/include/teb_msgs/teb_msgs/msg/detail/feedback_msg__rosidl_typesupport_fastrtps_cpp.hpp
[9.452s] -- Symlinking: /home/dgut/code/Nazarite/install/teb_msgs/include/teb_msgs/teb_msgs/msg/detail/trajectory_msg__rosidl_typesupport_fastrtps_cpp.hpp
[9.466s] -- Symlinking: /home/dgut/code/Nazarite/install/teb_msgs/include/teb_msgs/teb_msgs/msg/detail/trajectory_point_msg__rosidl_typesupport_fastrtps_cpp.hpp
[9.481s] -- Symlinking: /home/dgut/code/Nazarite/install/teb_msgs/include/teb_msgs/teb_msgs/msg/rosidl_typesupport_fastrtps_cpp__visibility_control.h
[9.495s] -- Symlinking: /home/dgut/code/Nazarite/install/teb_msgs/include/teb_msgs/teb_msgs/msg/detail/feedback_msg__rosidl_typesupport_introspection_c.h
[9.508s] -- Symlinking: /home/dgut/code/Nazarite/install/teb_msgs/include/teb_msgs/teb_msgs/msg/detail/trajectory_msg__rosidl_typesupport_introspection_c.h
[9.522s] -- Symlinking: /home/dgut/code/Nazarite/install/teb_msgs/include/teb_msgs/teb_msgs/msg/detail/trajectory_point_msg__rosidl_typesupport_introspection_c.h
[9.535s] -- Symlinking: /home/dgut/code/Nazarite/install/teb_msgs/include/teb_msgs/teb_msgs/msg/rosidl_typesupport_introspection_c__visibility_control.h
[9.548s] -- Symlinking: /home/dgut/code/Nazarite/install/teb_msgs/include/teb_msgs/teb_msgs/msg/detail/feedback_msg__rosidl_typesupport_introspection_cpp.hpp
[9.561s] -- Symlinking: /home/dgut/code/Nazarite/install/teb_msgs/include/teb_msgs/teb_msgs/msg/detail/trajectory_msg__rosidl_typesupport_introspection_cpp.hpp
[9.574s] -- Symlinking: /home/dgut/code/Nazarite/install/teb_msgs/include/teb_msgs/teb_msgs/msg/detail/trajectory_point_msg__rosidl_typesupport_introspection_cpp.hpp
[9.587s] -- Symlinking: /home/dgut/code/Nazarite/install/teb_msgs/share/teb_msgs/environment/pythonpath.sh
[9.601s] -- Symlinking: /home/dgut/code/Nazarite/install/teb_msgs/share/teb_msgs/environment/pythonpath.dsv
[9.615s] -- Symlinking: /home/dgut/code/Nazarite/install/teb_msgs/local/lib/python3.10/dist-packages/teb_msgs-0.0.1-py3.10.egg-info/PKG-INFO
[9.628s] -- Symlinking: /home/dgut/code/Nazarite/install/teb_msgs/local/lib/python3.10/dist-packages/teb_msgs-0.0.1-py3.10.egg-info/SOURCES.txt
[9.643s] -- Symlinking: /home/dgut/code/Nazarite/install/teb_msgs/local/lib/python3.10/dist-packages/teb_msgs-0.0.1-py3.10.egg-info/dependency_links.txt
[9.658s] -- Symlinking: /home/dgut/code/Nazarite/install/teb_msgs/local/lib/python3.10/dist-packages/teb_msgs-0.0.1-py3.10.egg-info/top_level.txt
[9.673s] -- Symlinking: /home/dgut/code/Nazarite/install/teb_msgs/local/lib/python3.10/dist-packages/teb_msgs/__init__.py
[9.688s] -- Symlinking: /home/dgut/code/Nazarite/install/teb_msgs/local/lib/python3.10/dist-packages/teb_msgs/_teb_msgs_s.ep.rosidl_typesupport_c.c
[9.707s] -- Symlinking: /home/dgut/code/Nazarite/install/teb_msgs/local/lib/python3.10/dist-packages/teb_msgs/_teb_msgs_s.ep.rosidl_typesupport_fastrtps_c.c
[9.720s] -- Symlinking: /home/dgut/code/Nazarite/install/teb_msgs/local/lib/python3.10/dist-packages/teb_msgs/_teb_msgs_s.ep.rosidl_typesupport_introspection_c.c
[9.735s] -- Symlinking: /home/dgut/code/Nazarite/install/teb_msgs/local/lib/python3.10/dist-packages/teb_msgs/libteb_msgs__rosidl_generator_py.so
[9.749s] -- Symlinking: /home/dgut/code/Nazarite/install/teb_msgs/local/lib/python3.10/dist-packages/teb_msgs/msg/__init__.py
[9.765s] -- Symlinking: /home/dgut/code/Nazarite/install/teb_msgs/local/lib/python3.10/dist-packages/teb_msgs/msg/_feedback_msg.py
[9.782s] -- Symlinking: /home/dgut/code/Nazarite/install/teb_msgs/local/lib/python3.10/dist-packages/teb_msgs/msg/_feedback_msg_s.c
[9.798s] -- Symlinking: /home/dgut/code/Nazarite/install/teb_msgs/local/lib/python3.10/dist-packages/teb_msgs/msg/_trajectory_msg.py
[9.820s] -- Symlinking: /home/dgut/code/Nazarite/install/teb_msgs/local/lib/python3.10/dist-packages/teb_msgs/msg/_trajectory_msg_s.c
[9.835s] -- Symlinking: /home/dgut/code/Nazarite/install/teb_msgs/local/lib/python3.10/dist-packages/teb_msgs/msg/_trajectory_point_msg.py
[9.848s] -- Symlinking: /home/dgut/code/Nazarite/install/teb_msgs/local/lib/python3.10/dist-packages/teb_msgs/msg/_trajectory_point_msg_s.c
[9.861s] -- Symlinking: /home/dgut/code/Nazarite/install/teb_msgs/local/lib/python3.10/dist-packages/teb_msgs/teb_msgs_s__rosidl_typesupport_c.cpython-310-x86_64-linux-gnu.so
[9.877s] -- Symlinking: /home/dgut/code/Nazarite/install/teb_msgs/local/lib/python3.10/dist-packages/teb_msgs/teb_msgs_s__rosidl_typesupport_fastrtps_c.cpython-310-x86_64-linux-gnu.so
[9.890s] -- Symlinking: /home/dgut/code/Nazarite/install/teb_msgs/local/lib/python3.10/dist-packages/teb_msgs/teb_msgs_s__rosidl_typesupport_introspection_c.cpython-310-x86_64-linux-gnu.so
[9.907s] -- Up-to-date symlink: /home/dgut/code/Nazarite/install/teb_msgs/local/lib/python3.10/dist-packages/teb_msgs/teb_msgs_s__rosidl_typesupport_fastrtps_c.cpython-310-x86_64-linux-gnu.so
[9.907s] -- Up-to-date symlink: /home/dgut/code/Nazarite/install/teb_msgs/local/lib/python3.10/dist-packages/teb_msgs/teb_msgs_s__rosidl_typesupport_introspection_c.cpython-310-x86_64-linux-gnu.so
[9.907s] -- Up-to-date symlink: /home/dgut/code/Nazarite/install/teb_msgs/local/lib/python3.10/dist-packages/teb_msgs/teb_msgs_s__rosidl_typesupport_c.cpython-310-x86_64-linux-gnu.so
[9.907s] -- Symlinking: /home/dgut/code/Nazarite/install/teb_msgs/share/ament_index/resource_index/rust_packages/teb_msgs
[9.917s] -- Symlinking: /home/dgut/code/Nazarite/install/teb_msgs/share/teb_msgs/rust/Cargo.toml
[9.930s] -- Symlinking: /home/dgut/code/Nazarite/install/teb_msgs/share/teb_msgs/rust/build.rs
[9.943s] -- Symlinking: /home/dgut/code/Nazarite/install/teb_msgs/share/teb_msgs/rust/src/lib.rs
[9.955s] -- Symlinking: /home/dgut/code/Nazarite/install/teb_msgs/share/teb_msgs/rust/src/msg.rs
[9.969s] -- Symlinking: /home/dgut/code/Nazarite/install/teb_msgs/share/teb_msgs/rust/src/msg/rmw.rs
[9.981s] -- Symlinking: /home/dgut/code/Nazarite/install/teb_msgs/share/teb_msgs/msg/FeedbackMsg.idl
[9.994s] -- Symlinking: /home/dgut/code/Nazarite/install/teb_msgs/share/teb_msgs/msg/TrajectoryMsg.idl
[10.006s] -- Symlinking: /home/dgut/code/Nazarite/install/teb_msgs/share/teb_msgs/msg/TrajectoryPointMsg.idl
[10.018s] -- Symlinking: /home/dgut/code/Nazarite/install/teb_msgs/share/teb_msgs/msg/FeedbackMsg.msg
[10.033s] -- Symlinking: /home/dgut/code/Nazarite/install/teb_msgs/share/teb_msgs/msg/TrajectoryMsg.msg
[10.045s] -- Symlinking: /home/dgut/code/Nazarite/install/teb_msgs/share/teb_msgs/msg/TrajectoryPointMsg.msg
[10.057s] -- Symlinking: /home/dgut/code/Nazarite/install/teb_msgs/share/ament_index/resource_index/package_run_dependencies/teb_msgs
[10.071s] -- Symlinking: /home/dgut/code/Nazarite/install/teb_msgs/share/ament_index/resource_index/parent_prefix_path/teb_msgs
[10.084s] -- Symlinking: /home/dgut/code/Nazarite/install/teb_msgs/share/teb_msgs/environment/ament_prefix_path.sh
[10.097s] -- Symlinking: /home/dgut/code/Nazarite/install/teb_msgs/share/teb_msgs/environment/ament_prefix_path.dsv
[10.110s] -- Symlinking: /home/dgut/code/Nazarite/install/teb_msgs/share/teb_msgs/environment/path.sh
[10.122s] -- Symlinking: /home/dgut/code/Nazarite/install/teb_msgs/share/teb_msgs/environment/path.dsv
[10.134s] -- Symlinking: /home/dgut/code/Nazarite/install/teb_msgs/share/teb_msgs/local_setup.bash
[10.146s] -- Symlinking: /home/dgut/code/Nazarite/install/teb_msgs/share/teb_msgs/local_setup.sh
[10.159s] -- Symlinking: /home/dgut/code/Nazarite/install/teb_msgs/share/teb_msgs/local_setup.zsh
[10.172s] -- Symlinking: /home/dgut/code/Nazarite/install/teb_msgs/share/teb_msgs/local_setup.dsv
[10.184s] -- Symlinking: /home/dgut/code/Nazarite/install/teb_msgs/share/teb_msgs/package.dsv
[10.196s] -- Symlinking: /home/dgut/code/Nazarite/install/teb_msgs/share/ament_index/resource_index/packages/teb_msgs
[10.209s] -- Symlinking: /home/dgut/code/Nazarite/install/teb_msgs/share/teb_msgs/cmake/rosidl_cmake-extras.cmake
[10.221s] -- Symlinking: /home/dgut/code/Nazarite/install/teb_msgs/share/teb_msgs/cmake/ament_cmake_export_dependencies-extras.cmake
[10.232s] -- Symlinking: /home/dgut/code/Nazarite/install/teb_msgs/share/teb_msgs/cmake/ament_cmake_export_include_directories-extras.cmake
[10.243s] -- Symlinking: /home/dgut/code/Nazarite/install/teb_msgs/share/teb_msgs/cmake/ament_cmake_export_libraries-extras.cmake
[10.252s] -- Symlinking: /home/dgut/code/Nazarite/install/teb_msgs/share/teb_msgs/cmake/ament_cmake_export_targets-extras.cmake
[10.264s] -- Symlinking: /home/dgut/code/Nazarite/install/teb_msgs/share/teb_msgs/cmake/rosidl_cmake_export_typesupport_targets-extras.cmake
[10.279s] -- Symlinking: /home/dgut/code/Nazarite/install/teb_msgs/share/teb_msgs/cmake/rosidl_cmake_export_typesupport_libraries-extras.cmake
[10.290s] -- Symlinking: /home/dgut/code/Nazarite/install/teb_msgs/share/teb_msgs/cmake/teb_msgsConfig.cmake
[10.300s] -- Symlinking: /home/dgut/code/Nazarite/install/teb_msgs/share/teb_msgs/cmake/teb_msgsConfig-version.cmake
[10.313s] -- Symlinking: /home/dgut/code/Nazarite/install/teb_msgs/share/teb_msgs/package.xml
[10.327s] -- Installing: /home/dgut/code/Nazarite/install/teb_msgs/lib/libteb_msgs__rosidl_generator_c.so
[10.327s] -- Set runtime path of "/home/dgut/code/Nazarite/install/teb_msgs/lib/libteb_msgs__rosidl_generator_c.so" to ""
[10.327s] -- Installing: /home/dgut/code/Nazarite/install/teb_msgs/lib/libteb_msgs__rosidl_typesupport_fastrtps_c.so
[10.327s] -- Set runtime path of "/home/dgut/code/Nazarite/install/teb_msgs/lib/libteb_msgs__rosidl_typesupport_fastrtps_c.so" to ""
[10.327s] -- Installing: /home/dgut/code/Nazarite/install/teb_msgs/lib/libteb_msgs__rosidl_typesupport_fastrtps_cpp.so
[10.327s] -- Set runtime path of "/home/dgut/code/Nazarite/install/teb_msgs/lib/libteb_msgs__rosidl_typesupport_fastrtps_cpp.so" to ""
[10.327s] -- Installing: /home/dgut/code/Nazarite/install/teb_msgs/lib/libteb_msgs__rosidl_typesupport_introspection_c.so
[10.327s] -- Set runtime path of "/home/dgut/code/Nazarite/install/teb_msgs/lib/libteb_msgs__rosidl_typesupport_introspection_c.so" to ""
[10.327s] -- Installing: /home/dgut/code/Nazarite/install/teb_msgs/lib/libteb_msgs__rosidl_typesupport_c.so
[10.327s] -- Set runtime path of "/home/dgut/code/Nazarite/install/teb_msgs/lib/libteb_msgs__rosidl_typesupport_c.so" to ""
[10.327s] -- Installing: /home/dgut/code/Nazarite/install/teb_msgs/lib/libteb_msgs__rosidl_typesupport_introspection_cpp.so
[10.327s] -- Set runtime path of "/home/dgut/code/Nazarite/install/teb_msgs/lib/libteb_msgs__rosidl_typesupport_introspection_cpp.so" to ""
[10.327s] -- Installing: /home/dgut/code/Nazarite/install/teb_msgs/lib/libteb_msgs__rosidl_typesupport_cpp.so
[10.328s] -- Set runtime path of "/home/dgut/code/Nazarite/install/teb_msgs/lib/libteb_msgs__rosidl_typesupport_cpp.so" to ""
[10.370s] Listing '/home/dgut/code/Nazarite/install/teb_msgs/local/lib/python3.10/dist-packages/teb_msgs'...
[10.370s] Compiling '/home/dgut/code/Nazarite/install/teb_msgs/local/lib/python3.10/dist-packages/teb_msgs/__init__.py'...
[10.370s] Listing '/home/dgut/code/Nazarite/install/teb_msgs/local/lib/python3.10/dist-packages/teb_msgs/msg'...
[10.370s] Compiling '/home/dgut/code/Nazarite/install/teb_msgs/local/lib/python3.10/dist-packages/teb_msgs/msg/__init__.py'...
[10.371s] Compiling '/home/dgut/code/Nazarite/install/teb_msgs/local/lib/python3.10/dist-packages/teb_msgs/msg/_feedback_msg.py'...
[10.371s] Compiling '/home/dgut/code/Nazarite/install/teb_msgs/local/lib/python3.10/dist-packages/teb_msgs/msg/_trajectory_msg.py'...
[10.371s] Compiling '/home/dgut/code/Nazarite/install/teb_msgs/local/lib/python3.10/dist-packages/teb_msgs/msg/_trajectory_point_msg.py'...
[10.379s] -- Installing: /home/dgut/code/Nazarite/install/teb_msgs/lib/libteb_msgs__rosidl_generator_py.so
[10.383s] -- Set runtime path of "/home/dgut/code/Nazarite/install/teb_msgs/lib/libteb_msgs__rosidl_generator_py.so" to ""
[10.383s] -- Installing: /home/dgut/code/Nazarite/install/teb_msgs/share/teb_msgs/cmake/export_teb_msgs__rosidl_generator_cExport.cmake
[10.383s] -- Installing: /home/dgut/code/Nazarite/install/teb_msgs/share/teb_msgs/cmake/export_teb_msgs__rosidl_generator_cExport-noconfig.cmake
[10.383s] -- Installing: /home/dgut/code/Nazarite/install/teb_msgs/share/teb_msgs/cmake/export_teb_msgs__rosidl_typesupport_fastrtps_cExport.cmake
[10.383s] -- Installing: /home/dgut/code/Nazarite/install/teb_msgs/share/teb_msgs/cmake/export_teb_msgs__rosidl_typesupport_fastrtps_cExport-noconfig.cmake
[10.383s] -- Installing: /home/dgut/code/Nazarite/install/teb_msgs/share/teb_msgs/cmake/export_teb_msgs__rosidl_generator_cppExport.cmake
[10.383s] -- Installing: /home/dgut/code/Nazarite/install/teb_msgs/share/teb_msgs/cmake/export_teb_msgs__rosidl_typesupport_fastrtps_cppExport.cmake
[10.383s] -- Installing: /home/dgut/code/Nazarite/install/teb_msgs/share/teb_msgs/cmake/export_teb_msgs__rosidl_typesupport_fastrtps_cppExport-noconfig.cmake
[10.383s] -- Installing: /home/dgut/code/Nazarite/install/teb_msgs/share/teb_msgs/cmake/teb_msgs__rosidl_typesupport_introspection_cExport.cmake
[10.383s] -- Installing: /home/dgut/code/Nazarite/install/teb_msgs/share/teb_msgs/cmake/teb_msgs__rosidl_typesupport_introspection_cExport-noconfig.cmake
[10.383s] -- Installing: /home/dgut/code/Nazarite/install/teb_msgs/share/teb_msgs/cmake/teb_msgs__rosidl_typesupport_cExport.cmake
[10.383s] -- Installing: /home/dgut/code/Nazarite/install/teb_msgs/share/teb_msgs/cmake/teb_msgs__rosidl_typesupport_cExport-noconfig.cmake
[10.383s] -- Installing: /home/dgut/code/Nazarite/install/teb_msgs/share/teb_msgs/cmake/teb_msgs__rosidl_typesupport_introspection_cppExport.cmake
[10.383s] -- Installing: /home/dgut/code/Nazarite/install/teb_msgs/share/teb_msgs/cmake/teb_msgs__rosidl_typesupport_introspection_cppExport-noconfig.cmake
[10.383s] -- Installing: /home/dgut/code/Nazarite/install/teb_msgs/share/teb_msgs/cmake/teb_msgs__rosidl_typesupport_cppExport.cmake
[10.384s] -- Installing: /home/dgut/code/Nazarite/install/teb_msgs/share/teb_msgs/cmake/teb_msgs__rosidl_typesupport_cppExport-noconfig.cmake
[10.384s] -- Installing: /home/dgut/code/Nazarite/install/teb_msgs/share/teb_msgs/cmake/export_teb_msgs__rosidl_generator_pyExport.cmake
[10.385s] -- Installing: /home/dgut/code/Nazarite/install/teb_msgs/share/teb_msgs/cmake/export_teb_msgs__rosidl_generator_pyExport-noconfig.cmake
[11.341s] Invoked command in '/home/dgut/code/Nazarite/build/teb_msgs' returned '0': AMENT_PREFIX_PATH=/home/dgut/code/Nazarite/install/costmap_converter_msgs:${AMENT_PREFIX_PATH} CMAKE_PREFIX_PATH=/home/dgut/code/Nazarite/install/costmap_converter_msgs:/opt/ros/humble LD_LIBRARY_PATH=/home/dgut/code/Nazarite/install/costmap_converter_msgs/lib:${LD_LIBRARY_PATH} PYTHONPATH=/home/dgut/code/Nazarite/install/costmap_converter_msgs/local/lib/python3.10/dist-packages:${PYTHONPATH} /usr/bin/cmake --install /home/dgut/code/Nazarite/build/teb_msgs
